[0.006s] Invoking command in '/home/farhan-sw/Documents/Github/nebula/nebula-ws/build/nebula_config': CMAKE_PREFIX_PATH=${CMAKE_PREFIX_PATH}:/opt/ros/humble /usr/bin/cmake /home/farhan-sw/Documents/Github/nebula/nebula-ws/src/nebula_config -DCMAKE_INSTALL_PREFIX=/home/farhan-sw/Documents/Github/nebula/nebula-ws/install/nebula_config
[0.039s] -- The C compiler identification is GNU 11.4.0
[0.073s] -- The CXX compiler identification is GNU 11.4.0
[0.077s] -- Detecting C compiler ABI info
[0.133s] -- Detecting C compiler ABI info - done
[0.143s] -- Check for working C compiler: /usr/bin/cc - skipped
[0.143s] -- Detecting C compile features
[0.144s] -- Detecting C compile features - done
[0.147s] -- Detecting CXX compiler ABI info
[0.215s] -- Detecting CXX compiler ABI info - done
[0.223s] -- Check for working CXX compiler: /usr/bin/c++ - skipped
[0.223s] -- Detecting CXX compile features
[0.223s] -- Detecting CXX compile features - done
[0.226s] -- Found ament_cmake: 1.3.9 (/opt/ros/humble/share/ament_cmake/cmake)
[0.318s] -- Found Python3: /usr/bin/python3 (found version "3.10.12") found components: Interpreter 
[0.366s] [31mCMake Error at CMakeLists.txt:14 (intall):
[0.366s]   Unknown CMake command "intall".
[0.366s] 
[0.366s] [0m
[0.366s] -- Configuring incomplete, errors occurred!
[0.366s] See also "/home/farhan-sw/Documents/Github/nebula/nebula-ws/build/nebula_config/CMakeFiles/CMakeOutput.log".
[0.370s] Invoked command in '/home/farhan-sw/Documents/Github/nebula/nebula-ws/build/nebula_config' returned '1': CMAKE_PREFIX_PATH=${CMAKE_PREFIX_PATH}:/opt/ros/humble /usr/bin/cmake /home/farhan-sw/Documents/Github/nebula/nebula-ws/src/nebula_config -DCMAKE_INSTALL_PREFIX=/home/farhan-sw/Documents/Github/nebula/nebula-ws/install/nebula_config
