-- The C compiler identification is GNU 11.4.0
-- The CXX compiler identification is GNU 11.4.0
-- Detecting C compiler ABI info
-- Detecting C compiler ABI info - done
-- Check for working C compiler: /usr/bin/cc - skipped
-- Detecting C compile features
-- Detecting C compile features - done
-- Detecting CXX compiler ABI info
-- Detecting CXX compiler ABI info - done
-- Check for working CXX compiler: /usr/bin/c++ - skipped
-- Detecting CXX compile features
-- Detecting CXX compile features - done
-- Found ament_cmake: 1.3.9 (/opt/ros/humble/share/ament_cmake/cmake)
-- Found Python3: /usr/bin/python3 (found version "3.10.12") found components: Interpreter 
-- Found ament_lint_auto: 0.12.11 (/opt/ros/humble/share/ament_lint_auto/cmake)
-- Added test 'lint_cmake' to check CMake code style
-- Added test 'xmllint' to check XML markup files
-- Configuring done
-- Generating done
-- Build files have been written to: /home/farhan-sw/Documents/Github/nebula/nebula-ws/build/nebula_bringup
-- Install configuration: ""
-- Installing: /home/farhan-sw/Documents/Github/nebula/nebula-ws/install/nebula_bringup/share/ament_index/resource_index/package_run_dependencies/nebula_bringup
-- Installing: /home/farhan-sw/Documents/Github/nebula/nebula-ws/install/nebula_bringup/share/ament_index/resource_index/parent_prefix_path/nebula_bringup
-- Installing: /home/farhan-sw/Documents/Github/nebula/nebula-ws/install/nebula_bringup/share/nebula_bringup/environment/ament_prefix_path.sh
-- Installing: /home/farhan-sw/Documents/Github/nebula/nebula-ws/install/nebula_bringup/share/nebula_bringup/environment/ament_prefix_path.dsv
-- Installing: /home/farhan-sw/Documents/Github/nebula/nebula-ws/install/nebula_bringup/share/nebula_bringup/environment/path.sh
-- Installing: /home/farhan-sw/Documents/Github/nebula/nebula-ws/install/nebula_bringup/share/nebula_bringup/environment/path.dsv
-- Installing: /home/farhan-sw/Documents/Github/nebula/nebula-ws/install/nebula_bringup/share/nebula_bringup/local_setup.bash
-- Installing: /home/farhan-sw/Documents/Github/nebula/nebula-ws/install/nebula_bringup/share/nebula_bringup/local_setup.sh
-- Installing: /home/farhan-sw/Documents/Github/nebula/nebula-ws/install/nebula_bringup/share/nebula_bringup/local_setup.zsh
-- Installing: /home/farhan-sw/Documents/Github/nebula/nebula-ws/install/nebula_bringup/share/nebula_bringup/local_setup.dsv
-- Installing: /home/farhan-sw/Documents/Github/nebula/nebula-ws/install/nebula_bringup/share/nebula_bringup/package.dsv
-- Installing: /home/farhan-sw/Documents/Github/nebula/nebula-ws/install/nebula_bringup/share/ament_index/resource_index/packages/nebula_bringup
-- Installing: /home/farhan-sw/Documents/Github/nebula/nebula-ws/install/nebula_bringup/share/nebula_bringup/cmake/nebula_bringupConfig.cmake
-- Installing: /home/farhan-sw/Documents/Github/nebula/nebula-ws/install/nebula_bringup/share/nebula_bringup/cmake/nebula_bringupConfig-version.cmake
-- Installing: /home/farhan-sw/Documents/Github/nebula/nebula-ws/install/nebula_bringup/share/nebula_bringup/package.xml
