-- Found ament_cmake: 1.3.9 (/opt/ros/humble/share/ament_cmake/cmake)
-- Found ament_lint_auto: 0.12.11 (/opt/ros/humble/share/ament_lint_auto/cmake)
-- Added test 'lint_cmake' to check CMake code style
-- Added test 'xmllint' to check XML markup files
-- Configuring done
-- Generating done
-- Build files have been written to: /home/farhan-sw/Documents/Github/nebula/nebula-ws/build/nebula_config
-- Install configuration: ""
-- Up-to-date: /home/farhan-sw/Documents/Github/nebula/nebula-ws/install/nebula_config/share/ament_index/resource_index/package_run_dependencies/nebula_config
-- Up-to-date: /home/farhan-sw/Documents/Github/nebula/nebula-ws/install/nebula_config/share/ament_index/resource_index/parent_prefix_path/nebula_config
-- Up-to-date: /home/farhan-sw/Documents/Github/nebula/nebula-ws/install/nebula_config/share/nebula_config/environment/ament_prefix_path.sh
-- Installing: /home/farhan-sw/Documents/Github/nebula/nebula-ws/install/nebula_config/share/nebula_config/environment/ament_prefix_path.dsv
-- Up-to-date: /home/farhan-sw/Documents/Github/nebula/nebula-ws/install/nebula_config/share/nebula_config/environment/path.sh
-- Installing: /home/farhan-sw/Documents/Github/nebula/nebula-ws/install/nebula_config/share/nebula_config/environment/path.dsv
-- Up-to-date: /home/farhan-sw/Documents/Github/nebula/nebula-ws/install/nebula_config/share/nebula_config/local_setup.bash
-- Up-to-date: /home/farhan-sw/Documents/Github/nebula/nebula-ws/install/nebula_config/share/nebula_config/local_setup.sh
-- Up-to-date: /home/farhan-sw/Documents/Github/nebula/nebula-ws/install/nebula_config/share/nebula_config/local_setup.zsh
-- Installing: /home/farhan-sw/Documents/Github/nebula/nebula-ws/install/nebula_config/share/nebula_config/local_setup.dsv
-- Installing: /home/farhan-sw/Documents/Github/nebula/nebula-ws/install/nebula_config/share/nebula_config/package.dsv
-- Up-to-date: /home/farhan-sw/Documents/Github/nebula/nebula-ws/install/nebula_config/share/ament_index/resource_index/packages/nebula_config
-- Up-to-date: /home/farhan-sw/Documents/Github/nebula/nebula-ws/install/nebula_config/share/nebula_config/cmake/nebula_configConfig.cmake
-- Up-to-date: /home/farhan-sw/Documents/Github/nebula/nebula-ws/install/nebula_config/share/nebula_config/cmake/nebula_configConfig-version.cmake
-- Installing: /home/farhan-sw/Documents/Github/nebula/nebula-ws/install/nebula_config/share/nebula_config/package.xml
