[0.007s] Invoking command in '/home/farhan-sw/Documents/Github/nebula/nebula-ws/build/nebula_config': CMAKE_PREFIX_PATH=${CMAKE_PREFIX_PATH}:/opt/ros/humble /usr/bin/cmake --build /home/farhan-sw/Documents/Github/nebula/nebula-ws/build/nebula_config -- -j16 -l16
[0.021s] -- Found ament_cmake: 1.3.9 (/opt/ros/humble/share/ament_cmake/cmake)
[0.096s] -- Found ament_lint_auto: 0.12.11 (/opt/ros/humble/share/ament_lint_auto/cmake)
[0.141s] -- Added test 'lint_cmake' to check CMake code style
[0.141s] -- Added test 'xmllint' to check XML markup files
[0.142s] -- Configuring done
[0.143s] -- Generating done
[0.144s] -- Build files have been written to: /home/farhan-sw/Documents/Github/nebula/nebula-ws/build/nebula_config
[0.157s] Invoked command in '/home/farhan-sw/Documents/Github/nebula/nebula-ws/build/nebula_config' returned '0': CMAKE_PREFIX_PATH=${CMAKE_PREFIX_PATH}:/opt/ros/humble /usr/bin/cmake --build /home/farhan-sw/Documents/Github/nebula/nebula-ws/build/nebula_config -- -j16 -l16
[0.171s] Invoking command in '/home/farhan-sw/Documents/Github/nebula/nebula-ws/build/nebula_config': CMAKE_PREFIX_PATH=${CMAKE_PREFIX_PATH}:/opt/ros/humble /usr/bin/cmake --install /home/farhan-sw/Documents/Github/nebula/nebula-ws/build/nebula_config
[0.179s] -- Install configuration: ""
[0.179s] -- Up-to-date: /home/farhan-sw/Documents/Github/nebula/nebula-ws/install/nebula_config/share/ament_index/resource_index/package_run_dependencies/nebula_config
[0.179s] -- Up-to-date: /home/farhan-sw/Documents/Github/nebula/nebula-ws/install/nebula_config/share/ament_index/resource_index/parent_prefix_path/nebula_config
[0.179s] -- Up-to-date: /home/farhan-sw/Documents/Github/nebula/nebula-ws/install/nebula_config/share/nebula_config/environment/ament_prefix_path.sh
[0.179s] -- Installing: /home/farhan-sw/Documents/Github/nebula/nebula-ws/install/nebula_config/share/nebula_config/environment/ament_prefix_path.dsv
[0.180s] -- Up-to-date: /home/farhan-sw/Documents/Github/nebula/nebula-ws/install/nebula_config/share/nebula_config/environment/path.sh
[0.180s] -- Installing: /home/farhan-sw/Documents/Github/nebula/nebula-ws/install/nebula_config/share/nebula_config/environment/path.dsv
[0.180s] -- Up-to-date: /home/farhan-sw/Documents/Github/nebula/nebula-ws/install/nebula_config/share/nebula_config/local_setup.bash
[0.180s] -- Up-to-date: /home/farhan-sw/Documents/Github/nebula/nebula-ws/install/nebula_config/share/nebula_config/local_setup.sh
[0.180s] -- Up-to-date: /home/farhan-sw/Documents/Github/nebula/nebula-ws/install/nebula_config/share/nebula_config/local_setup.zsh
[0.180s] -- Installing: /home/farhan-sw/Documents/Github/nebula/nebula-ws/install/nebula_config/share/nebula_config/local_setup.dsv
[0.180s] -- Installing: /home/farhan-sw/Documents/Github/nebula/nebula-ws/install/nebula_config/share/nebula_config/package.dsv
[0.180s] -- Up-to-date: /home/farhan-sw/Documents/Github/nebula/nebula-ws/install/nebula_config/share/ament_index/resource_index/packages/nebula_config
[0.180s] -- Up-to-date: /home/farhan-sw/Documents/Github/nebula/nebula-ws/install/nebula_config/share/nebula_config/cmake/nebula_configConfig.cmake
[0.180s] -- Up-to-date: /home/farhan-sw/Documents/Github/nebula/nebula-ws/install/nebula_config/share/nebula_config/cmake/nebula_configConfig-version.cmake
[0.180s] -- Installing: /home/farhan-sw/Documents/Github/nebula/nebula-ws/install/nebula_config/share/nebula_config/package.xml
[0.182s] Invoked command in '/home/farhan-sw/Documents/Github/nebula/nebula-ws/build/nebula_config' returned '0': CMAKE_PREFIX_PATH=${CMAKE_PREFIX_PATH}:/opt/ros/humble /usr/bin/cmake --install /home/farhan-sw/Documents/Github/nebula/nebula-ws/build/nebula_config
