[0.014s] Invoking command in '/home/farhan-sw/Documents/Github/nebula/nebula-ws/build/ros2_socketcan_msgs': CMAKE_PREFIX_PATH=${CMAKE_PREFIX_PATH}:/opt/ros/humble /usr/bin/cmake /home/farhan-sw/Documents/Github/nebula/nebula-ws/src/ros2_socketcan/ros2_socketcan_msgs -DCMAKE_INSTALL_PREFIX=/home/farhan-sw/Documents/Github/nebula/nebula-ws/install/ros2_socketcan_msgs
[0.111s] -- The C compiler identification is GNU 11.4.0
[0.199s] -- The CXX compiler identification is GNU 11.4.0
[0.207s] -- Detecting C compiler ABI info
[0.293s] -- Detecting C compiler ABI info - done
[0.297s] -- Check for working C compiler: /usr/bin/cc - skipped
[0.298s] -- Detecting C compile features
[0.298s] -- Detecting C compile features - done
[0.301s] -- Detecting CXX compiler ABI info
[0.352s] -- Detecting CXX compiler ABI info - done
[0.356s] -- Check for working CXX compiler: /usr/bin/c++ - skipped
[0.357s] -- Detecting CXX compile features
[0.357s] -- Detecting CXX compile features - done
[0.359s] -- Found ament_cmake_auto: 1.3.9 (/opt/ros/humble/share/ament_cmake_auto/cmake)
[0.471s] -- Found Python3: /usr/bin/python3 (found version "3.10.12") found components: Interpreter 
[0.581s] -- Using all available rosidl_typesupport_c: rosidl_typesupport_fastrtps_c;rosidl_typesupport_introspection_c
[0.587s] -- Found rosidl_adapter: 3.1.5 (/opt/ros/humble/share/rosidl_adapter/cmake)
[0.634s] -- Using all available rosidl_typesupport_cpp: rosidl_typesupport_fastrtps_cpp;rosidl_typesupport_introspection_cpp
[0.833s] -- Found ament_cmake_cppcheck: 0.12.11 (/opt/ros/humble/share/ament_cmake_cppcheck/cmake)
[0.835s] -- Found ament_cmake_cpplint: 0.12.11 (/opt/ros/humble/share/ament_cmake_cpplint/cmake)
[0.837s] -- Found ament_cmake_uncrustify: 0.12.11 (/opt/ros/humble/share/ament_cmake_uncrustify/cmake)
[0.840s] -- Found ament_cmake_ros: 0.10.0 (/opt/ros/humble/share/ament_cmake_ros/cmake)
[0.979s] -- Using all available rosidl_typesupport_c: rosidl_typesupport_fastrtps_c;rosidl_typesupport_introspection_c
[1.170s] -- Using all available rosidl_typesupport_cpp: rosidl_typesupport_fastrtps_cpp;rosidl_typesupport_introspection_cpp
[1.194s] -- Found PythonInterp: /usr/bin/python3 (found suitable version "3.10.12", minimum required is "3.6") 
[1.195s] -- Found python_cmake_module: 0.10.0 (/opt/ros/humble/share/python_cmake_module/cmake)
[1.217s] -- Found PythonLibs: /usr/lib/x86_64-linux-gnu/libpython3.10.so (found suitable version "3.10.12", minimum required is "3.5") 
[1.217s] -- Using PYTHON_EXECUTABLE: /usr/bin/python3
[1.217s] -- Using PYTHON_INCLUDE_DIRS: /usr/include/python3.10
[1.217s] -- Using PYTHON_LIBRARIES: /usr/lib/x86_64-linux-gnu/libpython3.10.so
[1.235s] -- Found PythonExtra: .so  
[1.267s] -- Found ament_cmake_flake8: 0.12.11 (/opt/ros/humble/share/ament_cmake_flake8/cmake)
[1.269s] -- Found ament_cmake_pep257: 0.12.11 (/opt/ros/humble/share/ament_cmake_pep257/cmake)
[1.271s] -- Found ament_lint_auto: 0.12.11 (/opt/ros/humble/share/ament_lint_auto/cmake)
[1.286s] -- Added test 'copyright' to check source files copyright and LICENSE
[1.287s] -- Added test 'lint_cmake' to check CMake code style
[1.287s] -- Added test 'xmllint' to check XML markup files
[1.289s] -- Configuring done
[1.307s] -- Generating done
[1.309s] -- Build files have been written to: /home/farhan-sw/Documents/Github/nebula/nebula-ws/build/ros2_socketcan_msgs
[1.316s] Invoked command in '/home/farhan-sw/Documents/Github/nebula/nebula-ws/build/ros2_socketcan_msgs' returned '0': CMAKE_PREFIX_PATH=${CMAKE_PREFIX_PATH}:/opt/ros/humble /usr/bin/cmake /home/farhan-sw/Documents/Github/nebula/nebula-ws/src/ros2_socketcan/ros2_socketcan_msgs -DCMAKE_INSTALL_PREFIX=/home/farhan-sw/Documents/Github/nebula/nebula-ws/install/ros2_socketcan_msgs
[1.316s] Invoking command in '/home/farhan-sw/Documents/Github/nebula/nebula-ws/build/ros2_socketcan_msgs': CMAKE_PREFIX_PATH=${CMAKE_PREFIX_PATH}:/opt/ros/humble /usr/bin/cmake --build /home/farhan-sw/Documents/Github/nebula/nebula-ws/build/ros2_socketcan_msgs -- -j16 -l16
[1.342s] [  3%] [34m[1mGenerating C code for ROS interfaces[0m
[1.349s] [  6%] [34m[1mGenerating C++ code for ROS interfaces[0m
[1.354s] [  6%] Built target ament_cmake_python_copy_ros2_socketcan_msgs
[1.502s] [  6%] Built target ros2_socketcan_msgs__cpp
[1.507s] running egg_info
[1.507s] creating ros2_socketcan_msgs.egg-info
[1.507s] writing ros2_socketcan_msgs.egg-info/PKG-INFO
[1.507s] writing dependency_links to ros2_socketcan_msgs.egg-info/dependency_links.txt
[1.507s] writing top-level names to ros2_socketcan_msgs.egg-info/top_level.txt
[1.507s] writing manifest file 'ros2_socketcan_msgs.egg-info/SOURCES.txt'
[1.508s] [  9%] [34m[1mGenerating C++ type support dispatch for ROS interfaces[0m
[1.508s] [ 12%] [34m[1mGenerating C++ type support for eProsima Fast-RTPS[0m
[1.508s] [ 16%] [34m[1mGenerating C++ introspection for ROS interfaces[0m
[1.508s] [ 19%] [32mBuilding C object CMakeFiles/ros2_socketcan_msgs__rosidl_generator_c.dir/rosidl_generator_c/ros2_socketcan_msgs/msg/detail/fd_frame__functions.c.o[0m
[1.509s] reading manifest file 'ros2_socketcan_msgs.egg-info/SOURCES.txt'
[1.510s] writing manifest file 'ros2_socketcan_msgs.egg-info/SOURCES.txt'
[1.527s] [ 19%] Built target ament_cmake_python_build_ros2_socketcan_msgs_egg
[1.548s] [ 22%] [32m[1mLinking C shared library libros2_socketcan_msgs__rosidl_generator_c.so[0m
[1.576s] [ 22%] Built target ros2_socketcan_msgs__rosidl_generator_c
[1.583s] [ 32%] [34m[1mGenerating C type support for eProsima Fast-RTPS[0m
[1.583s] [ 32%] [34m[1mGenerating C introspection for ROS interfaces[0m
[1.583s] [ 32%] [34m[1mGenerating C type support dispatch for ROS interfaces[0m
[1.659s] [ 35%] [32mBuilding CXX object CMakeFiles/ros2_socketcan_msgs__rosidl_typesupport_cpp.dir/rosidl_typesupport_cpp/ros2_socketcan_msgs/msg/fd_frame__type_support.cpp.o[0m
[1.669s] [ 38%] [32mBuilding CXX object CMakeFiles/ros2_socketcan_msgs__rosidl_typesupport_introspection_cpp.dir/rosidl_typesupport_introspection_cpp/ros2_socketcan_msgs/msg/detail/fd_frame__type_support.cpp.o[0m
[1.674s] [ 41%] [32mBuilding CXX object CMakeFiles/ros2_socketcan_msgs__rosidl_typesupport_fastrtps_cpp.dir/rosidl_typesupport_fastrtps_cpp/ros2_socketcan_msgs/msg/detail/dds_fastrtps/fd_frame__type_support.cpp.o[0m
[1.729s] [ 45%] [32mBuilding CXX object CMakeFiles/ros2_socketcan_msgs__rosidl_typesupport_c.dir/rosidl_typesupport_c/ros2_socketcan_msgs/msg/fd_frame__type_support.cpp.o[0m
[1.744s] [ 48%] [32mBuilding C object CMakeFiles/ros2_socketcan_msgs__rosidl_typesupport_introspection_c.dir/rosidl_typesupport_introspection_c/ros2_socketcan_msgs/msg/detail/fd_frame__type_support.c.o[0m
[1.745s] [ 51%] [32mBuilding CXX object CMakeFiles/ros2_socketcan_msgs__rosidl_typesupport_fastrtps_c.dir/rosidl_typesupport_fastrtps_c/ros2_socketcan_msgs/msg/detail/fd_frame__type_support_c.cpp.o[0m
[1.751s] [ 54%] [32m[1mLinking CXX shared library libros2_socketcan_msgs__rosidl_typesupport_c.so[0m
[1.769s] [ 58%] [32m[1mLinking C shared library libros2_socketcan_msgs__rosidl_typesupport_introspection_c.so[0m
[1.779s] [ 58%] Built target ros2_socketcan_msgs__rosidl_typesupport_c
[1.792s] [ 58%] Built target ros2_socketcan_msgs__rosidl_typesupport_introspection_c
[1.834s] [ 61%] [32m[1mLinking CXX shared library libros2_socketcan_msgs__rosidl_typesupport_cpp.so[0m
[1.861s] [ 61%] Built target ros2_socketcan_msgs__rosidl_typesupport_cpp
[1.930s] [ 64%] [32m[1mLinking CXX shared library libros2_socketcan_msgs__rosidl_typesupport_introspection_cpp.so[0m
[1.939s] [ 67%] [32m[1mLinking CXX shared library libros2_socketcan_msgs__rosidl_typesupport_fastrtps_cpp.so[0m
[1.947s] [ 70%] [32m[1mLinking CXX shared library libros2_socketcan_msgs__rosidl_typesupport_fastrtps_c.so[0m
[1.980s] [ 70%] Built target ros2_socketcan_msgs__rosidl_typesupport_introspection_cpp
[1.990s] [ 70%] Built target ros2_socketcan_msgs__rosidl_typesupport_fastrtps_cpp
[1.996s] [ 70%] Built target ros2_socketcan_msgs__rosidl_typesupport_fastrtps_c
[2.007s] [ 70%] Built target ros2_socketcan_msgs
[2.020s] [ 74%] [34m[1mGenerating Python code for ROS interfaces[0m
[2.218s] [ 74%] Built target ros2_socketcan_msgs__py
[2.229s] [ 77%] [32mBuilding C object CMakeFiles/ros2_socketcan_msgs__rosidl_generator_py.dir/rosidl_generator_py/ros2_socketcan_msgs/msg/_fd_frame_s.c.o[0m
[2.322s] [ 80%] [32m[1mLinking C shared library rosidl_generator_py/ros2_socketcan_msgs/libros2_socketcan_msgs__rosidl_generator_py.so[0m
[2.355s] [ 80%] Built target ros2_socketcan_msgs__rosidl_generator_py
[2.370s] [ 83%] [32mBuilding C object CMakeFiles/ros2_socketcan_msgs__rosidl_typesupport_fastrtps_c__pyext.dir/rosidl_generator_py/ros2_socketcan_msgs/_ros2_socketcan_msgs_s.ep.rosidl_typesupport_fastrtps_c.c.o[0m
[2.370s] [ 87%] [32mBuilding C object CMakeFiles/ros2_socketcan_msgs__rosidl_typesupport_introspection_c__pyext.dir/rosidl_generator_py/ros2_socketcan_msgs/_ros2_socketcan_msgs_s.ep.rosidl_typesupport_introspection_c.c.o[0m
[2.370s] [ 90%] [32mBuilding C object CMakeFiles/ros2_socketcan_msgs__rosidl_typesupport_c__pyext.dir/rosidl_generator_py/ros2_socketcan_msgs/_ros2_socketcan_msgs_s.ep.rosidl_typesupport_c.c.o[0m
[2.428s] [100%] [32m[1mLinking C shared library rosidl_generator_py/ros2_socketcan_msgs/ros2_socketcan_msgs_s__rosidl_typesupport_c.cpython-310-x86_64-linux-gnu.so[0m
[2.429s] [100%] [32m[1mLinking C shared library rosidl_generator_py/ros2_socketcan_msgs/ros2_socketcan_msgs_s__rosidl_typesupport_introspection_c.cpython-310-x86_64-linux-gnu.so[0m
[2.429s] [100%] [32m[1mLinking C shared library rosidl_generator_py/ros2_socketcan_msgs/ros2_socketcan_msgs_s__rosidl_typesupport_fastrtps_c.cpython-310-x86_64-linux-gnu.so[0m
[2.452s] [100%] Built target ros2_socketcan_msgs__rosidl_typesupport_introspection_c__pyext
[2.452s] [100%] Built target ros2_socketcan_msgs__rosidl_typesupport_c__pyext
[2.452s] [100%] Built target ros2_socketcan_msgs__rosidl_typesupport_fastrtps_c__pyext
[2.460s] Invoked command in '/home/farhan-sw/Documents/Github/nebula/nebula-ws/build/ros2_socketcan_msgs' returned '0': CMAKE_PREFIX_PATH=${CMAKE_PREFIX_PATH}:/opt/ros/humble /usr/bin/cmake --build /home/farhan-sw/Documents/Github/nebula/nebula-ws/build/ros2_socketcan_msgs -- -j16 -l16
[2.534s] Invoking command in '/home/farhan-sw/Documents/Github/nebula/nebula-ws/build/ros2_socketcan_msgs': CMAKE_PREFIX_PATH=${CMAKE_PREFIX_PATH}:/opt/ros/humble /usr/bin/cmake --install /home/farhan-sw/Documents/Github/nebula/nebula-ws/build/ros2_socketcan_msgs
[2.546s] -- Install configuration: ""
[2.546s] -- Installing: /home/farhan-sw/Documents/Github/nebula/nebula-ws/install/ros2_socketcan_msgs/share/ament_index/resource_index/rosidl_interfaces/ros2_socketcan_msgs
[2.546s] -- Installing: /home/farhan-sw/Documents/Github/nebula/nebula-ws/install/ros2_socketcan_msgs/include/ros2_socketcan_msgs/ros2_socketcan_msgs
[2.546s] -- Installing: /home/farhan-sw/Documents/Github/nebula/nebula-ws/install/ros2_socketcan_msgs/include/ros2_socketcan_msgs/ros2_socketcan_msgs/msg
[2.546s] -- Installing: /home/farhan-sw/Documents/Github/nebula/nebula-ws/install/ros2_socketcan_msgs/include/ros2_socketcan_msgs/ros2_socketcan_msgs/msg/fd_frame.h
[2.547s] -- Installing: /home/farhan-sw/Documents/Github/nebula/nebula-ws/install/ros2_socketcan_msgs/include/ros2_socketcan_msgs/ros2_socketcan_msgs/msg/detail
[2.547s] -- Installing: /home/farhan-sw/Documents/Github/nebula/nebula-ws/install/ros2_socketcan_msgs/include/ros2_socketcan_msgs/ros2_socketcan_msgs/msg/detail/fd_frame__struct.h
[2.547s] -- Installing: /home/farhan-sw/Documents/Github/nebula/nebula-ws/install/ros2_socketcan_msgs/include/ros2_socketcan_msgs/ros2_socketcan_msgs/msg/detail/fd_frame__functions.c
[2.547s] -- Installing: /home/farhan-sw/Documents/Github/nebula/nebula-ws/install/ros2_socketcan_msgs/include/ros2_socketcan_msgs/ros2_socketcan_msgs/msg/detail/fd_frame__type_support.h
[2.547s] -- Installing: /home/farhan-sw/Documents/Github/nebula/nebula-ws/install/ros2_socketcan_msgs/include/ros2_socketcan_msgs/ros2_socketcan_msgs/msg/detail/fd_frame__functions.h
[2.547s] -- Installing: /home/farhan-sw/Documents/Github/nebula/nebula-ws/install/ros2_socketcan_msgs/include/ros2_socketcan_msgs/ros2_socketcan_msgs/msg/rosidl_generator_c__visibility_control.h
[2.548s] -- Installing: /home/farhan-sw/Documents/Github/nebula/nebula-ws/install/ros2_socketcan_msgs/share/ros2_socketcan_msgs/environment/library_path.sh
[2.548s] -- Installing: /home/farhan-sw/Documents/Github/nebula/nebula-ws/install/ros2_socketcan_msgs/share/ros2_socketcan_msgs/environment/library_path.dsv
[2.548s] -- Installing: /home/farhan-sw/Documents/Github/nebula/nebula-ws/install/ros2_socketcan_msgs/lib/libros2_socketcan_msgs__rosidl_generator_c.so
[2.548s] -- Set runtime path of "/home/farhan-sw/Documents/Github/nebula/nebula-ws/install/ros2_socketcan_msgs/lib/libros2_socketcan_msgs__rosidl_generator_c.so" to ""
[2.548s] -- Up-to-date: /home/farhan-sw/Documents/Github/nebula/nebula-ws/install/ros2_socketcan_msgs/include/ros2_socketcan_msgs/ros2_socketcan_msgs
[2.548s] -- Up-to-date: /home/farhan-sw/Documents/Github/nebula/nebula-ws/install/ros2_socketcan_msgs/include/ros2_socketcan_msgs/ros2_socketcan_msgs/msg
[2.548s] -- Up-to-date: /home/farhan-sw/Documents/Github/nebula/nebula-ws/install/ros2_socketcan_msgs/include/ros2_socketcan_msgs/ros2_socketcan_msgs/msg/detail
[2.548s] -- Installing: /home/farhan-sw/Documents/Github/nebula/nebula-ws/install/ros2_socketcan_msgs/include/ros2_socketcan_msgs/ros2_socketcan_msgs/msg/detail/fd_frame__rosidl_typesupport_fastrtps_c.h
[2.548s] -- Installing: /home/farhan-sw/Documents/Github/nebula/nebula-ws/install/ros2_socketcan_msgs/include/ros2_socketcan_msgs/ros2_socketcan_msgs/msg/rosidl_typesupport_fastrtps_c__visibility_control.h
[2.548s] -- Installing: /home/farhan-sw/Documents/Github/nebula/nebula-ws/install/ros2_socketcan_msgs/lib/libros2_socketcan_msgs__rosidl_typesupport_fastrtps_c.so
[2.549s] -- Set runtime path of "/home/farhan-sw/Documents/Github/nebula/nebula-ws/install/ros2_socketcan_msgs/lib/libros2_socketcan_msgs__rosidl_typesupport_fastrtps_c.so" to ""
[2.549s] -- Up-to-date: /home/farhan-sw/Documents/Github/nebula/nebula-ws/install/ros2_socketcan_msgs/include/ros2_socketcan_msgs/ros2_socketcan_msgs
[2.549s] -- Up-to-date: /home/farhan-sw/Documents/Github/nebula/nebula-ws/install/ros2_socketcan_msgs/include/ros2_socketcan_msgs/ros2_socketcan_msgs/msg
[2.549s] -- Installing: /home/farhan-sw/Documents/Github/nebula/nebula-ws/install/ros2_socketcan_msgs/include/ros2_socketcan_msgs/ros2_socketcan_msgs/msg/rosidl_typesupport_introspection_c__visibility_control.h
[2.549s] -- Up-to-date: /home/farhan-sw/Documents/Github/nebula/nebula-ws/install/ros2_socketcan_msgs/include/ros2_socketcan_msgs/ros2_socketcan_msgs/msg/detail
[2.549s] -- Installing: /home/farhan-sw/Documents/Github/nebula/nebula-ws/install/ros2_socketcan_msgs/include/ros2_socketcan_msgs/ros2_socketcan_msgs/msg/detail/fd_frame__rosidl_typesupport_introspection_c.h
[2.549s] -- Installing: /home/farhan-sw/Documents/Github/nebula/nebula-ws/install/ros2_socketcan_msgs/include/ros2_socketcan_msgs/ros2_socketcan_msgs/msg/detail/fd_frame__type_support.c
[2.549s] -- Installing: /home/farhan-sw/Documents/Github/nebula/nebula-ws/install/ros2_socketcan_msgs/lib/libros2_socketcan_msgs__rosidl_typesupport_introspection_c.so
[2.549s] -- Set runtime path of "/home/farhan-sw/Documents/Github/nebula/nebula-ws/install/ros2_socketcan_msgs/lib/libros2_socketcan_msgs__rosidl_typesupport_introspection_c.so" to ""
[2.549s] -- Installing: /home/farhan-sw/Documents/Github/nebula/nebula-ws/install/ros2_socketcan_msgs/lib/libros2_socketcan_msgs__rosidl_typesupport_c.so
[2.550s] -- Set runtime path of "/home/farhan-sw/Documents/Github/nebula/nebula-ws/install/ros2_socketcan_msgs/lib/libros2_socketcan_msgs__rosidl_typesupport_c.so" to ""
[2.550s] -- Up-to-date: /home/farhan-sw/Documents/Github/nebula/nebula-ws/install/ros2_socketcan_msgs/include/ros2_socketcan_msgs/ros2_socketcan_msgs
[2.550s] -- Up-to-date: /home/farhan-sw/Documents/Github/nebula/nebula-ws/install/ros2_socketcan_msgs/include/ros2_socketcan_msgs/ros2_socketcan_msgs/msg
[2.550s] -- Up-to-date: /home/farhan-sw/Documents/Github/nebula/nebula-ws/install/ros2_socketcan_msgs/include/ros2_socketcan_msgs/ros2_socketcan_msgs/msg/detail
[2.550s] -- Installing: /home/farhan-sw/Documents/Github/nebula/nebula-ws/install/ros2_socketcan_msgs/include/ros2_socketcan_msgs/ros2_socketcan_msgs/msg/detail/fd_frame__builder.hpp
[2.550s] -- Installing: /home/farhan-sw/Documents/Github/nebula/nebula-ws/install/ros2_socketcan_msgs/include/ros2_socketcan_msgs/ros2_socketcan_msgs/msg/detail/fd_frame__traits.hpp
[2.550s] -- Installing: /home/farhan-sw/Documents/Github/nebula/nebula-ws/install/ros2_socketcan_msgs/include/ros2_socketcan_msgs/ros2_socketcan_msgs/msg/detail/fd_frame__struct.hpp
[2.550s] -- Installing: /home/farhan-sw/Documents/Github/nebula/nebula-ws/install/ros2_socketcan_msgs/include/ros2_socketcan_msgs/ros2_socketcan_msgs/msg/fd_frame.hpp
[2.550s] -- Up-to-date: /home/farhan-sw/Documents/Github/nebula/nebula-ws/install/ros2_socketcan_msgs/include/ros2_socketcan_msgs/ros2_socketcan_msgs
[2.550s] -- Up-to-date: /home/farhan-sw/Documents/Github/nebula/nebula-ws/install/ros2_socketcan_msgs/include/ros2_socketcan_msgs/ros2_socketcan_msgs/msg
[2.550s] -- Up-to-date: /home/farhan-sw/Documents/Github/nebula/nebula-ws/install/ros2_socketcan_msgs/include/ros2_socketcan_msgs/ros2_socketcan_msgs/msg/detail
[2.551s] -- Installing: /home/farhan-sw/Documents/Github/nebula/nebula-ws/install/ros2_socketcan_msgs/include/ros2_socketcan_msgs/ros2_socketcan_msgs/msg/detail/dds_fastrtps
[2.551s] -- Installing: /home/farhan-sw/Documents/Github/nebula/nebula-ws/install/ros2_socketcan_msgs/include/ros2_socketcan_msgs/ros2_socketcan_msgs/msg/detail/fd_frame__rosidl_typesupport_fastrtps_cpp.hpp
[2.551s] -- Installing: /home/farhan-sw/Documents/Github/nebula/nebula-ws/install/ros2_socketcan_msgs/include/ros2_socketcan_msgs/ros2_socketcan_msgs/msg/rosidl_typesupport_fastrtps_cpp__visibility_control.h
[2.551s] -- Installing: /home/farhan-sw/Documents/Github/nebula/nebula-ws/install/ros2_socketcan_msgs/lib/libros2_socketcan_msgs__rosidl_typesupport_fastrtps_cpp.so
[2.551s] -- Set runtime path of "/home/farhan-sw/Documents/Github/nebula/nebula-ws/install/ros2_socketcan_msgs/lib/libros2_socketcan_msgs__rosidl_typesupport_fastrtps_cpp.so" to ""
[2.551s] -- Up-to-date: /home/farhan-sw/Documents/Github/nebula/nebula-ws/install/ros2_socketcan_msgs/include/ros2_socketcan_msgs/ros2_socketcan_msgs
[2.551s] -- Up-to-date: /home/farhan-sw/Documents/Github/nebula/nebula-ws/install/ros2_socketcan_msgs/include/ros2_socketcan_msgs/ros2_socketcan_msgs/msg
[2.551s] -- Up-to-date: /home/farhan-sw/Documents/Github/nebula/nebula-ws/install/ros2_socketcan_msgs/include/ros2_socketcan_msgs/ros2_socketcan_msgs/msg/detail
[2.551s] -- Installing: /home/farhan-sw/Documents/Github/nebula/nebula-ws/install/ros2_socketcan_msgs/include/ros2_socketcan_msgs/ros2_socketcan_msgs/msg/detail/fd_frame__rosidl_typesupport_introspection_cpp.hpp
[2.551s] -- Installing: /home/farhan-sw/Documents/Github/nebula/nebula-ws/install/ros2_socketcan_msgs/include/ros2_socketcan_msgs/ros2_socketcan_msgs/msg/detail/fd_frame__type_support.cpp
[2.551s] -- Installing: /home/farhan-sw/Documents/Github/nebula/nebula-ws/install/ros2_socketcan_msgs/lib/libros2_socketcan_msgs__rosidl_typesupport_introspection_cpp.so
[2.551s] -- Set runtime path of "/home/farhan-sw/Documents/Github/nebula/nebula-ws/install/ros2_socketcan_msgs/lib/libros2_socketcan_msgs__rosidl_typesupport_introspection_cpp.so" to ""
[2.551s] -- Installing: /home/farhan-sw/Documents/Github/nebula/nebula-ws/install/ros2_socketcan_msgs/lib/libros2_socketcan_msgs__rosidl_typesupport_cpp.so
[2.551s] -- Set runtime path of "/home/farhan-sw/Documents/Github/nebula/nebula-ws/install/ros2_socketcan_msgs/lib/libros2_socketcan_msgs__rosidl_typesupport_cpp.so" to ""
[2.551s] -- Installing: /home/farhan-sw/Documents/Github/nebula/nebula-ws/install/ros2_socketcan_msgs/share/ros2_socketcan_msgs/environment/pythonpath.sh
[2.551s] -- Installing: /home/farhan-sw/Documents/Github/nebula/nebula-ws/install/ros2_socketcan_msgs/share/ros2_socketcan_msgs/environment/pythonpath.dsv
[2.551s] -- Installing: /home/farhan-sw/Documents/Github/nebula/nebula-ws/install/ros2_socketcan_msgs/local/lib/python3.10/dist-packages/ros2_socketcan_msgs-1.3.0-py3.10.egg-info
[2.552s] -- Installing: /home/farhan-sw/Documents/Github/nebula/nebula-ws/install/ros2_socketcan_msgs/local/lib/python3.10/dist-packages/ros2_socketcan_msgs-1.3.0-py3.10.egg-info/SOURCES.txt
[2.552s] -- Installing: /home/farhan-sw/Documents/Github/nebula/nebula-ws/install/ros2_socketcan_msgs/local/lib/python3.10/dist-packages/ros2_socketcan_msgs-1.3.0-py3.10.egg-info/top_level.txt
[2.552s] -- Installing: /home/farhan-sw/Documents/Github/nebula/nebula-ws/install/ros2_socketcan_msgs/local/lib/python3.10/dist-packages/ros2_socketcan_msgs-1.3.0-py3.10.egg-info/dependency_links.txt
[2.552s] -- Installing: /home/farhan-sw/Documents/Github/nebula/nebula-ws/install/ros2_socketcan_msgs/local/lib/python3.10/dist-packages/ros2_socketcan_msgs-1.3.0-py3.10.egg-info/PKG-INFO
[2.552s] -- Installing: /home/farhan-sw/Documents/Github/nebula/nebula-ws/install/ros2_socketcan_msgs/local/lib/python3.10/dist-packages/ros2_socketcan_msgs
[2.552s] -- Installing: /home/farhan-sw/Documents/Github/nebula/nebula-ws/install/ros2_socketcan_msgs/local/lib/python3.10/dist-packages/ros2_socketcan_msgs/ros2_socketcan_msgs_s__rosidl_typesupport_c.cpython-310-x86_64-linux-gnu.so
[2.552s] -- Installing: /home/farhan-sw/Documents/Github/nebula/nebula-ws/install/ros2_socketcan_msgs/local/lib/python3.10/dist-packages/ros2_socketcan_msgs/__init__.py
[2.552s] -- Installing: /home/farhan-sw/Documents/Github/nebula/nebula-ws/install/ros2_socketcan_msgs/local/lib/python3.10/dist-packages/ros2_socketcan_msgs/ros2_socketcan_msgs_s__rosidl_typesupport_fastrtps_c.cpython-310-x86_64-linux-gnu.so
[2.552s] -- Installing: /home/farhan-sw/Documents/Github/nebula/nebula-ws/install/ros2_socketcan_msgs/local/lib/python3.10/dist-packages/ros2_socketcan_msgs/ros2_socketcan_msgs_s__rosidl_typesupport_introspection_c.cpython-310-x86_64-linux-gnu.so
[2.552s] -- Installing: /home/farhan-sw/Documents/Github/nebula/nebula-ws/install/ros2_socketcan_msgs/local/lib/python3.10/dist-packages/ros2_socketcan_msgs/_ros2_socketcan_msgs_s.ep.rosidl_typesupport_c.c
[2.552s] -- Installing: /home/farhan-sw/Documents/Github/nebula/nebula-ws/install/ros2_socketcan_msgs/local/lib/python3.10/dist-packages/ros2_socketcan_msgs/_ros2_socketcan_msgs_s.ep.rosidl_typesupport_introspection_c.c
[2.552s] -- Installing: /home/farhan-sw/Documents/Github/nebula/nebula-ws/install/ros2_socketcan_msgs/local/lib/python3.10/dist-packages/ros2_socketcan_msgs/_ros2_socketcan_msgs_s.ep.rosidl_typesupport_fastrtps_c.c
[2.552s] -- Installing: /home/farhan-sw/Documents/Github/nebula/nebula-ws/install/ros2_socketcan_msgs/local/lib/python3.10/dist-packages/ros2_socketcan_msgs/msg
[2.552s] -- Installing: /home/farhan-sw/Documents/Github/nebula/nebula-ws/install/ros2_socketcan_msgs/local/lib/python3.10/dist-packages/ros2_socketcan_msgs/msg/__init__.py
[2.552s] -- Installing: /home/farhan-sw/Documents/Github/nebula/nebula-ws/install/ros2_socketcan_msgs/local/lib/python3.10/dist-packages/ros2_socketcan_msgs/msg/_fd_frame.py
[2.552s] -- Installing: /home/farhan-sw/Documents/Github/nebula/nebula-ws/install/ros2_socketcan_msgs/local/lib/python3.10/dist-packages/ros2_socketcan_msgs/msg/_fd_frame_s.c
[2.552s] -- Installing: /home/farhan-sw/Documents/Github/nebula/nebula-ws/install/ros2_socketcan_msgs/local/lib/python3.10/dist-packages/ros2_socketcan_msgs/libros2_socketcan_msgs__rosidl_generator_py.so
[2.576s] Listing '/home/farhan-sw/Documents/Github/nebula/nebula-ws/install/ros2_socketcan_msgs/local/lib/python3.10/dist-packages/ros2_socketcan_msgs'...
[2.576s] Compiling '/home/farhan-sw/Documents/Github/nebula/nebula-ws/install/ros2_socketcan_msgs/local/lib/python3.10/dist-packages/ros2_socketcan_msgs/__init__.py'...
[2.576s] Listing '/home/farhan-sw/Documents/Github/nebula/nebula-ws/install/ros2_socketcan_msgs/local/lib/python3.10/dist-packages/ros2_socketcan_msgs/msg'...
[2.576s] Compiling '/home/farhan-sw/Documents/Github/nebula/nebula-ws/install/ros2_socketcan_msgs/local/lib/python3.10/dist-packages/ros2_socketcan_msgs/msg/__init__.py'...
[2.576s] Compiling '/home/farhan-sw/Documents/Github/nebula/nebula-ws/install/ros2_socketcan_msgs/local/lib/python3.10/dist-packages/ros2_socketcan_msgs/msg/_fd_frame.py'...
[2.579s] -- Installing: /home/farhan-sw/Documents/Github/nebula/nebula-ws/install/ros2_socketcan_msgs/local/lib/python3.10/dist-packages/ros2_socketcan_msgs/ros2_socketcan_msgs_s__rosidl_typesupport_fastrtps_c.cpython-310-x86_64-linux-gnu.so
[2.579s] -- Set runtime path of "/home/farhan-sw/Documents/Github/nebula/nebula-ws/install/ros2_socketcan_msgs/local/lib/python3.10/dist-packages/ros2_socketcan_msgs/ros2_socketcan_msgs_s__rosidl_typesupport_fastrtps_c.cpython-310-x86_64-linux-gnu.so" to ""
[2.579s] -- Installing: /home/farhan-sw/Documents/Github/nebula/nebula-ws/install/ros2_socketcan_msgs/local/lib/python3.10/dist-packages/ros2_socketcan_msgs/ros2_socketcan_msgs_s__rosidl_typesupport_introspection_c.cpython-310-x86_64-linux-gnu.so
[2.579s] -- Set runtime path of "/home/farhan-sw/Documents/Github/nebula/nebula-ws/install/ros2_socketcan_msgs/local/lib/python3.10/dist-packages/ros2_socketcan_msgs/ros2_socketcan_msgs_s__rosidl_typesupport_introspection_c.cpython-310-x86_64-linux-gnu.so" to ""
[2.579s] -- Installing: /home/farhan-sw/Documents/Github/nebula/nebula-ws/install/ros2_socketcan_msgs/local/lib/python3.10/dist-packages/ros2_socketcan_msgs/ros2_socketcan_msgs_s__rosidl_typesupport_c.cpython-310-x86_64-linux-gnu.so
[2.579s] -- Set runtime path of "/home/farhan-sw/Documents/Github/nebula/nebula-ws/install/ros2_socketcan_msgs/local/lib/python3.10/dist-packages/ros2_socketcan_msgs/ros2_socketcan_msgs_s__rosidl_typesupport_c.cpython-310-x86_64-linux-gnu.so" to ""
[2.579s] -- Installing: /home/farhan-sw/Documents/Github/nebula/nebula-ws/install/ros2_socketcan_msgs/lib/libros2_socketcan_msgs__rosidl_generator_py.so
[2.580s] -- Set runtime path of "/home/farhan-sw/Documents/Github/nebula/nebula-ws/install/ros2_socketcan_msgs/lib/libros2_socketcan_msgs__rosidl_generator_py.so" to ""
[2.580s] -- Installing: /home/farhan-sw/Documents/Github/nebula/nebula-ws/install/ros2_socketcan_msgs/share/ros2_socketcan_msgs/msg/FdFrame.idl
[2.580s] -- Installing: /home/farhan-sw/Documents/Github/nebula/nebula-ws/install/ros2_socketcan_msgs/share/ros2_socketcan_msgs/msg/FdFrame.msg
[2.580s] -- Installing: /home/farhan-sw/Documents/Github/nebula/nebula-ws/install/ros2_socketcan_msgs/share/ament_index/resource_index/package_run_dependencies/ros2_socketcan_msgs
[2.580s] -- Installing: /home/farhan-sw/Documents/Github/nebula/nebula-ws/install/ros2_socketcan_msgs/share/ament_index/resource_index/parent_prefix_path/ros2_socketcan_msgs
[2.580s] -- Installing: /home/farhan-sw/Documents/Github/nebula/nebula-ws/install/ros2_socketcan_msgs/share/ros2_socketcan_msgs/environment/ament_prefix_path.sh
[2.580s] -- Installing: /home/farhan-sw/Documents/Github/nebula/nebula-ws/install/ros2_socketcan_msgs/share/ros2_socketcan_msgs/environment/ament_prefix_path.dsv
[2.580s] -- Installing: /home/farhan-sw/Documents/Github/nebula/nebula-ws/install/ros2_socketcan_msgs/share/ros2_socketcan_msgs/environment/path.sh
[2.580s] -- Installing: /home/farhan-sw/Documents/Github/nebula/nebula-ws/install/ros2_socketcan_msgs/share/ros2_socketcan_msgs/environment/path.dsv
[2.580s] -- Installing: /home/farhan-sw/Documents/Github/nebula/nebula-ws/install/ros2_socketcan_msgs/share/ros2_socketcan_msgs/local_setup.bash
[2.580s] -- Installing: /home/farhan-sw/Documents/Github/nebula/nebula-ws/install/ros2_socketcan_msgs/share/ros2_socketcan_msgs/local_setup.sh
[2.580s] -- Installing: /home/farhan-sw/Documents/Github/nebula/nebula-ws/install/ros2_socketcan_msgs/share/ros2_socketcan_msgs/local_setup.zsh
[2.580s] -- Installing: /home/farhan-sw/Documents/Github/nebula/nebula-ws/install/ros2_socketcan_msgs/share/ros2_socketcan_msgs/local_setup.dsv
[2.580s] -- Installing: /home/farhan-sw/Documents/Github/nebula/nebula-ws/install/ros2_socketcan_msgs/share/ros2_socketcan_msgs/package.dsv
[2.581s] -- Installing: /home/farhan-sw/Documents/Github/nebula/nebula-ws/install/ros2_socketcan_msgs/share/ament_index/resource_index/packages/ros2_socketcan_msgs
[2.581s] -- Installing: /home/farhan-sw/Documents/Github/nebula/nebula-ws/install/ros2_socketcan_msgs/share/ros2_socketcan_msgs/cmake/export_ros2_socketcan_msgs__rosidl_generator_cExport.cmake
[2.581s] -- Installing: /home/farhan-sw/Documents/Github/nebula/nebula-ws/install/ros2_socketcan_msgs/share/ros2_socketcan_msgs/cmake/export_ros2_socketcan_msgs__rosidl_generator_cExport-noconfig.cmake
[2.581s] -- Installing: /home/farhan-sw/Documents/Github/nebula/nebula-ws/install/ros2_socketcan_msgs/share/ros2_socketcan_msgs/cmake/export_ros2_socketcan_msgs__rosidl_typesupport_fastrtps_cExport.cmake
[2.581s] -- Installing: /home/farhan-sw/Documents/Github/nebula/nebula-ws/install/ros2_socketcan_msgs/share/ros2_socketcan_msgs/cmake/export_ros2_socketcan_msgs__rosidl_typesupport_fastrtps_cExport-noconfig.cmake
[2.581s] -- Installing: /home/farhan-sw/Documents/Github/nebula/nebula-ws/install/ros2_socketcan_msgs/share/ros2_socketcan_msgs/cmake/ros2_socketcan_msgs__rosidl_typesupport_introspection_cExport.cmake
[2.581s] -- Installing: /home/farhan-sw/Documents/Github/nebula/nebula-ws/install/ros2_socketcan_msgs/share/ros2_socketcan_msgs/cmake/ros2_socketcan_msgs__rosidl_typesupport_introspection_cExport-noconfig.cmake
[2.581s] -- Installing: /home/farhan-sw/Documents/Github/nebula/nebula-ws/install/ros2_socketcan_msgs/share/ros2_socketcan_msgs/cmake/ros2_socketcan_msgs__rosidl_typesupport_cExport.cmake
[2.581s] -- Installing: /home/farhan-sw/Documents/Github/nebula/nebula-ws/install/ros2_socketcan_msgs/share/ros2_socketcan_msgs/cmake/ros2_socketcan_msgs__rosidl_typesupport_cExport-noconfig.cmake
[2.581s] -- Installing: /home/farhan-sw/Documents/Github/nebula/nebula-ws/install/ros2_socketcan_msgs/share/ros2_socketcan_msgs/cmake/export_ros2_socketcan_msgs__rosidl_generator_cppExport.cmake
[2.581s] -- Installing: /home/farhan-sw/Documents/Github/nebula/nebula-ws/install/ros2_socketcan_msgs/share/ros2_socketcan_msgs/cmake/export_ros2_socketcan_msgs__rosidl_typesupport_fastrtps_cppExport.cmake
[2.581s] -- Installing: /home/farhan-sw/Documents/Github/nebula/nebula-ws/install/ros2_socketcan_msgs/share/ros2_socketcan_msgs/cmake/export_ros2_socketcan_msgs__rosidl_typesupport_fastrtps_cppExport-noconfig.cmake
[2.581s] -- Installing: /home/farhan-sw/Documents/Github/nebula/nebula-ws/install/ros2_socketcan_msgs/share/ros2_socketcan_msgs/cmake/ros2_socketcan_msgs__rosidl_typesupport_introspection_cppExport.cmake
[2.581s] -- Installing: /home/farhan-sw/Documents/Github/nebula/nebula-ws/install/ros2_socketcan_msgs/share/ros2_socketcan_msgs/cmake/ros2_socketcan_msgs__rosidl_typesupport_introspection_cppExport-noconfig.cmake
[2.581s] -- Installing: /home/farhan-sw/Documents/Github/nebula/nebula-ws/install/ros2_socketcan_msgs/share/ros2_socketcan_msgs/cmake/ros2_socketcan_msgs__rosidl_typesupport_cppExport.cmake
[2.582s] -- Installing: /home/farhan-sw/Documents/Github/nebula/nebula-ws/install/ros2_socketcan_msgs/share/ros2_socketcan_msgs/cmake/ros2_socketcan_msgs__rosidl_typesupport_cppExport-noconfig.cmake
[2.582s] -- Installing: /home/farhan-sw/Documents/Github/nebula/nebula-ws/install/ros2_socketcan_msgs/share/ros2_socketcan_msgs/cmake/export_ros2_socketcan_msgs__rosidl_generator_pyExport.cmake
[2.582s] -- Installing: /home/farhan-sw/Documents/Github/nebula/nebula-ws/install/ros2_socketcan_msgs/share/ros2_socketcan_msgs/cmake/export_ros2_socketcan_msgs__rosidl_generator_pyExport-noconfig.cmake
[2.582s] -- Installing: /home/farhan-sw/Documents/Github/nebula/nebula-ws/install/ros2_socketcan_msgs/share/ros2_socketcan_msgs/cmake/rosidl_cmake-extras.cmake
[2.582s] -- Installing: /home/farhan-sw/Documents/Github/nebula/nebula-ws/install/ros2_socketcan_msgs/share/ros2_socketcan_msgs/cmake/ament_cmake_export_dependencies-extras.cmake
[2.582s] -- Installing: /home/farhan-sw/Documents/Github/nebula/nebula-ws/install/ros2_socketcan_msgs/share/ros2_socketcan_msgs/cmake/ament_cmake_export_include_directories-extras.cmake
[2.582s] -- Installing: /home/farhan-sw/Documents/Github/nebula/nebula-ws/install/ros2_socketcan_msgs/share/ros2_socketcan_msgs/cmake/ament_cmake_export_libraries-extras.cmake
[2.582s] -- Installing: /home/farhan-sw/Documents/Github/nebula/nebula-ws/install/ros2_socketcan_msgs/share/ros2_socketcan_msgs/cmake/ament_cmake_export_targets-extras.cmake
[2.582s] -- Installing: /home/farhan-sw/Documents/Github/nebula/nebula-ws/install/ros2_socketcan_msgs/share/ros2_socketcan_msgs/cmake/rosidl_cmake_export_typesupport_targets-extras.cmake
[2.582s] -- Installing: /home/farhan-sw/Documents/Github/nebula/nebula-ws/install/ros2_socketcan_msgs/share/ros2_socketcan_msgs/cmake/rosidl_cmake_export_typesupport_libraries-extras.cmake
[2.582s] -- Installing: /home/farhan-sw/Documents/Github/nebula/nebula-ws/install/ros2_socketcan_msgs/share/ros2_socketcan_msgs/cmake/ros2_socketcan_msgsConfig.cmake
[2.582s] -- Installing: /home/farhan-sw/Documents/Github/nebula/nebula-ws/install/ros2_socketcan_msgs/share/ros2_socketcan_msgs/cmake/ros2_socketcan_msgsConfig-version.cmake
[2.582s] -- Installing: /home/farhan-sw/Documents/Github/nebula/nebula-ws/install/ros2_socketcan_msgs/share/ros2_socketcan_msgs/package.xml
[2.584s] Invoked command in '/home/farhan-sw/Documents/Github/nebula/nebula-ws/build/ros2_socketcan_msgs' returned '0': CMAKE_PREFIX_PATH=${CMAKE_PREFIX_PATH}:/opt/ros/humble /usr/bin/cmake --install /home/farhan-sw/Documents/Github/nebula/nebula-ws/build/ros2_socketcan_msgs
