[0.009s] Invoking command in '/home/farhan-sw/Documents/Github/nebula/nebula-ws/build/nebula_bringup': CMAKE_PREFIX_PATH=${CMAKE_PREFIX_PATH}:/opt/ros/humble /usr/bin/cmake /home/farhan-sw/Documents/Github/nebula/nebula-ws/src/nebula_bringup -DCMAKE_INSTALL_PREFIX=/home/farhan-sw/Documents/Github/nebula/nebula-ws/install/nebula_bringup
[0.146s] -- The C compiler identification is GNU 11.4.0
[0.240s] -- The CXX compiler identification is GNU 11.4.0
[0.249s] -- Detecting C compiler ABI info
[0.299s] -- Detecting C compiler ABI info - done
[0.303s] -- Check for working C compiler: /usr/bin/cc - skipped
[0.303s] -- Detecting C compile features
[0.304s] -- Detecting C compile features - done
[0.306s] -- Detecting CXX compiler ABI info
[0.362s] -- Detecting CXX compiler ABI info - done
[0.371s] -- Check for working CXX compiler: /usr/bin/c++ - skipped
[0.371s] -- Detecting CXX compile features
[0.372s] -- Detecting CXX compile features - done
[0.374s] -- Found ament_cmake: 1.3.9 (/opt/ros/humble/share/ament_cmake/cmake)
[0.474s] -- Found Python3: /usr/bin/python3 (found version "3.10.12") found components: Interpreter 
[0.587s] -- Configuring done
[0.589s] -- Generating done
[0.590s] -- Build files have been written to: /home/farhan-sw/Documents/Github/nebula/nebula-ws/build/nebula_bringup
[0.594s] Invoked command in '/home/farhan-sw/Documents/Github/nebula/nebula-ws/build/nebula_bringup' returned '0': CMAKE_PREFIX_PATH=${CMAKE_PREFIX_PATH}:/opt/ros/humble /usr/bin/cmake /home/farhan-sw/Documents/Github/nebula/nebula-ws/src/nebula_bringup -DCMAKE_INSTALL_PREFIX=/home/farhan-sw/Documents/Github/nebula/nebula-ws/install/nebula_bringup
[0.595s] Invoking command in '/home/farhan-sw/Documents/Github/nebula/nebula-ws/build/nebula_bringup': CMAKE_PREFIX_PATH=${CMAKE_PREFIX_PATH}:/opt/ros/humble /usr/bin/cmake --build /home/farhan-sw/Documents/Github/nebula/nebula-ws/build/nebula_bringup -- -j16 -l16
[0.617s] Invoked command in '/home/farhan-sw/Documents/Github/nebula/nebula-ws/build/nebula_bringup' returned '0': CMAKE_PREFIX_PATH=${CMAKE_PREFIX_PATH}:/opt/ros/humble /usr/bin/cmake --build /home/farhan-sw/Documents/Github/nebula/nebula-ws/build/nebula_bringup -- -j16 -l16
[0.639s] Invoking command in '/home/farhan-sw/Documents/Github/nebula/nebula-ws/build/nebula_bringup': CMAKE_PREFIX_PATH=${CMAKE_PREFIX_PATH}:/opt/ros/humble /usr/bin/cmake --install /home/farhan-sw/Documents/Github/nebula/nebula-ws/build/nebula_bringup
[0.643s] -- Install configuration: ""
[0.644s] -- Up-to-date: /home/farhan-sw/Documents/Github/nebula/nebula-ws/install/nebula_bringup/share/nebula_bringup/launch
[0.644s] -- Up-to-date: /home/farhan-sw/Documents/Github/nebula/nebula-ws/install/nebula_bringup/share/nebula_bringup/launch/joystick.launch.py
[0.644s] -- Installing: /home/farhan-sw/Documents/Github/nebula/nebula-ws/install/nebula_bringup/share/ament_index/resource_index/package_run_dependencies/nebula_bringup
[0.644s] -- Installing: /home/farhan-sw/Documents/Github/nebula/nebula-ws/install/nebula_bringup/share/ament_index/resource_index/parent_prefix_path/nebula_bringup
[0.644s] -- Up-to-date: /home/farhan-sw/Documents/Github/nebula/nebula-ws/install/nebula_bringup/share/nebula_bringup/environment/ament_prefix_path.sh
[0.644s] -- Installing: /home/farhan-sw/Documents/Github/nebula/nebula-ws/install/nebula_bringup/share/nebula_bringup/environment/ament_prefix_path.dsv
[0.644s] -- Up-to-date: /home/farhan-sw/Documents/Github/nebula/nebula-ws/install/nebula_bringup/share/nebula_bringup/environment/path.sh
[0.644s] -- Installing: /home/farhan-sw/Documents/Github/nebula/nebula-ws/install/nebula_bringup/share/nebula_bringup/environment/path.dsv
[0.645s] -- Installing: /home/farhan-sw/Documents/Github/nebula/nebula-ws/install/nebula_bringup/share/nebula_bringup/local_setup.bash
[0.645s] -- Installing: /home/farhan-sw/Documents/Github/nebula/nebula-ws/install/nebula_bringup/share/nebula_bringup/local_setup.sh
[0.645s] -- Installing: /home/farhan-sw/Documents/Github/nebula/nebula-ws/install/nebula_bringup/share/nebula_bringup/local_setup.zsh
[0.645s] -- Installing: /home/farhan-sw/Documents/Github/nebula/nebula-ws/install/nebula_bringup/share/nebula_bringup/local_setup.dsv
[0.645s] -- Installing: /home/farhan-sw/Documents/Github/nebula/nebula-ws/install/nebula_bringup/share/nebula_bringup/package.dsv
[0.645s] -- Installing: /home/farhan-sw/Documents/Github/nebula/nebula-ws/install/nebula_bringup/share/ament_index/resource_index/packages/nebula_bringup
[0.645s] -- Installing: /home/farhan-sw/Documents/Github/nebula/nebula-ws/install/nebula_bringup/share/nebula_bringup/cmake/nebula_bringupConfig.cmake
[0.645s] -- Installing: /home/farhan-sw/Documents/Github/nebula/nebula-ws/install/nebula_bringup/share/nebula_bringup/cmake/nebula_bringupConfig-version.cmake
[0.645s] -- Up-to-date: /home/farhan-sw/Documents/Github/nebula/nebula-ws/install/nebula_bringup/share/nebula_bringup/package.xml
[0.652s] Invoked command in '/home/farhan-sw/Documents/Github/nebula/nebula-ws/build/nebula_bringup' returned '0': CMAKE_PREFIX_PATH=${CMAKE_PREFIX_PATH}:/opt/ros/humble /usr/bin/cmake --install /home/farhan-sw/Documents/Github/nebula/nebula-ws/build/nebula_bringup
