[0.071s] DEBUG:colcon:Command line arguments: ['/usr/bin/colcon', 'build']
[0.071s] DEBUG:colcon:Parsed command line arguments: Namespace(log_base=None, log_level=None, verb_name='build', build_base='build', install_base='install', merge_install=False, symlink_install=False, test_result_base=None, continue_on_error=False, executor='parallel', parallel_workers=16, event_handlers=None, ignore_user_meta=False, metas=['./colcon.meta'], base_paths=['.'], packages_ignore=None, packages_ignore_regex=None, paths=None, packages_up_to=None, packages_up_to_regex=None, packages_above=None, packages_above_and_dependencies=None, packages_above_depth=None, packages_select_by_dep=None, packages_skip_by_dep=None, packages_skip_up_to=None, packages_select_build_failed=False, packages_skip_build_finished=False, packages_select_test_failures=False, packages_skip_test_passed=False, packages_select=None, packages_skip=None, packages_select_regex=None, packages_skip_regex=None, packages_start=None, packages_end=None, allow_overriding=[], cmake_args=None, cmake_target=None, cmake_target_skip_unavailable=False, cmake_clean_cache=False, cmake_clean_first=False, cmake_force_configure=False, ament_cmake_args=None, catkin_cmake_args=None, catkin_skip_building_tests=False, verb_parser=<colcon_defaults.argument_parser.defaults.DefaultArgumentsDecorator object at 0x79af65d4cb50>, verb_extension=<colcon_core.verb.build.BuildVerb object at 0x79af65e59690>, main=<bound method BuildVerb.main of <colcon_core.verb.build.BuildVerb object at 0x79af65e59690>>)
[0.163s] Level 1:colcon.colcon_core.package_discovery:discover_packages(colcon_meta) check parameters
[0.163s] Level 1:colcon.colcon_core.package_discovery:discover_packages(recursive) check parameters
[0.163s] Level 1:colcon.colcon_core.package_discovery:discover_packages(ignore) check parameters
[0.163s] Level 1:colcon.colcon_core.package_discovery:discover_packages(path) check parameters
[0.163s] Level 1:colcon.colcon_core.package_discovery:discover_packages(colcon_meta) discover
[0.163s] Level 1:colcon.colcon_core.package_discovery:discover_packages(recursive) discover
[0.163s] INFO:colcon.colcon_core.package_discovery:Crawling recursively for packages in '/home/farhan-sw/Documents/Github/nebula/nebula-ws'
[0.163s] Level 1:colcon.colcon_core.package_identification:_identify(.) by extensions ['ignore', 'ignore_ament_install']
[0.163s] Level 1:colcon.colcon_core.package_identification:_identify(.) by extension 'ignore'
[0.163s] Level 1:colcon.colcon_core.package_identification:_identify(.) by extension 'ignore_ament_install'
[0.163s] Level 1:colcon.colcon_core.package_identification:_identify(.) by extensions ['colcon_pkg']
[0.163s] Level 1:colcon.colcon_core.package_identification:_identify(.) by extension 'colcon_pkg'
[0.163s] Level 1:colcon.colcon_core.package_identification:_identify(.) by extensions ['colcon_meta']
[0.163s] Level 1:colcon.colcon_core.package_identification:_identify(.) by extension 'colcon_meta'
[0.163s] Level 1:colcon.colcon_core.package_identification:_identify(.) by extensions ['ros']
[0.163s] Level 1:colcon.colcon_core.package_identification:_identify(.) by extension 'ros'
[0.170s] Level 1:colcon.colcon_core.package_identification:_identify(.) by extensions ['cmake', 'python']
[0.170s] Level 1:colcon.colcon_core.package_identification:_identify(.) by extension 'cmake'
[0.170s] Level 1:colcon.colcon_core.package_identification:_identify(.) by extension 'python'
[0.170s] Level 1:colcon.colcon_core.package_identification:_identify(.) by extensions ['python_setup_py']
[0.170s] Level 1:colcon.colcon_core.package_identification:_identify(.) by extension 'python_setup_py'
[0.170s] Level 1:colcon.colcon_core.package_identification:_identify(build) by extensions ['ignore', 'ignore_ament_install']
[0.170s] Level 1:colcon.colcon_core.package_identification:_identify(build) by extension 'ignore'
[0.170s] Level 1:colcon.colcon_core.package_identification:_identify(build) ignored
[0.170s] Level 1:colcon.colcon_core.package_identification:_identify(install) by extensions ['ignore', 'ignore_ament_install']
[0.171s] Level 1:colcon.colcon_core.package_identification:_identify(install) by extension 'ignore'
[0.171s] Level 1:colcon.colcon_core.package_identification:_identify(install) ignored
[0.171s] Level 1:colcon.colcon_core.package_identification:_identify(log) by extensions ['ignore', 'ignore_ament_install']
[0.171s] Level 1:colcon.colcon_core.package_identification:_identify(log) by extension 'ignore'
[0.171s] Level 1:colcon.colcon_core.package_identification:_identify(log) ignored
[0.171s] Level 1:colcon.colcon_core.package_identification:_identify(src) by extensions ['ignore', 'ignore_ament_install']
[0.171s] Level 1:colcon.colcon_core.package_identification:_identify(src) by extension 'ignore'
[0.171s] Level 1:colcon.colcon_core.package_identification:_identify(src) by extension 'ignore_ament_install'
[0.171s] Level 1:colcon.colcon_core.package_identification:_identify(src) by extensions ['colcon_pkg']
[0.171s] Level 1:colcon.colcon_core.package_identification:_identify(src) by extension 'colcon_pkg'
[0.171s] Level 1:colcon.colcon_core.package_identification:_identify(src) by extensions ['colcon_meta']
[0.171s] Level 1:colcon.colcon_core.package_identification:_identify(src) by extension 'colcon_meta'
[0.171s] Level 1:colcon.colcon_core.package_identification:_identify(src) by extensions ['ros']
[0.171s] Level 1:colcon.colcon_core.package_identification:_identify(src) by extension 'ros'
[0.171s] Level 1:colcon.colcon_core.package_identification:_identify(src) by extensions ['cmake', 'python']
[0.171s] Level 1:colcon.colcon_core.package_identification:_identify(src) by extension 'cmake'
[0.171s] Level 1:colcon.colcon_core.package_identification:_identify(src) by extension 'python'
[0.171s] Level 1:colcon.colcon_core.package_identification:_identify(src) by extensions ['python_setup_py']
[0.171s] Level 1:colcon.colcon_core.package_identification:_identify(src) by extension 'python_setup_py'
[0.171s] Level 1:colcon.colcon_core.package_identification:_identify(src/nebula_bringup) by extensions ['ignore', 'ignore_ament_install']
[0.171s] Level 1:colcon.colcon_core.package_identification:_identify(src/nebula_bringup) by extension 'ignore'
[0.171s] Level 1:colcon.colcon_core.package_identification:_identify(src/nebula_bringup) by extension 'ignore_ament_install'
[0.171s] Level 1:colcon.colcon_core.package_identification:_identify(src/nebula_bringup) by extensions ['colcon_pkg']
[0.171s] Level 1:colcon.colcon_core.package_identification:_identify(src/nebula_bringup) by extension 'colcon_pkg'
[0.171s] Level 1:colcon.colcon_core.package_identification:_identify(src/nebula_bringup) by extensions ['colcon_meta']
[0.171s] Level 1:colcon.colcon_core.package_identification:_identify(src/nebula_bringup) by extension 'colcon_meta'
[0.171s] Level 1:colcon.colcon_core.package_identification:_identify(src/nebula_bringup) by extensions ['ros']
[0.171s] Level 1:colcon.colcon_core.package_identification:_identify(src/nebula_bringup) by extension 'ros'
[0.173s] DEBUG:colcon.colcon_core.package_identification:Package 'src/nebula_bringup' with type 'ros.ament_cmake' and name 'nebula_bringup'
[0.173s] Level 1:colcon.colcon_core.package_identification:_identify(src/nebula_config) by extensions ['ignore', 'ignore_ament_install']
[0.173s] Level 1:colcon.colcon_core.package_identification:_identify(src/nebula_config) by extension 'ignore'
[0.173s] Level 1:colcon.colcon_core.package_identification:_identify(src/nebula_config) by extension 'ignore_ament_install'
[0.173s] Level 1:colcon.colcon_core.package_identification:_identify(src/nebula_config) by extensions ['colcon_pkg']
[0.173s] Level 1:colcon.colcon_core.package_identification:_identify(src/nebula_config) by extension 'colcon_pkg'
[0.173s] Level 1:colcon.colcon_core.package_identification:_identify(src/nebula_config) by extensions ['colcon_meta']
[0.173s] Level 1:colcon.colcon_core.package_identification:_identify(src/nebula_config) by extension 'colcon_meta'
[0.173s] Level 1:colcon.colcon_core.package_identification:_identify(src/nebula_config) by extensions ['ros']
[0.173s] Level 1:colcon.colcon_core.package_identification:_identify(src/nebula_config) by extension 'ros'
[0.173s] DEBUG:colcon.colcon_core.package_identification:Package 'src/nebula_config' with type 'ros.ament_cmake' and name 'nebula_config'
[0.173s] Level 1:colcon.colcon_core.package_identification:_identify(src/nebula_interfaces) by extensions ['ignore', 'ignore_ament_install']
[0.173s] Level 1:colcon.colcon_core.package_identification:_identify(src/nebula_interfaces) by extension 'ignore'
[0.173s] Level 1:colcon.colcon_core.package_identification:_identify(src/nebula_interfaces) by extension 'ignore_ament_install'
[0.173s] Level 1:colcon.colcon_core.package_identification:_identify(src/nebula_interfaces) by extensions ['colcon_pkg']
[0.173s] Level 1:colcon.colcon_core.package_identification:_identify(src/nebula_interfaces) by extension 'colcon_pkg'
[0.173s] Level 1:colcon.colcon_core.package_identification:_identify(src/nebula_interfaces) by extensions ['colcon_meta']
[0.173s] Level 1:colcon.colcon_core.package_identification:_identify(src/nebula_interfaces) by extension 'colcon_meta'
[0.174s] Level 1:colcon.colcon_core.package_identification:_identify(src/nebula_interfaces) by extensions ['ros']
[0.174s] Level 1:colcon.colcon_core.package_identification:_identify(src/nebula_interfaces) by extension 'ros'
[0.174s] Level 1:colcon.colcon_core.package_identification:_identify(src/nebula_interfaces) by extensions ['cmake', 'python']
[0.174s] Level 1:colcon.colcon_core.package_identification:_identify(src/nebula_interfaces) by extension 'cmake'
[0.174s] Level 1:colcon.colcon_core.package_identification:_identify(src/nebula_interfaces) by extension 'python'
[0.174s] Level 1:colcon.colcon_core.package_identification:_identify(src/nebula_interfaces) by extensions ['python_setup_py']
[0.174s] Level 1:colcon.colcon_core.package_identification:_identify(src/nebula_interfaces) by extension 'python_setup_py'
[0.174s] Level 1:colcon.colcon_core.package_identification:_identify(src/nebula_interfaces/msg) by extensions ['ignore', 'ignore_ament_install']
[0.174s] Level 1:colcon.colcon_core.package_identification:_identify(src/nebula_interfaces/msg) by extension 'ignore'
[0.174s] Level 1:colcon.colcon_core.package_identification:_identify(src/nebula_interfaces/msg) by extension 'ignore_ament_install'
[0.174s] Level 1:colcon.colcon_core.package_identification:_identify(src/nebula_interfaces/msg) by extensions ['colcon_pkg']
[0.174s] Level 1:colcon.colcon_core.package_identification:_identify(src/nebula_interfaces/msg) by extension 'colcon_pkg'
[0.174s] Level 1:colcon.colcon_core.package_identification:_identify(src/nebula_interfaces/msg) by extensions ['colcon_meta']
[0.174s] Level 1:colcon.colcon_core.package_identification:_identify(src/nebula_interfaces/msg) by extension 'colcon_meta'
[0.174s] Level 1:colcon.colcon_core.package_identification:_identify(src/nebula_interfaces/msg) by extensions ['ros']
[0.174s] Level 1:colcon.colcon_core.package_identification:_identify(src/nebula_interfaces/msg) by extension 'ros'
[0.174s] Level 1:colcon.colcon_core.package_identification:_identify(src/nebula_interfaces/msg) by extensions ['cmake', 'python']
[0.174s] Level 1:colcon.colcon_core.package_identification:_identify(src/nebula_interfaces/msg) by extension 'cmake'
[0.174s] Level 1:colcon.colcon_core.package_identification:_identify(src/nebula_interfaces/msg) by extension 'python'
[0.174s] Level 1:colcon.colcon_core.package_identification:_identify(src/nebula_interfaces/msg) by extensions ['python_setup_py']
[0.174s] Level 1:colcon.colcon_core.package_identification:_identify(src/nebula_interfaces/msg) by extension 'python_setup_py'
[0.174s] Level 1:colcon.colcon_core.package_identification:_identify(src/ros2_socketcan) by extensions ['ignore', 'ignore_ament_install']
[0.174s] Level 1:colcon.colcon_core.package_identification:_identify(src/ros2_socketcan) by extension 'ignore'
[0.174s] Level 1:colcon.colcon_core.package_identification:_identify(src/ros2_socketcan) by extension 'ignore_ament_install'
[0.174s] Level 1:colcon.colcon_core.package_identification:_identify(src/ros2_socketcan) by extensions ['colcon_pkg']
[0.174s] Level 1:colcon.colcon_core.package_identification:_identify(src/ros2_socketcan) by extension 'colcon_pkg'
[0.174s] Level 1:colcon.colcon_core.package_identification:_identify(src/ros2_socketcan) by extensions ['colcon_meta']
[0.174s] Level 1:colcon.colcon_core.package_identification:_identify(src/ros2_socketcan) by extension 'colcon_meta'
[0.174s] Level 1:colcon.colcon_core.package_identification:_identify(src/ros2_socketcan) by extensions ['ros']
[0.174s] Level 1:colcon.colcon_core.package_identification:_identify(src/ros2_socketcan) by extension 'ros'
[0.174s] Level 1:colcon.colcon_core.package_identification:_identify(src/ros2_socketcan) by extensions ['cmake', 'python']
[0.174s] Level 1:colcon.colcon_core.package_identification:_identify(src/ros2_socketcan) by extension 'cmake'
[0.174s] Level 1:colcon.colcon_core.package_identification:_identify(src/ros2_socketcan) by extension 'python'
[0.174s] Level 1:colcon.colcon_core.package_identification:_identify(src/ros2_socketcan) by extensions ['python_setup_py']
[0.174s] Level 1:colcon.colcon_core.package_identification:_identify(src/ros2_socketcan) by extension 'python_setup_py'
[0.175s] Level 1:colcon.colcon_core.package_identification:_identify(src/ros2_socketcan/ros2_socketcan) by extensions ['ignore', 'ignore_ament_install']
[0.175s] Level 1:colcon.colcon_core.package_identification:_identify(src/ros2_socketcan/ros2_socketcan) by extension 'ignore'
[0.175s] Level 1:colcon.colcon_core.package_identification:_identify(src/ros2_socketcan/ros2_socketcan) by extension 'ignore_ament_install'
[0.175s] Level 1:colcon.colcon_core.package_identification:_identify(src/ros2_socketcan/ros2_socketcan) by extensions ['colcon_pkg']
[0.175s] Level 1:colcon.colcon_core.package_identification:_identify(src/ros2_socketcan/ros2_socketcan) by extension 'colcon_pkg'
[0.175s] Level 1:colcon.colcon_core.package_identification:_identify(src/ros2_socketcan/ros2_socketcan) by extensions ['colcon_meta']
[0.175s] Level 1:colcon.colcon_core.package_identification:_identify(src/ros2_socketcan/ros2_socketcan) by extension 'colcon_meta'
[0.175s] Level 1:colcon.colcon_core.package_identification:_identify(src/ros2_socketcan/ros2_socketcan) by extensions ['ros']
[0.175s] Level 1:colcon.colcon_core.package_identification:_identify(src/ros2_socketcan/ros2_socketcan) by extension 'ros'
[0.175s] DEBUG:colcon.colcon_core.package_identification:Package 'src/ros2_socketcan/ros2_socketcan' with type 'ros.ament_cmake' and name 'ros2_socketcan'
[0.176s] Level 1:colcon.colcon_core.package_identification:_identify(src/ros2_socketcan/ros2_socketcan_msgs) by extensions ['ignore', 'ignore_ament_install']
[0.176s] Level 1:colcon.colcon_core.package_identification:_identify(src/ros2_socketcan/ros2_socketcan_msgs) by extension 'ignore'
[0.176s] Level 1:colcon.colcon_core.package_identification:_identify(src/ros2_socketcan/ros2_socketcan_msgs) by extension 'ignore_ament_install'
[0.176s] Level 1:colcon.colcon_core.package_identification:_identify(src/ros2_socketcan/ros2_socketcan_msgs) by extensions ['colcon_pkg']
[0.176s] Level 1:colcon.colcon_core.package_identification:_identify(src/ros2_socketcan/ros2_socketcan_msgs) by extension 'colcon_pkg'
[0.176s] Level 1:colcon.colcon_core.package_identification:_identify(src/ros2_socketcan/ros2_socketcan_msgs) by extensions ['colcon_meta']
[0.176s] Level 1:colcon.colcon_core.package_identification:_identify(src/ros2_socketcan/ros2_socketcan_msgs) by extension 'colcon_meta'
[0.176s] Level 1:colcon.colcon_core.package_identification:_identify(src/ros2_socketcan/ros2_socketcan_msgs) by extensions ['ros']
[0.176s] Level 1:colcon.colcon_core.package_identification:_identify(src/ros2_socketcan/ros2_socketcan_msgs) by extension 'ros'
[0.176s] DEBUG:colcon.colcon_core.package_identification:Package 'src/ros2_socketcan/ros2_socketcan_msgs' with type 'ros.ament_cmake' and name 'ros2_socketcan_msgs'
[0.176s] Level 1:colcon.colcon_core.package_identification:_identify(src/ros2socketcan_bridge) by extensions ['ignore', 'ignore_ament_install']
[0.176s] Level 1:colcon.colcon_core.package_identification:_identify(src/ros2socketcan_bridge) by extension 'ignore'
[0.176s] Level 1:colcon.colcon_core.package_identification:_identify(src/ros2socketcan_bridge) by extension 'ignore_ament_install'
[0.176s] Level 1:colcon.colcon_core.package_identification:_identify(src/ros2socketcan_bridge) by extensions ['colcon_pkg']
[0.176s] Level 1:colcon.colcon_core.package_identification:_identify(src/ros2socketcan_bridge) by extension 'colcon_pkg'
[0.176s] Level 1:colcon.colcon_core.package_identification:_identify(src/ros2socketcan_bridge) by extensions ['colcon_meta']
[0.176s] Level 1:colcon.colcon_core.package_identification:_identify(src/ros2socketcan_bridge) by extension 'colcon_meta'
[0.176s] Level 1:colcon.colcon_core.package_identification:_identify(src/ros2socketcan_bridge) by extensions ['ros']
[0.176s] Level 1:colcon.colcon_core.package_identification:_identify(src/ros2socketcan_bridge) by extension 'ros'
[0.176s] Level 1:colcon.colcon_core.package_identification:_identify(src/ros2socketcan_bridge) by extensions ['cmake', 'python']
[0.176s] Level 1:colcon.colcon_core.package_identification:_identify(src/ros2socketcan_bridge) by extension 'cmake'
[0.176s] Level 1:colcon.colcon_core.package_identification:_identify(src/ros2socketcan_bridge) by extension 'python'
[0.176s] Level 1:colcon.colcon_core.package_identification:_identify(src/ros2socketcan_bridge) by extensions ['python_setup_py']
[0.176s] Level 1:colcon.colcon_core.package_identification:_identify(src/ros2socketcan_bridge) by extension 'python_setup_py'
[0.177s] Level 1:colcon.colcon_core.package_identification:_identify(src/ros2socketcan_bridge/src) by extensions ['ignore', 'ignore_ament_install']
[0.177s] Level 1:colcon.colcon_core.package_identification:_identify(src/ros2socketcan_bridge/src) by extension 'ignore'
[0.177s] Level 1:colcon.colcon_core.package_identification:_identify(src/ros2socketcan_bridge/src) by extension 'ignore_ament_install'
[0.177s] Level 1:colcon.colcon_core.package_identification:_identify(src/ros2socketcan_bridge/src) by extensions ['colcon_pkg']
[0.177s] Level 1:colcon.colcon_core.package_identification:_identify(src/ros2socketcan_bridge/src) by extension 'colcon_pkg'
[0.177s] Level 1:colcon.colcon_core.package_identification:_identify(src/ros2socketcan_bridge/src) by extensions ['colcon_meta']
[0.177s] Level 1:colcon.colcon_core.package_identification:_identify(src/ros2socketcan_bridge/src) by extension 'colcon_meta'
[0.177s] Level 1:colcon.colcon_core.package_identification:_identify(src/ros2socketcan_bridge/src) by extensions ['ros']
[0.177s] Level 1:colcon.colcon_core.package_identification:_identify(src/ros2socketcan_bridge/src) by extension 'ros'
[0.177s] Level 1:colcon.colcon_core.package_identification:_identify(src/ros2socketcan_bridge/src) by extensions ['cmake', 'python']
[0.177s] Level 1:colcon.colcon_core.package_identification:_identify(src/ros2socketcan_bridge/src) by extension 'cmake'
[0.177s] Level 1:colcon.colcon_core.package_identification:_identify(src/ros2socketcan_bridge/src) by extension 'python'
[0.177s] Level 1:colcon.colcon_core.package_identification:_identify(src/ros2socketcan_bridge/src) by extensions ['python_setup_py']
[0.177s] Level 1:colcon.colcon_core.package_identification:_identify(src/ros2socketcan_bridge/src) by extension 'python_setup_py'
[0.177s] Level 1:colcon.colcon_core.package_discovery:discover_packages(recursive) using defaults
[0.177s] Level 1:colcon.colcon_core.package_discovery:discover_packages(ignore) discover
[0.177s] Level 1:colcon.colcon_core.package_discovery:discover_packages(ignore) using defaults
[0.177s] Level 1:colcon.colcon_core.package_discovery:discover_packages(path) discover
[0.177s] Level 1:colcon.colcon_core.package_discovery:discover_packages(path) using defaults
[0.191s] Level 1:colcon.colcon_core.package_discovery:discover_packages(prefix_path) check parameters
[0.191s] Level 1:colcon.colcon_core.package_discovery:discover_packages(prefix_path) discover
[0.194s] DEBUG:colcon.colcon_installed_package_information.package_discovery:Found 1 installed packages in /home/farhan-sw/Documents/Github/learn-ros2/2-intermediate/ros2_ws/install
[0.194s] DEBUG:colcon.colcon_installed_package_information.package_discovery:Found 2 installed packages in /home/farhan-sw/Documents/Github/nebula/nebula-ws/install
[0.195s] DEBUG:colcon.colcon_installed_package_information.package_discovery:Found 321 installed packages in /opt/ros/humble
[0.196s] Level 1:colcon.colcon_core.package_discovery:discover_packages(prefix_path) using defaults
[0.227s] Level 5:colcon.colcon_core.verb:set package 'nebula_bringup' build argument 'cmake_args' from command line to 'None'
[0.227s] Level 5:colcon.colcon_core.verb:set package 'nebula_bringup' build argument 'cmake_target' from command line to 'None'
[0.227s] Level 5:colcon.colcon_core.verb:set package 'nebula_bringup' build argument 'cmake_target_skip_unavailable' from command line to 'False'
[0.227s] Level 5:colcon.colcon_core.verb:set package 'nebula_bringup' build argument 'cmake_clean_cache' from command line to 'False'
[0.227s] Level 5:colcon.colcon_core.verb:set package 'nebula_bringup' build argument 'cmake_clean_first' from command line to 'False'
[0.227s] Level 5:colcon.colcon_core.verb:set package 'nebula_bringup' build argument 'cmake_force_configure' from command line to 'False'
[0.227s] Level 5:colcon.colcon_core.verb:set package 'nebula_bringup' build argument 'ament_cmake_args' from command line to 'None'
[0.227s] Level 5:colcon.colcon_core.verb:set package 'nebula_bringup' build argument 'catkin_cmake_args' from command line to 'None'
[0.227s] Level 5:colcon.colcon_core.verb:set package 'nebula_bringup' build argument 'catkin_skip_building_tests' from command line to 'False'
[0.227s] DEBUG:colcon.colcon_core.verb:Building package 'nebula_bringup' with the following arguments: {'ament_cmake_args': None, 'build_base': '/home/farhan-sw/Documents/Github/nebula/nebula-ws/build/nebula_bringup', 'catkin_cmake_args': None, 'catkin_skip_building_tests': False, 'cmake_args': None, 'cmake_clean_cache': False, 'cmake_clean_first': False, 'cmake_force_configure': False, 'cmake_target': None, 'cmake_target_skip_unavailable': False, 'install_base': '/home/farhan-sw/Documents/Github/nebula/nebula-ws/install/nebula_bringup', 'merge_install': False, 'path': '/home/farhan-sw/Documents/Github/nebula/nebula-ws/src/nebula_bringup', 'symlink_install': False, 'test_result_base': None}
[0.228s] Level 5:colcon.colcon_core.verb:set package 'nebula_config' build argument 'cmake_args' from command line to 'None'
[0.228s] Level 5:colcon.colcon_core.verb:set package 'nebula_config' build argument 'cmake_target' from command line to 'None'
[0.228s] Level 5:colcon.colcon_core.verb:set package 'nebula_config' build argument 'cmake_target_skip_unavailable' from command line to 'False'
[0.228s] Level 5:colcon.colcon_core.verb:set package 'nebula_config' build argument 'cmake_clean_cache' from command line to 'False'
[0.228s] Level 5:colcon.colcon_core.verb:set package 'nebula_config' build argument 'cmake_clean_first' from command line to 'False'
[0.228s] Level 5:colcon.colcon_core.verb:set package 'nebula_config' build argument 'cmake_force_configure' from command line to 'False'
[0.228s] Level 5:colcon.colcon_core.verb:set package 'nebula_config' build argument 'ament_cmake_args' from command line to 'None'
[0.228s] Level 5:colcon.colcon_core.verb:set package 'nebula_config' build argument 'catkin_cmake_args' from command line to 'None'
[0.228s] Level 5:colcon.colcon_core.verb:set package 'nebula_config' build argument 'catkin_skip_building_tests' from command line to 'False'
[0.228s] DEBUG:colcon.colcon_core.verb:Building package 'nebula_config' with the following arguments: {'ament_cmake_args': None, 'build_base': '/home/farhan-sw/Documents/Github/nebula/nebula-ws/build/nebula_config', 'catkin_cmake_args': None, 'catkin_skip_building_tests': False, 'cmake_args': None, 'cmake_clean_cache': False, 'cmake_clean_first': False, 'cmake_force_configure': False, 'cmake_target': None, 'cmake_target_skip_unavailable': False, 'install_base': '/home/farhan-sw/Documents/Github/nebula/nebula-ws/install/nebula_config', 'merge_install': False, 'path': '/home/farhan-sw/Documents/Github/nebula/nebula-ws/src/nebula_config', 'symlink_install': False, 'test_result_base': None}
[0.228s] Level 5:colcon.colcon_core.verb:set package 'ros2_socketcan_msgs' build argument 'cmake_args' from command line to 'None'
[0.228s] Level 5:colcon.colcon_core.verb:set package 'ros2_socketcan_msgs' build argument 'cmake_target' from command line to 'None'
[0.228s] Level 5:colcon.colcon_core.verb:set package 'ros2_socketcan_msgs' build argument 'cmake_target_skip_unavailable' from command line to 'False'
[0.228s] Level 5:colcon.colcon_core.verb:set package 'ros2_socketcan_msgs' build argument 'cmake_clean_cache' from command line to 'False'
[0.228s] Level 5:colcon.colcon_core.verb:set package 'ros2_socketcan_msgs' build argument 'cmake_clean_first' from command line to 'False'
[0.228s] Level 5:colcon.colcon_core.verb:set package 'ros2_socketcan_msgs' build argument 'cmake_force_configure' from command line to 'False'
[0.228s] Level 5:colcon.colcon_core.verb:set package 'ros2_socketcan_msgs' build argument 'ament_cmake_args' from command line to 'None'
[0.228s] Level 5:colcon.colcon_core.verb:set package 'ros2_socketcan_msgs' build argument 'catkin_cmake_args' from command line to 'None'
[0.228s] Level 5:colcon.colcon_core.verb:set package 'ros2_socketcan_msgs' build argument 'catkin_skip_building_tests' from command line to 'False'
[0.228s] DEBUG:colcon.colcon_core.verb:Building package 'ros2_socketcan_msgs' with the following arguments: {'ament_cmake_args': None, 'build_base': '/home/farhan-sw/Documents/Github/nebula/nebula-ws/build/ros2_socketcan_msgs', 'catkin_cmake_args': None, 'catkin_skip_building_tests': False, 'cmake_args': None, 'cmake_clean_cache': False, 'cmake_clean_first': False, 'cmake_force_configure': False, 'cmake_target': None, 'cmake_target_skip_unavailable': False, 'install_base': '/home/farhan-sw/Documents/Github/nebula/nebula-ws/install/ros2_socketcan_msgs', 'merge_install': False, 'path': '/home/farhan-sw/Documents/Github/nebula/nebula-ws/src/ros2_socketcan/ros2_socketcan_msgs', 'symlink_install': False, 'test_result_base': None}
[0.228s] Level 5:colcon.colcon_core.verb:set package 'ros2_socketcan' build argument 'cmake_args' from command line to 'None'
[0.228s] Level 5:colcon.colcon_core.verb:set package 'ros2_socketcan' build argument 'cmake_target' from command line to 'None'
[0.228s] Level 5:colcon.colcon_core.verb:set package 'ros2_socketcan' build argument 'cmake_target_skip_unavailable' from command line to 'False'
[0.228s] Level 5:colcon.colcon_core.verb:set package 'ros2_socketcan' build argument 'cmake_clean_cache' from command line to 'False'
[0.228s] Level 5:colcon.colcon_core.verb:set package 'ros2_socketcan' build argument 'cmake_clean_first' from command line to 'False'
[0.228s] Level 5:colcon.colcon_core.verb:set package 'ros2_socketcan' build argument 'cmake_force_configure' from command line to 'False'
[0.228s] Level 5:colcon.colcon_core.verb:set package 'ros2_socketcan' build argument 'ament_cmake_args' from command line to 'None'
[0.228s] Level 5:colcon.colcon_core.verb:set package 'ros2_socketcan' build argument 'catkin_cmake_args' from command line to 'None'
[0.228s] Level 5:colcon.colcon_core.verb:set package 'ros2_socketcan' build argument 'catkin_skip_building_tests' from command line to 'False'
[0.228s] DEBUG:colcon.colcon_core.verb:Building package 'ros2_socketcan' with the following arguments: {'ament_cmake_args': None, 'build_base': '/home/farhan-sw/Documents/Github/nebula/nebula-ws/build/ros2_socketcan', 'catkin_cmake_args': None, 'catkin_skip_building_tests': False, 'cmake_args': None, 'cmake_clean_cache': False, 'cmake_clean_first': False, 'cmake_force_configure': False, 'cmake_target': None, 'cmake_target_skip_unavailable': False, 'install_base': '/home/farhan-sw/Documents/Github/nebula/nebula-ws/install/ros2_socketcan', 'merge_install': False, 'path': '/home/farhan-sw/Documents/Github/nebula/nebula-ws/src/ros2_socketcan/ros2_socketcan', 'symlink_install': False, 'test_result_base': None}
[0.229s] INFO:colcon.colcon_core.executor:Executing jobs using 'parallel' executor
[0.229s] DEBUG:colcon.colcon_parallel_executor.executor.parallel:run_until_complete
[0.229s] INFO:colcon.colcon_ros.task.ament_cmake.build:Building ROS package in '/home/farhan-sw/Documents/Github/nebula/nebula-ws/src/ros2_socketcan/ros2_socketcan_msgs' with build type 'ament_cmake'
[0.229s] INFO:colcon.colcon_cmake.task.cmake.build:Building CMake package in '/home/farhan-sw/Documents/Github/nebula/nebula-ws/src/ros2_socketcan/ros2_socketcan_msgs'
[0.234s] INFO:colcon.colcon_core.plugin_system:Skipping extension 'colcon_core.shell.bat': Not used on non-Windows systems
[0.234s] INFO:colcon.colcon_core.shell:Skip shell extension 'powershell' for command environment: Not usable outside of PowerShell
[0.234s] DEBUG:colcon.colcon_core.shell:Skip shell extension 'dsv' for command environment
[0.236s] INFO:colcon.colcon_ros.task.ament_cmake.build:Building ROS package in '/home/farhan-sw/Documents/Github/nebula/nebula-ws/src/nebula_bringup' with build type 'ament_cmake'
[0.236s] INFO:colcon.colcon_cmake.task.cmake.build:Building CMake package in '/home/farhan-sw/Documents/Github/nebula/nebula-ws/src/nebula_bringup'
[0.236s] INFO:colcon.colcon_core.shell:Skip shell extension 'powershell' for command environment: Not usable outside of PowerShell
[0.236s] DEBUG:colcon.colcon_core.shell:Skip shell extension 'dsv' for command environment
[0.239s] INFO:colcon.colcon_ros.task.ament_cmake.build:Building ROS package in '/home/farhan-sw/Documents/Github/nebula/nebula-ws/src/nebula_config' with build type 'ament_cmake'
[0.239s] INFO:colcon.colcon_cmake.task.cmake.build:Building CMake package in '/home/farhan-sw/Documents/Github/nebula/nebula-ws/src/nebula_config'
[0.239s] INFO:colcon.colcon_core.shell:Skip shell extension 'powershell' for command environment: Not usable outside of PowerShell
[0.239s] DEBUG:colcon.colcon_core.shell:Skip shell extension 'dsv' for command environment
[0.243s] DEBUG:colcon.colcon_core.event_handler.log_command:Invoking command in '/home/farhan-sw/Documents/Github/nebula/nebula-ws/build/ros2_socketcan_msgs': CMAKE_PREFIX_PATH=${CMAKE_PREFIX_PATH}:/opt/ros/humble /usr/bin/cmake /home/farhan-sw/Documents/Github/nebula/nebula-ws/src/ros2_socketcan/ros2_socketcan_msgs -DCMAKE_INSTALL_PREFIX=/home/farhan-sw/Documents/Github/nebula/nebula-ws/install/ros2_socketcan_msgs
[0.246s] DEBUG:colcon.colcon_core.event_handler.log_command:Invoking command in '/home/farhan-sw/Documents/Github/nebula/nebula-ws/build/nebula_bringup': CMAKE_PREFIX_PATH=${CMAKE_PREFIX_PATH}:/opt/ros/humble /usr/bin/cmake --build /home/farhan-sw/Documents/Github/nebula/nebula-ws/build/nebula_bringup -- -j16 -l16
[0.249s] DEBUG:colcon.colcon_core.event_handler.log_command:Invoking command in '/home/farhan-sw/Documents/Github/nebula/nebula-ws/build/nebula_config': CMAKE_PREFIX_PATH=${CMAKE_PREFIX_PATH}:/opt/ros/humble /usr/bin/cmake --build /home/farhan-sw/Documents/Github/nebula/nebula-ws/build/nebula_config -- -j16 -l16
[0.277s] DEBUG:colcon.colcon_core.event_handler.log_command:Invoked command in '/home/farhan-sw/Documents/Github/nebula/nebula-ws/build/nebula_config' returned '0': CMAKE_PREFIX_PATH=${CMAKE_PREFIX_PATH}:/opt/ros/humble /usr/bin/cmake --build /home/farhan-sw/Documents/Github/nebula/nebula-ws/build/nebula_config -- -j16 -l16
[0.278s] DEBUG:colcon.colcon_core.event_handler.log_command:Invoked command in '/home/farhan-sw/Documents/Github/nebula/nebula-ws/build/nebula_bringup' returned '0': CMAKE_PREFIX_PATH=${CMAKE_PREFIX_PATH}:/opt/ros/humble /usr/bin/cmake --build /home/farhan-sw/Documents/Github/nebula/nebula-ws/build/nebula_bringup -- -j16 -l16
[0.296s] DEBUG:colcon.colcon_core.event_handler.log_command:Invoking command in '/home/farhan-sw/Documents/Github/nebula/nebula-ws/build/nebula_config': CMAKE_PREFIX_PATH=${CMAKE_PREFIX_PATH}:/opt/ros/humble /usr/bin/cmake --install /home/farhan-sw/Documents/Github/nebula/nebula-ws/build/nebula_config
[0.297s] DEBUG:colcon.colcon_core.event_handler.log_command:Invoking command in '/home/farhan-sw/Documents/Github/nebula/nebula-ws/build/nebula_bringup': CMAKE_PREFIX_PATH=${CMAKE_PREFIX_PATH}:/opt/ros/humble /usr/bin/cmake --install /home/farhan-sw/Documents/Github/nebula/nebula-ws/build/nebula_bringup
[0.302s] Level 1:colcon.colcon_core.environment:create_environment_scripts_only(nebula_config)
[0.303s] DEBUG:colcon.colcon_core.event_handler.log_command:Invoked command in '/home/farhan-sw/Documents/Github/nebula/nebula-ws/build/nebula_config' returned '0': CMAKE_PREFIX_PATH=${CMAKE_PREFIX_PATH}:/opt/ros/humble /usr/bin/cmake --install /home/farhan-sw/Documents/Github/nebula/nebula-ws/build/nebula_config
[0.306s] Level 1:colcon.colcon_core.environment:checking '/home/farhan-sw/Documents/Github/nebula/nebula-ws/install/nebula_config' for CMake module files
[0.306s] Level 1:colcon.colcon_core.environment:checking '/home/farhan-sw/Documents/Github/nebula/nebula-ws/install/nebula_config' for CMake config files
[0.306s] Level 1:colcon.colcon_core.shell:create_environment_hook('nebula_config', 'cmake_prefix_path')
[0.307s] INFO:colcon.colcon_core.shell:Creating environment hook '/home/farhan-sw/Documents/Github/nebula/nebula-ws/install/nebula_config/share/nebula_config/hook/cmake_prefix_path.ps1'
[0.307s] INFO:colcon.colcon_core.shell:Creating environment descriptor '/home/farhan-sw/Documents/Github/nebula/nebula-ws/install/nebula_config/share/nebula_config/hook/cmake_prefix_path.dsv'
[0.308s] INFO:colcon.colcon_core.shell:Creating environment hook '/home/farhan-sw/Documents/Github/nebula/nebula-ws/install/nebula_config/share/nebula_config/hook/cmake_prefix_path.sh'
[0.308s] Level 1:colcon.colcon_core.environment:checking '/home/farhan-sw/Documents/Github/nebula/nebula-ws/install/nebula_config/bin'
[0.308s] Level 1:colcon.colcon_core.environment:checking '/home/farhan-sw/Documents/Github/nebula/nebula-ws/install/nebula_config/lib/pkgconfig/nebula_config.pc'
[0.308s] Level 1:colcon.colcon_core.environment:checking '/home/farhan-sw/Documents/Github/nebula/nebula-ws/install/nebula_config/lib/python3.10/site-packages'
[0.309s] Level 1:colcon.colcon_core.environment:checking '/home/farhan-sw/Documents/Github/nebula/nebula-ws/install/nebula_config/bin'
[0.309s] INFO:colcon.colcon_core.shell:Creating package script '/home/farhan-sw/Documents/Github/nebula/nebula-ws/install/nebula_config/share/nebula_config/package.ps1'
[0.309s] INFO:colcon.colcon_core.shell:Creating package descriptor '/home/farhan-sw/Documents/Github/nebula/nebula-ws/install/nebula_config/share/nebula_config/package.dsv'
[0.310s] INFO:colcon.colcon_core.shell:Creating package script '/home/farhan-sw/Documents/Github/nebula/nebula-ws/install/nebula_config/share/nebula_config/package.sh'
[0.311s] INFO:colcon.colcon_core.shell:Creating package script '/home/farhan-sw/Documents/Github/nebula/nebula-ws/install/nebula_config/share/nebula_config/package.bash'
[0.311s] INFO:colcon.colcon_core.shell:Creating package script '/home/farhan-sw/Documents/Github/nebula/nebula-ws/install/nebula_config/share/nebula_config/package.zsh'
[0.312s] Level 1:colcon.colcon_core.environment:create_file_with_runtime_dependencies(/home/farhan-sw/Documents/Github/nebula/nebula-ws/install/nebula_config/share/colcon-core/packages/nebula_config)
[0.313s] Level 1:colcon.colcon_core.environment:create_environment_scripts_only(nebula_bringup)
[0.313s] Level 1:colcon.colcon_core.environment:checking '/home/farhan-sw/Documents/Github/nebula/nebula-ws/install/nebula_bringup' for CMake module files
[0.313s] DEBUG:colcon.colcon_core.event_handler.log_command:Invoked command in '/home/farhan-sw/Documents/Github/nebula/nebula-ws/build/nebula_bringup' returned '0': CMAKE_PREFIX_PATH=${CMAKE_PREFIX_PATH}:/opt/ros/humble /usr/bin/cmake --install /home/farhan-sw/Documents/Github/nebula/nebula-ws/build/nebula_bringup
[0.313s] Level 1:colcon.colcon_core.environment:checking '/home/farhan-sw/Documents/Github/nebula/nebula-ws/install/nebula_bringup' for CMake config files
[0.314s] Level 1:colcon.colcon_core.shell:create_environment_hook('nebula_bringup', 'cmake_prefix_path')
[0.314s] INFO:colcon.colcon_core.shell:Creating environment hook '/home/farhan-sw/Documents/Github/nebula/nebula-ws/install/nebula_bringup/share/nebula_bringup/hook/cmake_prefix_path.ps1'
[0.314s] INFO:colcon.colcon_core.shell:Creating environment descriptor '/home/farhan-sw/Documents/Github/nebula/nebula-ws/install/nebula_bringup/share/nebula_bringup/hook/cmake_prefix_path.dsv'
[0.314s] INFO:colcon.colcon_core.shell:Creating environment hook '/home/farhan-sw/Documents/Github/nebula/nebula-ws/install/nebula_bringup/share/nebula_bringup/hook/cmake_prefix_path.sh'
[0.314s] Level 1:colcon.colcon_core.environment:checking '/home/farhan-sw/Documents/Github/nebula/nebula-ws/install/nebula_bringup/bin'
[0.314s] Level 1:colcon.colcon_core.environment:checking '/home/farhan-sw/Documents/Github/nebula/nebula-ws/install/nebula_bringup/lib/pkgconfig/nebula_bringup.pc'
[0.315s] Level 1:colcon.colcon_core.environment:checking '/home/farhan-sw/Documents/Github/nebula/nebula-ws/install/nebula_bringup/lib/python3.10/site-packages'
[0.315s] Level 1:colcon.colcon_core.environment:checking '/home/farhan-sw/Documents/Github/nebula/nebula-ws/install/nebula_bringup/bin'
[0.315s] INFO:colcon.colcon_core.shell:Creating package script '/home/farhan-sw/Documents/Github/nebula/nebula-ws/install/nebula_bringup/share/nebula_bringup/package.ps1'
[0.315s] INFO:colcon.colcon_core.shell:Creating package descriptor '/home/farhan-sw/Documents/Github/nebula/nebula-ws/install/nebula_bringup/share/nebula_bringup/package.dsv'
[0.315s] INFO:colcon.colcon_core.shell:Creating package script '/home/farhan-sw/Documents/Github/nebula/nebula-ws/install/nebula_bringup/share/nebula_bringup/package.sh'
[0.316s] INFO:colcon.colcon_core.shell:Creating package script '/home/farhan-sw/Documents/Github/nebula/nebula-ws/install/nebula_bringup/share/nebula_bringup/package.bash'
[0.316s] INFO:colcon.colcon_core.shell:Creating package script '/home/farhan-sw/Documents/Github/nebula/nebula-ws/install/nebula_bringup/share/nebula_bringup/package.zsh'
[0.316s] Level 1:colcon.colcon_core.environment:create_file_with_runtime_dependencies(/home/farhan-sw/Documents/Github/nebula/nebula-ws/install/nebula_bringup/share/colcon-core/packages/nebula_bringup)
[0.324s] Level 1:colcon.colcon_core.environment:create_environment_scripts_only(nebula_config)
[0.325s] Level 1:colcon.colcon_core.environment:checking '/home/farhan-sw/Documents/Github/nebula/nebula-ws/install/nebula_config' for CMake module files
[0.325s] Level 1:colcon.colcon_core.environment:checking '/home/farhan-sw/Documents/Github/nebula/nebula-ws/install/nebula_config' for CMake config files
[0.325s] Level 1:colcon.colcon_core.shell:create_environment_hook('nebula_config', 'cmake_prefix_path')
[0.325s] INFO:colcon.colcon_core.shell:Creating environment hook '/home/farhan-sw/Documents/Github/nebula/nebula-ws/install/nebula_config/share/nebula_config/hook/cmake_prefix_path.ps1'
[0.325s] INFO:colcon.colcon_core.shell:Creating environment descriptor '/home/farhan-sw/Documents/Github/nebula/nebula-ws/install/nebula_config/share/nebula_config/hook/cmake_prefix_path.dsv'
[0.325s] INFO:colcon.colcon_core.shell:Creating environment hook '/home/farhan-sw/Documents/Github/nebula/nebula-ws/install/nebula_config/share/nebula_config/hook/cmake_prefix_path.sh'
[0.326s] Level 1:colcon.colcon_core.environment:checking '/home/farhan-sw/Documents/Github/nebula/nebula-ws/install/nebula_config/bin'
[0.326s] Level 1:colcon.colcon_core.environment:checking '/home/farhan-sw/Documents/Github/nebula/nebula-ws/install/nebula_config/lib/pkgconfig/nebula_config.pc'
[0.326s] Level 1:colcon.colcon_core.environment:checking '/home/farhan-sw/Documents/Github/nebula/nebula-ws/install/nebula_config/lib/python3.10/site-packages'
[0.326s] Level 1:colcon.colcon_core.environment:checking '/home/farhan-sw/Documents/Github/nebula/nebula-ws/install/nebula_config/bin'
[0.326s] INFO:colcon.colcon_core.shell:Creating package script '/home/farhan-sw/Documents/Github/nebula/nebula-ws/install/nebula_config/share/nebula_config/package.ps1'
[0.327s] INFO:colcon.colcon_core.shell:Creating package descriptor '/home/farhan-sw/Documents/Github/nebula/nebula-ws/install/nebula_config/share/nebula_config/package.dsv'
[0.327s] INFO:colcon.colcon_core.shell:Creating package script '/home/farhan-sw/Documents/Github/nebula/nebula-ws/install/nebula_config/share/nebula_config/package.sh'
[0.327s] INFO:colcon.colcon_core.shell:Creating package script '/home/farhan-sw/Documents/Github/nebula/nebula-ws/install/nebula_config/share/nebula_config/package.bash'
[0.327s] INFO:colcon.colcon_core.shell:Creating package script '/home/farhan-sw/Documents/Github/nebula/nebula-ws/install/nebula_config/share/nebula_config/package.zsh'
[0.328s] Level 1:colcon.colcon_core.environment:create_file_with_runtime_dependencies(/home/farhan-sw/Documents/Github/nebula/nebula-ws/install/nebula_config/share/colcon-core/packages/nebula_config)
[0.329s] Level 1:colcon.colcon_core.environment:create_environment_scripts_only(nebula_bringup)
[0.329s] Level 1:colcon.colcon_core.environment:checking '/home/farhan-sw/Documents/Github/nebula/nebula-ws/install/nebula_bringup' for CMake module files
[0.330s] Level 1:colcon.colcon_core.environment:checking '/home/farhan-sw/Documents/Github/nebula/nebula-ws/install/nebula_bringup' for CMake config files
[0.330s] Level 1:colcon.colcon_core.shell:create_environment_hook('nebula_bringup', 'cmake_prefix_path')
[0.330s] INFO:colcon.colcon_core.shell:Creating environment hook '/home/farhan-sw/Documents/Github/nebula/nebula-ws/install/nebula_bringup/share/nebula_bringup/hook/cmake_prefix_path.ps1'
[0.330s] INFO:colcon.colcon_core.shell:Creating environment descriptor '/home/farhan-sw/Documents/Github/nebula/nebula-ws/install/nebula_bringup/share/nebula_bringup/hook/cmake_prefix_path.dsv'
[0.330s] INFO:colcon.colcon_core.shell:Creating environment hook '/home/farhan-sw/Documents/Github/nebula/nebula-ws/install/nebula_bringup/share/nebula_bringup/hook/cmake_prefix_path.sh'
[0.331s] Level 1:colcon.colcon_core.environment:checking '/home/farhan-sw/Documents/Github/nebula/nebula-ws/install/nebula_bringup/bin'
[0.331s] Level 1:colcon.colcon_core.environment:checking '/home/farhan-sw/Documents/Github/nebula/nebula-ws/install/nebula_bringup/lib/pkgconfig/nebula_bringup.pc'
[0.331s] Level 1:colcon.colcon_core.environment:checking '/home/farhan-sw/Documents/Github/nebula/nebula-ws/install/nebula_bringup/lib/python3.10/site-packages'
[0.331s] Level 1:colcon.colcon_core.environment:checking '/home/farhan-sw/Documents/Github/nebula/nebula-ws/install/nebula_bringup/bin'
[0.331s] INFO:colcon.colcon_core.shell:Creating package script '/home/farhan-sw/Documents/Github/nebula/nebula-ws/install/nebula_bringup/share/nebula_bringup/package.ps1'
[0.331s] INFO:colcon.colcon_core.shell:Creating package descriptor '/home/farhan-sw/Documents/Github/nebula/nebula-ws/install/nebula_bringup/share/nebula_bringup/package.dsv'
[0.332s] INFO:colcon.colcon_core.shell:Creating package script '/home/farhan-sw/Documents/Github/nebula/nebula-ws/install/nebula_bringup/share/nebula_bringup/package.sh'
[0.332s] INFO:colcon.colcon_core.shell:Creating package script '/home/farhan-sw/Documents/Github/nebula/nebula-ws/install/nebula_bringup/share/nebula_bringup/package.bash'
[0.332s] INFO:colcon.colcon_core.shell:Creating package script '/home/farhan-sw/Documents/Github/nebula/nebula-ws/install/nebula_bringup/share/nebula_bringup/package.zsh'
[0.332s] Level 1:colcon.colcon_core.environment:create_file_with_runtime_dependencies(/home/farhan-sw/Documents/Github/nebula/nebula-ws/install/nebula_bringup/share/colcon-core/packages/nebula_bringup)
[1.545s] DEBUG:colcon.colcon_core.event_handler.log_command:Invoked command in '/home/farhan-sw/Documents/Github/nebula/nebula-ws/build/ros2_socketcan_msgs' returned '0': CMAKE_PREFIX_PATH=${CMAKE_PREFIX_PATH}:/opt/ros/humble /usr/bin/cmake /home/farhan-sw/Documents/Github/nebula/nebula-ws/src/ros2_socketcan/ros2_socketcan_msgs -DCMAKE_INSTALL_PREFIX=/home/farhan-sw/Documents/Github/nebula/nebula-ws/install/ros2_socketcan_msgs
[1.546s] DEBUG:colcon.colcon_core.event_handler.log_command:Invoking command in '/home/farhan-sw/Documents/Github/nebula/nebula-ws/build/ros2_socketcan_msgs': CMAKE_PREFIX_PATH=${CMAKE_PREFIX_PATH}:/opt/ros/humble /usr/bin/cmake --build /home/farhan-sw/Documents/Github/nebula/nebula-ws/build/ros2_socketcan_msgs -- -j16 -l16
[2.689s] DEBUG:colcon.colcon_core.event_handler.log_command:Invoked command in '/home/farhan-sw/Documents/Github/nebula/nebula-ws/build/ros2_socketcan_msgs' returned '0': CMAKE_PREFIX_PATH=${CMAKE_PREFIX_PATH}:/opt/ros/humble /usr/bin/cmake --build /home/farhan-sw/Documents/Github/nebula/nebula-ws/build/ros2_socketcan_msgs -- -j16 -l16
[2.763s] DEBUG:colcon.colcon_core.event_handler.log_command:Invoking command in '/home/farhan-sw/Documents/Github/nebula/nebula-ws/build/ros2_socketcan_msgs': CMAKE_PREFIX_PATH=${CMAKE_PREFIX_PATH}:/opt/ros/humble /usr/bin/cmake --install /home/farhan-sw/Documents/Github/nebula/nebula-ws/build/ros2_socketcan_msgs
[2.813s] Level 1:colcon.colcon_core.environment:create_environment_scripts_only(ros2_socketcan_msgs)
[2.814s] Level 1:colcon.colcon_core.environment:checking '/home/farhan-sw/Documents/Github/nebula/nebula-ws/install/ros2_socketcan_msgs' for CMake module files
[2.814s] DEBUG:colcon.colcon_core.event_handler.log_command:Invoked command in '/home/farhan-sw/Documents/Github/nebula/nebula-ws/build/ros2_socketcan_msgs' returned '0': CMAKE_PREFIX_PATH=${CMAKE_PREFIX_PATH}:/opt/ros/humble /usr/bin/cmake --install /home/farhan-sw/Documents/Github/nebula/nebula-ws/build/ros2_socketcan_msgs
[2.814s] Level 1:colcon.colcon_core.environment:checking '/home/farhan-sw/Documents/Github/nebula/nebula-ws/install/ros2_socketcan_msgs' for CMake config files
[2.814s] Level 1:colcon.colcon_core.shell:create_environment_hook('ros2_socketcan_msgs', 'cmake_prefix_path')
[2.815s] INFO:colcon.colcon_core.shell:Creating environment hook '/home/farhan-sw/Documents/Github/nebula/nebula-ws/install/ros2_socketcan_msgs/share/ros2_socketcan_msgs/hook/cmake_prefix_path.ps1'
[2.815s] INFO:colcon.colcon_core.shell:Creating environment descriptor '/home/farhan-sw/Documents/Github/nebula/nebula-ws/install/ros2_socketcan_msgs/share/ros2_socketcan_msgs/hook/cmake_prefix_path.dsv'
[2.815s] INFO:colcon.colcon_core.shell:Creating environment hook '/home/farhan-sw/Documents/Github/nebula/nebula-ws/install/ros2_socketcan_msgs/share/ros2_socketcan_msgs/hook/cmake_prefix_path.sh'
[2.815s] Level 1:colcon.colcon_core.environment:checking '/home/farhan-sw/Documents/Github/nebula/nebula-ws/install/ros2_socketcan_msgs/lib'
[2.816s] Level 1:colcon.colcon_core.shell:create_environment_hook('ros2_socketcan_msgs', 'ld_library_path_lib')
[2.816s] INFO:colcon.colcon_core.shell:Creating environment hook '/home/farhan-sw/Documents/Github/nebula/nebula-ws/install/ros2_socketcan_msgs/share/ros2_socketcan_msgs/hook/ld_library_path_lib.ps1'
[2.816s] INFO:colcon.colcon_core.shell:Creating environment descriptor '/home/farhan-sw/Documents/Github/nebula/nebula-ws/install/ros2_socketcan_msgs/share/ros2_socketcan_msgs/hook/ld_library_path_lib.dsv'
[2.816s] INFO:colcon.colcon_core.shell:Creating environment hook '/home/farhan-sw/Documents/Github/nebula/nebula-ws/install/ros2_socketcan_msgs/share/ros2_socketcan_msgs/hook/ld_library_path_lib.sh'
[2.816s] Level 1:colcon.colcon_core.environment:checking '/home/farhan-sw/Documents/Github/nebula/nebula-ws/install/ros2_socketcan_msgs/bin'
[2.816s] Level 1:colcon.colcon_core.environment:checking '/home/farhan-sw/Documents/Github/nebula/nebula-ws/install/ros2_socketcan_msgs/lib/pkgconfig/ros2_socketcan_msgs.pc'
[2.816s] Level 1:colcon.colcon_core.environment:checking '/home/farhan-sw/Documents/Github/nebula/nebula-ws/install/ros2_socketcan_msgs/lib/python3.10/site-packages'
[2.817s] Level 1:colcon.colcon_core.environment:checking '/home/farhan-sw/Documents/Github/nebula/nebula-ws/install/ros2_socketcan_msgs/bin'
[2.817s] INFO:colcon.colcon_core.shell:Creating package script '/home/farhan-sw/Documents/Github/nebula/nebula-ws/install/ros2_socketcan_msgs/share/ros2_socketcan_msgs/package.ps1'
[2.817s] INFO:colcon.colcon_core.shell:Creating package descriptor '/home/farhan-sw/Documents/Github/nebula/nebula-ws/install/ros2_socketcan_msgs/share/ros2_socketcan_msgs/package.dsv'
[2.817s] INFO:colcon.colcon_core.shell:Creating package script '/home/farhan-sw/Documents/Github/nebula/nebula-ws/install/ros2_socketcan_msgs/share/ros2_socketcan_msgs/package.sh'
[2.817s] INFO:colcon.colcon_core.shell:Creating package script '/home/farhan-sw/Documents/Github/nebula/nebula-ws/install/ros2_socketcan_msgs/share/ros2_socketcan_msgs/package.bash'
[2.817s] INFO:colcon.colcon_core.shell:Creating package script '/home/farhan-sw/Documents/Github/nebula/nebula-ws/install/ros2_socketcan_msgs/share/ros2_socketcan_msgs/package.zsh'
[2.818s] Level 1:colcon.colcon_core.environment:create_file_with_runtime_dependencies(/home/farhan-sw/Documents/Github/nebula/nebula-ws/install/ros2_socketcan_msgs/share/colcon-core/packages/ros2_socketcan_msgs)
[2.854s] Level 1:colcon.colcon_core.environment:create_environment_scripts_only(ros2_socketcan_msgs)
[2.854s] Level 1:colcon.colcon_core.environment:checking '/home/farhan-sw/Documents/Github/nebula/nebula-ws/install/ros2_socketcan_msgs' for CMake module files
[2.854s] Level 1:colcon.colcon_core.environment:checking '/home/farhan-sw/Documents/Github/nebula/nebula-ws/install/ros2_socketcan_msgs' for CMake config files
[2.854s] Level 1:colcon.colcon_core.shell:create_environment_hook('ros2_socketcan_msgs', 'cmake_prefix_path')
[2.855s] INFO:colcon.colcon_core.shell:Creating environment hook '/home/farhan-sw/Documents/Github/nebula/nebula-ws/install/ros2_socketcan_msgs/share/ros2_socketcan_msgs/hook/cmake_prefix_path.ps1'
[2.855s] INFO:colcon.colcon_core.shell:Creating environment descriptor '/home/farhan-sw/Documents/Github/nebula/nebula-ws/install/ros2_socketcan_msgs/share/ros2_socketcan_msgs/hook/cmake_prefix_path.dsv'
[2.855s] INFO:colcon.colcon_core.shell:Creating environment hook '/home/farhan-sw/Documents/Github/nebula/nebula-ws/install/ros2_socketcan_msgs/share/ros2_socketcan_msgs/hook/cmake_prefix_path.sh'
[2.855s] Level 1:colcon.colcon_core.environment:checking '/home/farhan-sw/Documents/Github/nebula/nebula-ws/install/ros2_socketcan_msgs/lib'
[2.855s] Level 1:colcon.colcon_core.shell:create_environment_hook('ros2_socketcan_msgs', 'ld_library_path_lib')
[2.856s] INFO:colcon.colcon_core.shell:Creating environment hook '/home/farhan-sw/Documents/Github/nebula/nebula-ws/install/ros2_socketcan_msgs/share/ros2_socketcan_msgs/hook/ld_library_path_lib.ps1'
[2.856s] INFO:colcon.colcon_core.shell:Creating environment descriptor '/home/farhan-sw/Documents/Github/nebula/nebula-ws/install/ros2_socketcan_msgs/share/ros2_socketcan_msgs/hook/ld_library_path_lib.dsv'
[2.856s] INFO:colcon.colcon_core.shell:Creating environment hook '/home/farhan-sw/Documents/Github/nebula/nebula-ws/install/ros2_socketcan_msgs/share/ros2_socketcan_msgs/hook/ld_library_path_lib.sh'
[2.856s] Level 1:colcon.colcon_core.environment:checking '/home/farhan-sw/Documents/Github/nebula/nebula-ws/install/ros2_socketcan_msgs/bin'
[2.856s] Level 1:colcon.colcon_core.environment:checking '/home/farhan-sw/Documents/Github/nebula/nebula-ws/install/ros2_socketcan_msgs/lib/pkgconfig/ros2_socketcan_msgs.pc'
[2.856s] Level 1:colcon.colcon_core.environment:checking '/home/farhan-sw/Documents/Github/nebula/nebula-ws/install/ros2_socketcan_msgs/lib/python3.10/site-packages'
[2.857s] Level 1:colcon.colcon_core.environment:checking '/home/farhan-sw/Documents/Github/nebula/nebula-ws/install/ros2_socketcan_msgs/bin'
[2.857s] INFO:colcon.colcon_core.shell:Creating package script '/home/farhan-sw/Documents/Github/nebula/nebula-ws/install/ros2_socketcan_msgs/share/ros2_socketcan_msgs/package.ps1'
[2.857s] INFO:colcon.colcon_core.shell:Creating package descriptor '/home/farhan-sw/Documents/Github/nebula/nebula-ws/install/ros2_socketcan_msgs/share/ros2_socketcan_msgs/package.dsv'
[2.857s] INFO:colcon.colcon_core.shell:Creating package script '/home/farhan-sw/Documents/Github/nebula/nebula-ws/install/ros2_socketcan_msgs/share/ros2_socketcan_msgs/package.sh'
[2.858s] INFO:colcon.colcon_core.shell:Creating package script '/home/farhan-sw/Documents/Github/nebula/nebula-ws/install/ros2_socketcan_msgs/share/ros2_socketcan_msgs/package.bash'
[2.858s] INFO:colcon.colcon_core.shell:Creating package script '/home/farhan-sw/Documents/Github/nebula/nebula-ws/install/ros2_socketcan_msgs/share/ros2_socketcan_msgs/package.zsh'
[2.858s] Level 1:colcon.colcon_core.environment:create_file_with_runtime_dependencies(/home/farhan-sw/Documents/Github/nebula/nebula-ws/install/ros2_socketcan_msgs/share/colcon-core/packages/ros2_socketcan_msgs)
[2.858s] INFO:colcon.colcon_ros.task.ament_cmake.build:Building ROS package in '/home/farhan-sw/Documents/Github/nebula/nebula-ws/src/ros2_socketcan/ros2_socketcan' with build type 'ament_cmake'
[2.858s] INFO:colcon.colcon_cmake.task.cmake.build:Building CMake package in '/home/farhan-sw/Documents/Github/nebula/nebula-ws/src/ros2_socketcan/ros2_socketcan'
[2.859s] INFO:colcon.colcon_core.shell:Skip shell extension 'powershell' for command environment: Not usable outside of PowerShell
[2.859s] DEBUG:colcon.colcon_core.shell:Skip shell extension 'dsv' for command environment
[2.865s] DEBUG:colcon.colcon_core.event_handler.log_command:Invoking command in '/home/farhan-sw/Documents/Github/nebula/nebula-ws/build/ros2_socketcan': AMENT_PREFIX_PATH=/home/farhan-sw/Documents/Github/nebula/nebula-ws/install/ros2_socketcan_msgs:${AMENT_PREFIX_PATH} CMAKE_PREFIX_PATH=/home/farhan-sw/Documents/Github/nebula/nebula-ws/install/ros2_socketcan_msgs:/home/farhan-sw/Documents/Github/nebula/nebula-ws/install/nebula_config:/home/farhan-sw/Documents/Github/nebula/nebula-ws/install/nebula_bringup:/home/farhan-sw/Documents/Github/learn-ros2/2-intermediate/ros2_ws/install/my_robot_description:/opt/ros/humble LD_LIBRARY_PATH=/home/farhan-sw/Documents/Github/nebula/nebula-ws/install/ros2_socketcan_msgs/lib:${LD_LIBRARY_PATH} PYTHONPATH=/home/farhan-sw/Documents/Github/nebula/nebula-ws/install/ros2_socketcan_msgs/local/lib/python3.10/dist-packages:${PYTHONPATH} /usr/bin/cmake /home/farhan-sw/Documents/Github/nebula/nebula-ws/src/ros2_socketcan/ros2_socketcan -DCMAKE_INSTALL_PREFIX=/home/farhan-sw/Documents/Github/nebula/nebula-ws/install/ros2_socketcan
[3.972s] DEBUG:colcon.colcon_core.event_handler.log_command:Invoked command in '/home/farhan-sw/Documents/Github/nebula/nebula-ws/build/ros2_socketcan' returned '0': AMENT_PREFIX_PATH=/home/farhan-sw/Documents/Github/nebula/nebula-ws/install/ros2_socketcan_msgs:${AMENT_PREFIX_PATH} CMAKE_PREFIX_PATH=/home/farhan-sw/Documents/Github/nebula/nebula-ws/install/ros2_socketcan_msgs:/home/farhan-sw/Documents/Github/nebula/nebula-ws/install/nebula_config:/home/farhan-sw/Documents/Github/nebula/nebula-ws/install/nebula_bringup:/home/farhan-sw/Documents/Github/learn-ros2/2-intermediate/ros2_ws/install/my_robot_description:/opt/ros/humble LD_LIBRARY_PATH=/home/farhan-sw/Documents/Github/nebula/nebula-ws/install/ros2_socketcan_msgs/lib:${LD_LIBRARY_PATH} PYTHONPATH=/home/farhan-sw/Documents/Github/nebula/nebula-ws/install/ros2_socketcan_msgs/local/lib/python3.10/dist-packages:${PYTHONPATH} /usr/bin/cmake /home/farhan-sw/Documents/Github/nebula/nebula-ws/src/ros2_socketcan/ros2_socketcan -DCMAKE_INSTALL_PREFIX=/home/farhan-sw/Documents/Github/nebula/nebula-ws/install/ros2_socketcan
[3.973s] DEBUG:colcon.colcon_core.event_handler.log_command:Invoking command in '/home/farhan-sw/Documents/Github/nebula/nebula-ws/build/ros2_socketcan': AMENT_PREFIX_PATH=/home/farhan-sw/Documents/Github/nebula/nebula-ws/install/ros2_socketcan_msgs:${AMENT_PREFIX_PATH} CMAKE_PREFIX_PATH=/home/farhan-sw/Documents/Github/nebula/nebula-ws/install/ros2_socketcan_msgs:/home/farhan-sw/Documents/Github/nebula/nebula-ws/install/nebula_config:/home/farhan-sw/Documents/Github/nebula/nebula-ws/install/nebula_bringup:/home/farhan-sw/Documents/Github/learn-ros2/2-intermediate/ros2_ws/install/my_robot_description:/opt/ros/humble LD_LIBRARY_PATH=/home/farhan-sw/Documents/Github/nebula/nebula-ws/install/ros2_socketcan_msgs/lib:${LD_LIBRARY_PATH} PYTHONPATH=/home/farhan-sw/Documents/Github/nebula/nebula-ws/install/ros2_socketcan_msgs/local/lib/python3.10/dist-packages:${PYTHONPATH} /usr/bin/cmake --build /home/farhan-sw/Documents/Github/nebula/nebula-ws/build/ros2_socketcan -- -j16 -l16
[14.347s] DEBUG:colcon.colcon_core.event_handler.log_command:Invoked command in '/home/farhan-sw/Documents/Github/nebula/nebula-ws/build/ros2_socketcan' returned '0': AMENT_PREFIX_PATH=/home/farhan-sw/Documents/Github/nebula/nebula-ws/install/ros2_socketcan_msgs:${AMENT_PREFIX_PATH} CMAKE_PREFIX_PATH=/home/farhan-sw/Documents/Github/nebula/nebula-ws/install/ros2_socketcan_msgs:/home/farhan-sw/Documents/Github/nebula/nebula-ws/install/nebula_config:/home/farhan-sw/Documents/Github/nebula/nebula-ws/install/nebula_bringup:/home/farhan-sw/Documents/Github/learn-ros2/2-intermediate/ros2_ws/install/my_robot_description:/opt/ros/humble LD_LIBRARY_PATH=/home/farhan-sw/Documents/Github/nebula/nebula-ws/install/ros2_socketcan_msgs/lib:${LD_LIBRARY_PATH} PYTHONPATH=/home/farhan-sw/Documents/Github/nebula/nebula-ws/install/ros2_socketcan_msgs/local/lib/python3.10/dist-packages:${PYTHONPATH} /usr/bin/cmake --build /home/farhan-sw/Documents/Github/nebula/nebula-ws/build/ros2_socketcan -- -j16 -l16
[14.381s] DEBUG:colcon.colcon_core.event_handler.log_command:Invoking command in '/home/farhan-sw/Documents/Github/nebula/nebula-ws/build/ros2_socketcan': AMENT_PREFIX_PATH=/home/farhan-sw/Documents/Github/nebula/nebula-ws/install/ros2_socketcan_msgs:${AMENT_PREFIX_PATH} CMAKE_PREFIX_PATH=/home/farhan-sw/Documents/Github/nebula/nebula-ws/install/ros2_socketcan_msgs:/home/farhan-sw/Documents/Github/nebula/nebula-ws/install/nebula_config:/home/farhan-sw/Documents/Github/nebula/nebula-ws/install/nebula_bringup:/home/farhan-sw/Documents/Github/learn-ros2/2-intermediate/ros2_ws/install/my_robot_description:/opt/ros/humble LD_LIBRARY_PATH=/home/farhan-sw/Documents/Github/nebula/nebula-ws/install/ros2_socketcan_msgs/lib:${LD_LIBRARY_PATH} PYTHONPATH=/home/farhan-sw/Documents/Github/nebula/nebula-ws/install/ros2_socketcan_msgs/local/lib/python3.10/dist-packages:${PYTHONPATH} /usr/bin/cmake --install /home/farhan-sw/Documents/Github/nebula/nebula-ws/build/ros2_socketcan
[14.396s] Level 1:colcon.colcon_core.environment:create_environment_scripts_only(ros2_socketcan)
[14.397s] Level 1:colcon.colcon_core.environment:checking '/home/farhan-sw/Documents/Github/nebula/nebula-ws/install/ros2_socketcan' for CMake module files
[14.397s] DEBUG:colcon.colcon_core.event_handler.log_command:Invoked command in '/home/farhan-sw/Documents/Github/nebula/nebula-ws/build/ros2_socketcan' returned '0': AMENT_PREFIX_PATH=/home/farhan-sw/Documents/Github/nebula/nebula-ws/install/ros2_socketcan_msgs:${AMENT_PREFIX_PATH} CMAKE_PREFIX_PATH=/home/farhan-sw/Documents/Github/nebula/nebula-ws/install/ros2_socketcan_msgs:/home/farhan-sw/Documents/Github/nebula/nebula-ws/install/nebula_config:/home/farhan-sw/Documents/Github/nebula/nebula-ws/install/nebula_bringup:/home/farhan-sw/Documents/Github/learn-ros2/2-intermediate/ros2_ws/install/my_robot_description:/opt/ros/humble LD_LIBRARY_PATH=/home/farhan-sw/Documents/Github/nebula/nebula-ws/install/ros2_socketcan_msgs/lib:${LD_LIBRARY_PATH} PYTHONPATH=/home/farhan-sw/Documents/Github/nebula/nebula-ws/install/ros2_socketcan_msgs/local/lib/python3.10/dist-packages:${PYTHONPATH} /usr/bin/cmake --install /home/farhan-sw/Documents/Github/nebula/nebula-ws/build/ros2_socketcan
[14.397s] Level 1:colcon.colcon_core.environment:checking '/home/farhan-sw/Documents/Github/nebula/nebula-ws/install/ros2_socketcan' for CMake config files
[14.397s] Level 1:colcon.colcon_core.shell:create_environment_hook('ros2_socketcan', 'cmake_prefix_path')
[14.397s] INFO:colcon.colcon_core.shell:Creating environment hook '/home/farhan-sw/Documents/Github/nebula/nebula-ws/install/ros2_socketcan/share/ros2_socketcan/hook/cmake_prefix_path.ps1'
[14.398s] INFO:colcon.colcon_core.shell:Creating environment descriptor '/home/farhan-sw/Documents/Github/nebula/nebula-ws/install/ros2_socketcan/share/ros2_socketcan/hook/cmake_prefix_path.dsv'
[14.398s] INFO:colcon.colcon_core.shell:Creating environment hook '/home/farhan-sw/Documents/Github/nebula/nebula-ws/install/ros2_socketcan/share/ros2_socketcan/hook/cmake_prefix_path.sh'
[14.398s] Level 1:colcon.colcon_core.environment:checking '/home/farhan-sw/Documents/Github/nebula/nebula-ws/install/ros2_socketcan/lib'
[14.398s] Level 1:colcon.colcon_core.shell:create_environment_hook('ros2_socketcan', 'ld_library_path_lib')
[14.398s] INFO:colcon.colcon_core.shell:Creating environment hook '/home/farhan-sw/Documents/Github/nebula/nebula-ws/install/ros2_socketcan/share/ros2_socketcan/hook/ld_library_path_lib.ps1'
[14.398s] INFO:colcon.colcon_core.shell:Creating environment descriptor '/home/farhan-sw/Documents/Github/nebula/nebula-ws/install/ros2_socketcan/share/ros2_socketcan/hook/ld_library_path_lib.dsv'
[14.399s] INFO:colcon.colcon_core.shell:Creating environment hook '/home/farhan-sw/Documents/Github/nebula/nebula-ws/install/ros2_socketcan/share/ros2_socketcan/hook/ld_library_path_lib.sh'
[14.399s] Level 1:colcon.colcon_core.environment:checking '/home/farhan-sw/Documents/Github/nebula/nebula-ws/install/ros2_socketcan/bin'
[14.399s] Level 1:colcon.colcon_core.environment:checking '/home/farhan-sw/Documents/Github/nebula/nebula-ws/install/ros2_socketcan/lib/pkgconfig/ros2_socketcan.pc'
[14.399s] Level 1:colcon.colcon_core.environment:checking '/home/farhan-sw/Documents/Github/nebula/nebula-ws/install/ros2_socketcan/lib/python3.10/site-packages'
[14.399s] Level 1:colcon.colcon_core.environment:checking '/home/farhan-sw/Documents/Github/nebula/nebula-ws/install/ros2_socketcan/bin'
[14.399s] INFO:colcon.colcon_core.shell:Creating package script '/home/farhan-sw/Documents/Github/nebula/nebula-ws/install/ros2_socketcan/share/ros2_socketcan/package.ps1'
[14.399s] INFO:colcon.colcon_core.shell:Creating package descriptor '/home/farhan-sw/Documents/Github/nebula/nebula-ws/install/ros2_socketcan/share/ros2_socketcan/package.dsv'
[14.400s] INFO:colcon.colcon_core.shell:Creating package script '/home/farhan-sw/Documents/Github/nebula/nebula-ws/install/ros2_socketcan/share/ros2_socketcan/package.sh'
[14.400s] INFO:colcon.colcon_core.shell:Creating package script '/home/farhan-sw/Documents/Github/nebula/nebula-ws/install/ros2_socketcan/share/ros2_socketcan/package.bash'
[14.400s] INFO:colcon.colcon_core.shell:Creating package script '/home/farhan-sw/Documents/Github/nebula/nebula-ws/install/ros2_socketcan/share/ros2_socketcan/package.zsh'
[14.400s] Level 1:colcon.colcon_core.environment:create_file_with_runtime_dependencies(/home/farhan-sw/Documents/Github/nebula/nebula-ws/install/ros2_socketcan/share/colcon-core/packages/ros2_socketcan)
[14.469s] Level 1:colcon.colcon_core.environment:create_environment_scripts_only(ros2_socketcan)
[14.469s] Level 1:colcon.colcon_core.environment:checking '/home/farhan-sw/Documents/Github/nebula/nebula-ws/install/ros2_socketcan' for CMake module files
[14.470s] Level 1:colcon.colcon_core.environment:checking '/home/farhan-sw/Documents/Github/nebula/nebula-ws/install/ros2_socketcan' for CMake config files
[14.470s] Level 1:colcon.colcon_core.shell:create_environment_hook('ros2_socketcan', 'cmake_prefix_path')
[14.471s] INFO:colcon.colcon_core.shell:Creating environment hook '/home/farhan-sw/Documents/Github/nebula/nebula-ws/install/ros2_socketcan/share/ros2_socketcan/hook/cmake_prefix_path.ps1'
[14.471s] INFO:colcon.colcon_core.shell:Creating environment descriptor '/home/farhan-sw/Documents/Github/nebula/nebula-ws/install/ros2_socketcan/share/ros2_socketcan/hook/cmake_prefix_path.dsv'
[14.472s] INFO:colcon.colcon_core.shell:Creating environment hook '/home/farhan-sw/Documents/Github/nebula/nebula-ws/install/ros2_socketcan/share/ros2_socketcan/hook/cmake_prefix_path.sh'
[14.472s] Level 1:colcon.colcon_core.environment:checking '/home/farhan-sw/Documents/Github/nebula/nebula-ws/install/ros2_socketcan/lib'
[14.472s] Level 1:colcon.colcon_core.shell:create_environment_hook('ros2_socketcan', 'ld_library_path_lib')
[14.473s] INFO:colcon.colcon_core.shell:Creating environment hook '/home/farhan-sw/Documents/Github/nebula/nebula-ws/install/ros2_socketcan/share/ros2_socketcan/hook/ld_library_path_lib.ps1'
[14.473s] INFO:colcon.colcon_core.shell:Creating environment descriptor '/home/farhan-sw/Documents/Github/nebula/nebula-ws/install/ros2_socketcan/share/ros2_socketcan/hook/ld_library_path_lib.dsv'
[14.474s] INFO:colcon.colcon_core.shell:Creating environment hook '/home/farhan-sw/Documents/Github/nebula/nebula-ws/install/ros2_socketcan/share/ros2_socketcan/hook/ld_library_path_lib.sh'
[14.474s] Level 1:colcon.colcon_core.environment:checking '/home/farhan-sw/Documents/Github/nebula/nebula-ws/install/ros2_socketcan/bin'
[14.474s] Level 1:colcon.colcon_core.environment:checking '/home/farhan-sw/Documents/Github/nebula/nebula-ws/install/ros2_socketcan/lib/pkgconfig/ros2_socketcan.pc'
[14.475s] Level 1:colcon.colcon_core.environment:checking '/home/farhan-sw/Documents/Github/nebula/nebula-ws/install/ros2_socketcan/lib/python3.10/site-packages'
[14.475s] Level 1:colcon.colcon_core.environment:checking '/home/farhan-sw/Documents/Github/nebula/nebula-ws/install/ros2_socketcan/bin'
[14.476s] INFO:colcon.colcon_core.shell:Creating package script '/home/farhan-sw/Documents/Github/nebula/nebula-ws/install/ros2_socketcan/share/ros2_socketcan/package.ps1'
[14.476s] INFO:colcon.colcon_core.shell:Creating package descriptor '/home/farhan-sw/Documents/Github/nebula/nebula-ws/install/ros2_socketcan/share/ros2_socketcan/package.dsv'
[14.477s] INFO:colcon.colcon_core.shell:Creating package script '/home/farhan-sw/Documents/Github/nebula/nebula-ws/install/ros2_socketcan/share/ros2_socketcan/package.sh'
[14.478s] INFO:colcon.colcon_core.shell:Creating package script '/home/farhan-sw/Documents/Github/nebula/nebula-ws/install/ros2_socketcan/share/ros2_socketcan/package.bash'
[14.478s] INFO:colcon.colcon_core.shell:Creating package script '/home/farhan-sw/Documents/Github/nebula/nebula-ws/install/ros2_socketcan/share/ros2_socketcan/package.zsh'
[14.479s] Level 1:colcon.colcon_core.environment:create_file_with_runtime_dependencies(/home/farhan-sw/Documents/Github/nebula/nebula-ws/install/ros2_socketcan/share/colcon-core/packages/ros2_socketcan)
[14.479s] DEBUG:colcon.colcon_parallel_executor.executor.parallel:closing loop
[14.480s] DEBUG:colcon.colcon_parallel_executor.executor.parallel:loop closed
[14.480s] DEBUG:colcon.colcon_parallel_executor.executor.parallel:run_until_complete finished with '0'
[14.480s] DEBUG:colcon.colcon_core.event_reactor:joining thread
[14.493s] INFO:colcon.colcon_core.plugin_system:Skipping extension 'colcon_notification.desktop_notification.terminal_notifier': Not used on non-Darwin systems
[14.493s] INFO:colcon.colcon_core.plugin_system:Skipping extension 'colcon_notification.desktop_notification.win32': Not used on non-Windows systems
[14.494s] INFO:colcon.colcon_notification.desktop_notification:Sending desktop notification using 'notify2'
[14.515s] DEBUG:colcon.colcon_core.event_reactor:joined thread
[14.516s] INFO:colcon.colcon_core.shell:Creating prefix script '/home/farhan-sw/Documents/Github/nebula/nebula-ws/install/local_setup.ps1'
[14.517s] INFO:colcon.colcon_core.shell:Creating prefix util module '/home/farhan-sw/Documents/Github/nebula/nebula-ws/install/_local_setup_util_ps1.py'
[14.519s] INFO:colcon.colcon_core.shell:Creating prefix chain script '/home/farhan-sw/Documents/Github/nebula/nebula-ws/install/setup.ps1'
[14.520s] INFO:colcon.colcon_core.shell:Creating prefix script '/home/farhan-sw/Documents/Github/nebula/nebula-ws/install/local_setup.sh'
[14.520s] INFO:colcon.colcon_core.shell:Creating prefix util module '/home/farhan-sw/Documents/Github/nebula/nebula-ws/install/_local_setup_util_sh.py'
[14.521s] INFO:colcon.colcon_core.shell:Creating prefix chain script '/home/farhan-sw/Documents/Github/nebula/nebula-ws/install/setup.sh'
[14.521s] INFO:colcon.colcon_core.shell:Creating prefix script '/home/farhan-sw/Documents/Github/nebula/nebula-ws/install/local_setup.bash'
[14.522s] INFO:colcon.colcon_core.shell:Creating prefix chain script '/home/farhan-sw/Documents/Github/nebula/nebula-ws/install/setup.bash'
[14.523s] INFO:colcon.colcon_core.shell:Creating prefix script '/home/farhan-sw/Documents/Github/nebula/nebula-ws/install/local_setup.zsh'
[14.523s] INFO:colcon.colcon_core.shell:Creating prefix chain script '/home/farhan-sw/Documents/Github/nebula/nebula-ws/install/setup.zsh'
