[0.007s] Invoking command in '/home/farhan-sw/Documents/Github/nebula/nebula-ws/build/micro_ros_msgs': CMAKE_PREFIX_PATH=${CMAKE_PREFIX_PATH}:/opt/ros/humble /usr/bin/cmake /home/farhan-sw/Documents/Github/nebula/nebula-ws/src/uros/micro_ros_msgs -DUAGENT_BUILD_EXECUTABLE=OFF -DUAGENT_P2P_PROFILE=OFF --no-warn-unused-cli -DCMAKE_INSTALL_PREFIX=/home/farhan-sw/Documents/Github/nebula/nebula-ws/install/micro_ros_msgs
[0.011s] Not searching for unused variables given on the command line.
[0.052s] -- The C compiler identification is GNU 11.4.0
[0.100s] -- The CXX compiler identification is GNU 11.4.0
[0.104s] -- Detecting C compiler ABI info
[0.165s] -- Detecting C compiler ABI info - done
[0.178s] -- Check for working C compiler: /usr/bin/cc - skipped
[0.178s] -- Detecting C compile features
[0.179s] -- Detecting C compile features - done
[0.182s] -- Detecting CXX compiler ABI info
[0.241s] -- Detecting CXX compiler ABI info - done
[0.248s] -- Check for working CXX compiler: /usr/bin/c++ - skipped
[0.248s] -- Detecting CXX compile features
[0.249s] -- Detecting CXX compile features - done
[0.252s] -- Found ament_cmake: 1.3.9 (/opt/ros/humble/share/ament_cmake/cmake)
[0.352s] -- Found Python3: /usr/bin/python3 (found version "3.10.12") found components: Interpreter 
[0.409s] -- Found rosidl_default_generators: 1.2.0 (/opt/ros/humble/share/rosidl_default_generators/cmake)
[0.415s] -- Using all available rosidl_typesupport_c: rosidl_typesupport_fastrtps_c;rosidl_typesupport_introspection_c
[0.425s] -- Found rosidl_adapter: 3.1.5 (/opt/ros/humble/share/rosidl_adapter/cmake)
[0.475s] -- Using all available rosidl_typesupport_cpp: rosidl_typesupport_fastrtps_cpp;rosidl_typesupport_introspection_cpp
[0.510s] -- Found ament_lint_auto: 0.12.11 (/opt/ros/humble/share/ament_lint_auto/cmake)
[0.677s] -- Found ament_cmake_ros: 0.10.0 (/opt/ros/humble/share/ament_cmake_ros/cmake)
[0.800s] -- Using all available rosidl_typesupport_c: rosidl_typesupport_fastrtps_c;rosidl_typesupport_introspection_c
[0.953s] -- Using all available rosidl_typesupport_cpp: rosidl_typesupport_fastrtps_cpp;rosidl_typesupport_introspection_cpp
[0.968s] -- Found PythonInterp: /usr/bin/python3 (found suitable version "3.10.12", minimum required is "3.6") 
[0.970s] -- Found python_cmake_module: 0.10.0 (/opt/ros/humble/share/python_cmake_module/cmake)
[0.987s] -- Found PythonLibs: /usr/lib/x86_64-linux-gnu/libpython3.10.so (found suitable version "3.10.12", minimum required is "3.5") 
[0.987s] -- Using PYTHON_EXECUTABLE: /usr/bin/python3
[0.987s] -- Using PYTHON_INCLUDE_DIRS: /usr/include/python3.10
[0.987s] -- Using PYTHON_LIBRARIES: /usr/lib/x86_64-linux-gnu/libpython3.10.so
[1.000s] -- Found PythonExtra: .so  
[1.021s] -- Added test 'copyright' to check source files copyright and LICENSE
[1.025s] -- Added test 'lint_cmake' to check CMake code style
[1.027s] -- Added test 'xmllint' to check XML markup files
[1.032s] -- Configuring done
[1.049s] -- Generating done
[1.050s] -- Build files have been written to: /home/farhan-sw/Documents/Github/nebula/nebula-ws/build/micro_ros_msgs
[1.056s] Invoked command in '/home/farhan-sw/Documents/Github/nebula/nebula-ws/build/micro_ros_msgs' returned '0': CMAKE_PREFIX_PATH=${CMAKE_PREFIX_PATH}:/opt/ros/humble /usr/bin/cmake /home/farhan-sw/Documents/Github/nebula/nebula-ws/src/uros/micro_ros_msgs -DUAGENT_BUILD_EXECUTABLE=OFF -DUAGENT_P2P_PROFILE=OFF --no-warn-unused-cli -DCMAKE_INSTALL_PREFIX=/home/farhan-sw/Documents/Github/nebula/nebula-ws/install/micro_ros_msgs
[1.056s] Invoking command in '/home/farhan-sw/Documents/Github/nebula/nebula-ws/build/micro_ros_msgs': CMAKE_PREFIX_PATH=${CMAKE_PREFIX_PATH}:/opt/ros/humble /usr/bin/cmake --build /home/farhan-sw/Documents/Github/nebula/nebula-ws/build/micro_ros_msgs -- -j16 -l16
[1.081s] [  2%] [34m[1mGenerating C code for ROS interfaces[0m
[1.087s] [  4%] [34m[1mGenerating C++ code for ROS interfaces[0m
[1.091s] [  4%] Built target ament_cmake_python_copy_micro_ros_msgs
[1.253s] running egg_info
[1.254s] creating micro_ros_msgs.egg-info
[1.254s] writing micro_ros_msgs.egg-info/PKG-INFO
[1.254s] writing dependency_links to micro_ros_msgs.egg-info/dependency_links.txt
[1.254s] writing top-level names to micro_ros_msgs.egg-info/top_level.txt
[1.254s] writing manifest file 'micro_ros_msgs.egg-info/SOURCES.txt'
[1.256s] reading manifest file 'micro_ros_msgs.egg-info/SOURCES.txt'
[1.256s] writing manifest file 'micro_ros_msgs.egg-info/SOURCES.txt'
[1.272s] [  4%] Built target ament_cmake_python_build_micro_ros_msgs_egg
[1.321s] [  4%] Built target micro_ros_msgs__cpp
[1.327s] [  6%] [34m[1mGenerating C++ type support dispatch for ROS interfaces[0m
[1.328s] [  8%] [34m[1mGenerating C++ type support for eProsima Fast-RTPS[0m
[1.328s] [ 12%] [32mBuilding C object CMakeFiles/micro_ros_msgs__rosidl_generator_c.dir/rosidl_generator_c/micro_ros_msgs/msg/detail/graph__functions.c.o[0m
[1.328s] [ 12%] [34m[1mGenerating C++ introspection for ROS interfaces[0m
[1.328s] [ 14%] [32mBuilding C object CMakeFiles/micro_ros_msgs__rosidl_generator_c.dir/rosidl_generator_c/micro_ros_msgs/msg/detail/node__functions.c.o[0m
[1.328s] [ 17%] [32mBuilding C object CMakeFiles/micro_ros_msgs__rosidl_generator_c.dir/rosidl_generator_c/micro_ros_msgs/msg/detail/entity__functions.c.o[0m
[1.379s] [ 19%] [32m[1mLinking C shared library libmicro_ros_msgs__rosidl_generator_c.so[0m
[1.402s] [ 19%] Built target micro_ros_msgs__rosidl_generator_c
[1.409s] [ 25%] [34m[1mGenerating C type support dispatch for ROS interfaces[0m
[1.409s] [ 25%] [34m[1mGenerating C type support for eProsima Fast-RTPS[0m
[1.409s] [ 25%] [34m[1mGenerating C introspection for ROS interfaces[0m
[1.516s] [ 31%] [32mBuilding CXX object CMakeFiles/micro_ros_msgs__rosidl_typesupport_cpp.dir/rosidl_typesupport_cpp/micro_ros_msgs/msg/entity__type_support.cpp.o[0m
[1.516s] [ 31%] [32mBuilding CXX object CMakeFiles/micro_ros_msgs__rosidl_typesupport_cpp.dir/rosidl_typesupport_cpp/micro_ros_msgs/msg/graph__type_support.cpp.o[0m
[1.516s] [ 31%] [32mBuilding CXX object CMakeFiles/micro_ros_msgs__rosidl_typesupport_cpp.dir/rosidl_typesupport_cpp/micro_ros_msgs/msg/node__type_support.cpp.o[0m
[1.538s] [ 36%] [32mBuilding CXX object CMakeFiles/micro_ros_msgs__rosidl_typesupport_introspection_cpp.dir/rosidl_typesupport_introspection_cpp/micro_ros_msgs/msg/detail/node__type_support.cpp.o[0m
[1.539s] [ 36%] [32mBuilding CXX object CMakeFiles/micro_ros_msgs__rosidl_typesupport_introspection_cpp.dir/rosidl_typesupport_introspection_cpp/micro_ros_msgs/msg/detail/graph__type_support.cpp.o[0m
[1.540s] [ 38%] [32mBuilding CXX object CMakeFiles/micro_ros_msgs__rosidl_typesupport_introspection_cpp.dir/rosidl_typesupport_introspection_cpp/micro_ros_msgs/msg/detail/entity__type_support.cpp.o[0m
[1.560s] [ 40%] [32mBuilding CXX object CMakeFiles/micro_ros_msgs__rosidl_typesupport_fastrtps_cpp.dir/rosidl_typesupport_fastrtps_cpp/micro_ros_msgs/msg/detail/dds_fastrtps/entity__type_support.cpp.o[0m
[1.562s] [ 42%] [32mBuilding CXX object CMakeFiles/micro_ros_msgs__rosidl_typesupport_fastrtps_cpp.dir/rosidl_typesupport_fastrtps_cpp/micro_ros_msgs/msg/detail/dds_fastrtps/graph__type_support.cpp.o[0m
[1.562s] [ 44%] [32mBuilding CXX object CMakeFiles/micro_ros_msgs__rosidl_typesupport_fastrtps_cpp.dir/rosidl_typesupport_fastrtps_cpp/micro_ros_msgs/msg/detail/dds_fastrtps/node__type_support.cpp.o[0m
[1.629s] [ 46%] [32mBuilding CXX object CMakeFiles/micro_ros_msgs__rosidl_typesupport_c.dir/rosidl_typesupport_c/micro_ros_msgs/msg/graph__type_support.cpp.o[0m
[1.632s] [ 48%] [32mBuilding CXX object CMakeFiles/micro_ros_msgs__rosidl_typesupport_c.dir/rosidl_typesupport_c/micro_ros_msgs/msg/entity__type_support.cpp.o[0m
[1.633s] [ 51%] [32mBuilding CXX object CMakeFiles/micro_ros_msgs__rosidl_typesupport_c.dir/rosidl_typesupport_c/micro_ros_msgs/msg/node__type_support.cpp.o[0m
[1.668s] [ 53%] [32m[1mLinking CXX shared library libmicro_ros_msgs__rosidl_typesupport_c.so[0m
[1.693s] [ 55%] [32mBuilding C object CMakeFiles/micro_ros_msgs__rosidl_typesupport_introspection_c.dir/rosidl_typesupport_introspection_c/micro_ros_msgs/msg/detail/node__type_support.c.o[0m
[1.694s] [ 59%] [32mBuilding C object CMakeFiles/micro_ros_msgs__rosidl_typesupport_introspection_c.dir/rosidl_typesupport_introspection_c/micro_ros_msgs/msg/detail/entity__type_support.c.o[0m
[1.694s] [ 57%] [32mBuilding C object CMakeFiles/micro_ros_msgs__rosidl_typesupport_introspection_c.dir/rosidl_typesupport_introspection_c/micro_ros_msgs/msg/detail/graph__type_support.c.o[0m
[1.704s] [ 59%] Built target micro_ros_msgs__rosidl_typesupport_c
[1.724s] [ 61%] [32mBuilding CXX object CMakeFiles/micro_ros_msgs__rosidl_typesupport_fastrtps_c.dir/rosidl_typesupport_fastrtps_c/micro_ros_msgs/msg/detail/graph__type_support_c.cpp.o[0m
[1.726s] [ 65%] [32mBuilding CXX object CMakeFiles/micro_ros_msgs__rosidl_typesupport_fastrtps_c.dir/rosidl_typesupport_fastrtps_c/micro_ros_msgs/msg/detail/entity__type_support_c.cpp.o[0m
[1.726s] [ 65%] [32mBuilding CXX object CMakeFiles/micro_ros_msgs__rosidl_typesupport_fastrtps_c.dir/rosidl_typesupport_fastrtps_c/micro_ros_msgs/msg/detail/node__type_support_c.cpp.o[0m
[1.734s] [ 68%] [32m[1mLinking C shared library libmicro_ros_msgs__rosidl_typesupport_introspection_c.so[0m
[1.774s] [ 68%] Built target micro_ros_msgs__rosidl_typesupport_introspection_c
[1.784s] [ 70%] [32m[1mLinking CXX shared library libmicro_ros_msgs__rosidl_typesupport_cpp.so[0m
[1.815s] [ 70%] Built target micro_ros_msgs__rosidl_typesupport_cpp
[1.991s] [ 72%] [32m[1mLinking CXX shared library libmicro_ros_msgs__rosidl_typesupport_fastrtps_c.so[0m
[2.012s] [ 74%] [32m[1mLinking CXX shared library libmicro_ros_msgs__rosidl_typesupport_introspection_cpp.so[0m
[2.015s] [ 76%] [32m[1mLinking CXX shared library libmicro_ros_msgs__rosidl_typesupport_fastrtps_cpp.so[0m
[2.041s] [ 76%] Built target micro_ros_msgs__rosidl_typesupport_fastrtps_c
[2.065s] [ 76%] Built target micro_ros_msgs__rosidl_typesupport_fastrtps_cpp
[2.065s] [ 76%] Built target micro_ros_msgs__rosidl_typesupport_introspection_cpp
[2.078s] [ 76%] Built target micro_ros_msgs
[2.100s] [ 78%] [34m[1mGenerating Python code for ROS interfaces[0m
[2.426s] [ 78%] Built target micro_ros_msgs__py
[2.438s] [ 82%] [32mBuilding C object CMakeFiles/micro_ros_msgs__rosidl_generator_py.dir/rosidl_generator_py/micro_ros_msgs/msg/_node_s.c.o[0m
[2.438s] [ 82%] [32mBuilding C object CMakeFiles/micro_ros_msgs__rosidl_generator_py.dir/rosidl_generator_py/micro_ros_msgs/msg/_graph_s.c.o[0m
[2.439s] [ 85%] [32mBuilding C object CMakeFiles/micro_ros_msgs__rosidl_generator_py.dir/rosidl_generator_py/micro_ros_msgs/msg/_entity_s.c.o[0m
[2.536s] [ 87%] [32m[1mLinking C shared library rosidl_generator_py/micro_ros_msgs/libmicro_ros_msgs__rosidl_generator_py.so[0m
[2.562s] [ 87%] Built target micro_ros_msgs__rosidl_generator_py
[2.576s] [ 93%] [32mBuilding C object CMakeFiles/micro_ros_msgs__rosidl_typesupport_fastrtps_c__pyext.dir/rosidl_generator_py/micro_ros_msgs/_micro_ros_msgs_s.ep.rosidl_typesupport_fastrtps_c.c.o[0m
[2.576s] [ 93%] [32mBuilding C object CMakeFiles/micro_ros_msgs__rosidl_typesupport_c__pyext.dir/rosidl_generator_py/micro_ros_msgs/_micro_ros_msgs_s.ep.rosidl_typesupport_c.c.o[0m
[2.576s] [ 93%] [32mBuilding C object CMakeFiles/micro_ros_msgs__rosidl_typesupport_introspection_c__pyext.dir/rosidl_generator_py/micro_ros_msgs/_micro_ros_msgs_s.ep.rosidl_typesupport_introspection_c.c.o[0m
[2.635s] [100%] [32m[1mLinking C shared library rosidl_generator_py/micro_ros_msgs/micro_ros_msgs_s__rosidl_typesupport_c.cpython-310-x86_64-linux-gnu.so[0m
[2.635s] [100%] [32m[1mLinking C shared library rosidl_generator_py/micro_ros_msgs/micro_ros_msgs_s__rosidl_typesupport_introspection_c.cpython-310-x86_64-linux-gnu.so[0m
[2.635s] [100%] [32m[1mLinking C shared library rosidl_generator_py/micro_ros_msgs/micro_ros_msgs_s__rosidl_typesupport_fastrtps_c.cpython-310-x86_64-linux-gnu.so[0m
[2.656s] [100%] Built target micro_ros_msgs__rosidl_typesupport_introspection_c__pyext
[2.657s] [100%] Built target micro_ros_msgs__rosidl_typesupport_c__pyext
[2.657s] [100%] Built target micro_ros_msgs__rosidl_typesupport_fastrtps_c__pyext
[2.664s] Invoked command in '/home/farhan-sw/Documents/Github/nebula/nebula-ws/build/micro_ros_msgs' returned '0': CMAKE_PREFIX_PATH=${CMAKE_PREFIX_PATH}:/opt/ros/humble /usr/bin/cmake --build /home/farhan-sw/Documents/Github/nebula/nebula-ws/build/micro_ros_msgs -- -j16 -l16
[2.739s] Invoking command in '/home/farhan-sw/Documents/Github/nebula/nebula-ws/build/micro_ros_msgs': CMAKE_PREFIX_PATH=${CMAKE_PREFIX_PATH}:/opt/ros/humble /usr/bin/cmake --install /home/farhan-sw/Documents/Github/nebula/nebula-ws/build/micro_ros_msgs
[2.745s] -- Install configuration: ""
[2.745s] -- Installing: /home/farhan-sw/Documents/Github/nebula/nebula-ws/install/micro_ros_msgs/share/ament_index/resource_index/rosidl_interfaces/micro_ros_msgs
[2.745s] -- Up-to-date: /home/farhan-sw/Documents/Github/nebula/nebula-ws/install/micro_ros_msgs/include/micro_ros_msgs/micro_ros_msgs
[2.746s] -- Up-to-date: /home/farhan-sw/Documents/Github/nebula/nebula-ws/install/micro_ros_msgs/include/micro_ros_msgs/micro_ros_msgs/msg
[2.746s] -- Installing: /home/farhan-sw/Documents/Github/nebula/nebula-ws/install/micro_ros_msgs/include/micro_ros_msgs/micro_ros_msgs/msg/entity.h
[2.746s] -- Installing: /home/farhan-sw/Documents/Github/nebula/nebula-ws/install/micro_ros_msgs/include/micro_ros_msgs/micro_ros_msgs/msg/node.h
[2.746s] -- Up-to-date: /home/farhan-sw/Documents/Github/nebula/nebula-ws/install/micro_ros_msgs/include/micro_ros_msgs/micro_ros_msgs/msg/detail
[2.746s] -- Installing: /home/farhan-sw/Documents/Github/nebula/nebula-ws/install/micro_ros_msgs/include/micro_ros_msgs/micro_ros_msgs/msg/detail/node__struct.h
[2.746s] -- Installing: /home/farhan-sw/Documents/Github/nebula/nebula-ws/install/micro_ros_msgs/include/micro_ros_msgs/micro_ros_msgs/msg/detail/entity__type_support.h
[2.746s] -- Installing: /home/farhan-sw/Documents/Github/nebula/nebula-ws/install/micro_ros_msgs/include/micro_ros_msgs/micro_ros_msgs/msg/detail/entity__functions.h
[2.746s] -- Installing: /home/farhan-sw/Documents/Github/nebula/nebula-ws/install/micro_ros_msgs/include/micro_ros_msgs/micro_ros_msgs/msg/detail/node__functions.c
[2.746s] -- Installing: /home/farhan-sw/Documents/Github/nebula/nebula-ws/install/micro_ros_msgs/include/micro_ros_msgs/micro_ros_msgs/msg/detail/graph__functions.h
[2.746s] -- Installing: /home/farhan-sw/Documents/Github/nebula/nebula-ws/install/micro_ros_msgs/include/micro_ros_msgs/micro_ros_msgs/msg/detail/graph__struct.h
[2.746s] -- Installing: /home/farhan-sw/Documents/Github/nebula/nebula-ws/install/micro_ros_msgs/include/micro_ros_msgs/micro_ros_msgs/msg/detail/node__functions.h
[2.746s] -- Installing: /home/farhan-sw/Documents/Github/nebula/nebula-ws/install/micro_ros_msgs/include/micro_ros_msgs/micro_ros_msgs/msg/detail/entity__struct.h
[2.746s] -- Installing: /home/farhan-sw/Documents/Github/nebula/nebula-ws/install/micro_ros_msgs/include/micro_ros_msgs/micro_ros_msgs/msg/detail/entity__functions.c
[2.746s] -- Installing: /home/farhan-sw/Documents/Github/nebula/nebula-ws/install/micro_ros_msgs/include/micro_ros_msgs/micro_ros_msgs/msg/detail/node__type_support.h
[2.747s] -- Installing: /home/farhan-sw/Documents/Github/nebula/nebula-ws/install/micro_ros_msgs/include/micro_ros_msgs/micro_ros_msgs/msg/detail/graph__functions.c
[2.747s] -- Installing: /home/farhan-sw/Documents/Github/nebula/nebula-ws/install/micro_ros_msgs/include/micro_ros_msgs/micro_ros_msgs/msg/detail/graph__type_support.h
[2.747s] -- Installing: /home/farhan-sw/Documents/Github/nebula/nebula-ws/install/micro_ros_msgs/include/micro_ros_msgs/micro_ros_msgs/msg/graph.h
[2.747s] -- Installing: /home/farhan-sw/Documents/Github/nebula/nebula-ws/install/micro_ros_msgs/include/micro_ros_msgs/micro_ros_msgs/msg/rosidl_generator_c__visibility_control.h
[2.747s] -- Up-to-date: /home/farhan-sw/Documents/Github/nebula/nebula-ws/install/micro_ros_msgs/share/micro_ros_msgs/environment/library_path.sh
[2.747s] -- Installing: /home/farhan-sw/Documents/Github/nebula/nebula-ws/install/micro_ros_msgs/share/micro_ros_msgs/environment/library_path.dsv
[2.747s] -- Installing: /home/farhan-sw/Documents/Github/nebula/nebula-ws/install/micro_ros_msgs/lib/libmicro_ros_msgs__rosidl_generator_c.so
[2.747s] -- Set runtime path of "/home/farhan-sw/Documents/Github/nebula/nebula-ws/install/micro_ros_msgs/lib/libmicro_ros_msgs__rosidl_generator_c.so" to ""
[2.747s] -- Up-to-date: /home/farhan-sw/Documents/Github/nebula/nebula-ws/install/micro_ros_msgs/include/micro_ros_msgs/micro_ros_msgs
[2.747s] -- Up-to-date: /home/farhan-sw/Documents/Github/nebula/nebula-ws/install/micro_ros_msgs/include/micro_ros_msgs/micro_ros_msgs/msg
[2.747s] -- Up-to-date: /home/farhan-sw/Documents/Github/nebula/nebula-ws/install/micro_ros_msgs/include/micro_ros_msgs/micro_ros_msgs/msg/detail
[2.747s] -- Installing: /home/farhan-sw/Documents/Github/nebula/nebula-ws/install/micro_ros_msgs/include/micro_ros_msgs/micro_ros_msgs/msg/detail/graph__rosidl_typesupport_fastrtps_c.h
[2.747s] -- Installing: /home/farhan-sw/Documents/Github/nebula/nebula-ws/install/micro_ros_msgs/include/micro_ros_msgs/micro_ros_msgs/msg/detail/node__rosidl_typesupport_fastrtps_c.h
[2.747s] -- Installing: /home/farhan-sw/Documents/Github/nebula/nebula-ws/install/micro_ros_msgs/include/micro_ros_msgs/micro_ros_msgs/msg/detail/entity__rosidl_typesupport_fastrtps_c.h
[2.747s] -- Installing: /home/farhan-sw/Documents/Github/nebula/nebula-ws/install/micro_ros_msgs/include/micro_ros_msgs/micro_ros_msgs/msg/rosidl_typesupport_fastrtps_c__visibility_control.h
[2.747s] -- Installing: /home/farhan-sw/Documents/Github/nebula/nebula-ws/install/micro_ros_msgs/lib/libmicro_ros_msgs__rosidl_typesupport_fastrtps_c.so
[2.747s] -- Set runtime path of "/home/farhan-sw/Documents/Github/nebula/nebula-ws/install/micro_ros_msgs/lib/libmicro_ros_msgs__rosidl_typesupport_fastrtps_c.so" to ""
[2.748s] -- Up-to-date: /home/farhan-sw/Documents/Github/nebula/nebula-ws/install/micro_ros_msgs/include/micro_ros_msgs/micro_ros_msgs
[2.748s] -- Up-to-date: /home/farhan-sw/Documents/Github/nebula/nebula-ws/install/micro_ros_msgs/include/micro_ros_msgs/micro_ros_msgs/msg
[2.748s] -- Installing: /home/farhan-sw/Documents/Github/nebula/nebula-ws/install/micro_ros_msgs/include/micro_ros_msgs/micro_ros_msgs/msg/rosidl_typesupport_introspection_c__visibility_control.h
[2.748s] -- Up-to-date: /home/farhan-sw/Documents/Github/nebula/nebula-ws/install/micro_ros_msgs/include/micro_ros_msgs/micro_ros_msgs/msg/detail
[2.748s] -- Installing: /home/farhan-sw/Documents/Github/nebula/nebula-ws/install/micro_ros_msgs/include/micro_ros_msgs/micro_ros_msgs/msg/detail/graph__type_support.c
[2.748s] -- Installing: /home/farhan-sw/Documents/Github/nebula/nebula-ws/install/micro_ros_msgs/include/micro_ros_msgs/micro_ros_msgs/msg/detail/graph__rosidl_typesupport_introspection_c.h
[2.748s] -- Installing: /home/farhan-sw/Documents/Github/nebula/nebula-ws/install/micro_ros_msgs/include/micro_ros_msgs/micro_ros_msgs/msg/detail/entity__rosidl_typesupport_introspection_c.h
[2.748s] -- Installing: /home/farhan-sw/Documents/Github/nebula/nebula-ws/install/micro_ros_msgs/include/micro_ros_msgs/micro_ros_msgs/msg/detail/entity__type_support.c
[2.748s] -- Installing: /home/farhan-sw/Documents/Github/nebula/nebula-ws/install/micro_ros_msgs/include/micro_ros_msgs/micro_ros_msgs/msg/detail/node__type_support.c
[2.748s] -- Installing: /home/farhan-sw/Documents/Github/nebula/nebula-ws/install/micro_ros_msgs/include/micro_ros_msgs/micro_ros_msgs/msg/detail/node__rosidl_typesupport_introspection_c.h
[2.748s] -- Installing: /home/farhan-sw/Documents/Github/nebula/nebula-ws/install/micro_ros_msgs/lib/libmicro_ros_msgs__rosidl_typesupport_introspection_c.so
[2.748s] -- Set runtime path of "/home/farhan-sw/Documents/Github/nebula/nebula-ws/install/micro_ros_msgs/lib/libmicro_ros_msgs__rosidl_typesupport_introspection_c.so" to ""
[2.748s] -- Installing: /home/farhan-sw/Documents/Github/nebula/nebula-ws/install/micro_ros_msgs/lib/libmicro_ros_msgs__rosidl_typesupport_c.so
[2.748s] -- Set runtime path of "/home/farhan-sw/Documents/Github/nebula/nebula-ws/install/micro_ros_msgs/lib/libmicro_ros_msgs__rosidl_typesupport_c.so" to ""
[2.749s] -- Up-to-date: /home/farhan-sw/Documents/Github/nebula/nebula-ws/install/micro_ros_msgs/include/micro_ros_msgs/micro_ros_msgs
[2.749s] -- Up-to-date: /home/farhan-sw/Documents/Github/nebula/nebula-ws/install/micro_ros_msgs/include/micro_ros_msgs/micro_ros_msgs/msg
[2.749s] -- Up-to-date: /home/farhan-sw/Documents/Github/nebula/nebula-ws/install/micro_ros_msgs/include/micro_ros_msgs/micro_ros_msgs/msg/detail
[2.749s] -- Installing: /home/farhan-sw/Documents/Github/nebula/nebula-ws/install/micro_ros_msgs/include/micro_ros_msgs/micro_ros_msgs/msg/detail/graph__builder.hpp
[2.749s] -- Installing: /home/farhan-sw/Documents/Github/nebula/nebula-ws/install/micro_ros_msgs/include/micro_ros_msgs/micro_ros_msgs/msg/detail/node__builder.hpp
[2.749s] -- Installing: /home/farhan-sw/Documents/Github/nebula/nebula-ws/install/micro_ros_msgs/include/micro_ros_msgs/micro_ros_msgs/msg/detail/entity__traits.hpp
[2.749s] -- Installing: /home/farhan-sw/Documents/Github/nebula/nebula-ws/install/micro_ros_msgs/include/micro_ros_msgs/micro_ros_msgs/msg/detail/graph__struct.hpp
[2.749s] -- Installing: /home/farhan-sw/Documents/Github/nebula/nebula-ws/install/micro_ros_msgs/include/micro_ros_msgs/micro_ros_msgs/msg/detail/entity__struct.hpp
[2.749s] -- Installing: /home/farhan-sw/Documents/Github/nebula/nebula-ws/install/micro_ros_msgs/include/micro_ros_msgs/micro_ros_msgs/msg/detail/node__struct.hpp
[2.749s] -- Installing: /home/farhan-sw/Documents/Github/nebula/nebula-ws/install/micro_ros_msgs/include/micro_ros_msgs/micro_ros_msgs/msg/detail/entity__builder.hpp
[2.749s] -- Installing: /home/farhan-sw/Documents/Github/nebula/nebula-ws/install/micro_ros_msgs/include/micro_ros_msgs/micro_ros_msgs/msg/detail/graph__traits.hpp
[2.749s] -- Installing: /home/farhan-sw/Documents/Github/nebula/nebula-ws/install/micro_ros_msgs/include/micro_ros_msgs/micro_ros_msgs/msg/detail/node__traits.hpp
[2.749s] -- Installing: /home/farhan-sw/Documents/Github/nebula/nebula-ws/install/micro_ros_msgs/include/micro_ros_msgs/micro_ros_msgs/msg/graph.hpp
[2.749s] -- Installing: /home/farhan-sw/Documents/Github/nebula/nebula-ws/install/micro_ros_msgs/include/micro_ros_msgs/micro_ros_msgs/msg/node.hpp
[2.749s] -- Installing: /home/farhan-sw/Documents/Github/nebula/nebula-ws/install/micro_ros_msgs/include/micro_ros_msgs/micro_ros_msgs/msg/entity.hpp
[2.749s] -- Up-to-date: /home/farhan-sw/Documents/Github/nebula/nebula-ws/install/micro_ros_msgs/include/micro_ros_msgs/micro_ros_msgs
[2.749s] -- Up-to-date: /home/farhan-sw/Documents/Github/nebula/nebula-ws/install/micro_ros_msgs/include/micro_ros_msgs/micro_ros_msgs/msg
[2.750s] -- Up-to-date: /home/farhan-sw/Documents/Github/nebula/nebula-ws/install/micro_ros_msgs/include/micro_ros_msgs/micro_ros_msgs/msg/detail
[2.750s] -- Installing: /home/farhan-sw/Documents/Github/nebula/nebula-ws/install/micro_ros_msgs/include/micro_ros_msgs/micro_ros_msgs/msg/detail/entity__rosidl_typesupport_fastrtps_cpp.hpp
[2.750s] -- Installing: /home/farhan-sw/Documents/Github/nebula/nebula-ws/install/micro_ros_msgs/include/micro_ros_msgs/micro_ros_msgs/msg/detail/graph__rosidl_typesupport_fastrtps_cpp.hpp
[2.750s] -- Up-to-date: /home/farhan-sw/Documents/Github/nebula/nebula-ws/install/micro_ros_msgs/include/micro_ros_msgs/micro_ros_msgs/msg/detail/dds_fastrtps
[2.750s] -- Installing: /home/farhan-sw/Documents/Github/nebula/nebula-ws/install/micro_ros_msgs/include/micro_ros_msgs/micro_ros_msgs/msg/detail/node__rosidl_typesupport_fastrtps_cpp.hpp
[2.750s] -- Installing: /home/farhan-sw/Documents/Github/nebula/nebula-ws/install/micro_ros_msgs/include/micro_ros_msgs/micro_ros_msgs/msg/rosidl_typesupport_fastrtps_cpp__visibility_control.h
[2.750s] -- Installing: /home/farhan-sw/Documents/Github/nebula/nebula-ws/install/micro_ros_msgs/lib/libmicro_ros_msgs__rosidl_typesupport_fastrtps_cpp.so
[2.750s] -- Set runtime path of "/home/farhan-sw/Documents/Github/nebula/nebula-ws/install/micro_ros_msgs/lib/libmicro_ros_msgs__rosidl_typesupport_fastrtps_cpp.so" to ""
[2.750s] -- Up-to-date: /home/farhan-sw/Documents/Github/nebula/nebula-ws/install/micro_ros_msgs/include/micro_ros_msgs/micro_ros_msgs
[2.750s] -- Up-to-date: /home/farhan-sw/Documents/Github/nebula/nebula-ws/install/micro_ros_msgs/include/micro_ros_msgs/micro_ros_msgs/msg
[2.750s] -- Up-to-date: /home/farhan-sw/Documents/Github/nebula/nebula-ws/install/micro_ros_msgs/include/micro_ros_msgs/micro_ros_msgs/msg/detail
[2.750s] -- Installing: /home/farhan-sw/Documents/Github/nebula/nebula-ws/install/micro_ros_msgs/include/micro_ros_msgs/micro_ros_msgs/msg/detail/node__rosidl_typesupport_introspection_cpp.hpp
[2.750s] -- Installing: /home/farhan-sw/Documents/Github/nebula/nebula-ws/install/micro_ros_msgs/include/micro_ros_msgs/micro_ros_msgs/msg/detail/graph__rosidl_typesupport_introspection_cpp.hpp
[2.750s] -- Installing: /home/farhan-sw/Documents/Github/nebula/nebula-ws/install/micro_ros_msgs/include/micro_ros_msgs/micro_ros_msgs/msg/detail/node__type_support.cpp
[2.750s] -- Installing: /home/farhan-sw/Documents/Github/nebula/nebula-ws/install/micro_ros_msgs/include/micro_ros_msgs/micro_ros_msgs/msg/detail/entity__rosidl_typesupport_introspection_cpp.hpp
[2.750s] -- Installing: /home/farhan-sw/Documents/Github/nebula/nebula-ws/install/micro_ros_msgs/include/micro_ros_msgs/micro_ros_msgs/msg/detail/entity__type_support.cpp
[2.751s] -- Installing: /home/farhan-sw/Documents/Github/nebula/nebula-ws/install/micro_ros_msgs/include/micro_ros_msgs/micro_ros_msgs/msg/detail/graph__type_support.cpp
[2.751s] -- Installing: /home/farhan-sw/Documents/Github/nebula/nebula-ws/install/micro_ros_msgs/lib/libmicro_ros_msgs__rosidl_typesupport_introspection_cpp.so
[2.751s] -- Set runtime path of "/home/farhan-sw/Documents/Github/nebula/nebula-ws/install/micro_ros_msgs/lib/libmicro_ros_msgs__rosidl_typesupport_introspection_cpp.so" to ""
[2.751s] -- Installing: /home/farhan-sw/Documents/Github/nebula/nebula-ws/install/micro_ros_msgs/lib/libmicro_ros_msgs__rosidl_typesupport_cpp.so
[2.751s] -- Set runtime path of "/home/farhan-sw/Documents/Github/nebula/nebula-ws/install/micro_ros_msgs/lib/libmicro_ros_msgs__rosidl_typesupport_cpp.so" to ""
[2.751s] -- Installing: /home/farhan-sw/Documents/Github/nebula/nebula-ws/install/micro_ros_msgs/share/micro_ros_msgs/environment/pythonpath.sh
[2.751s] -- Installing: /home/farhan-sw/Documents/Github/nebula/nebula-ws/install/micro_ros_msgs/share/micro_ros_msgs/environment/pythonpath.dsv
[2.751s] -- Up-to-date: /home/farhan-sw/Documents/Github/nebula/nebula-ws/install/micro_ros_msgs/local/lib/python3.10/dist-packages/micro_ros_msgs-3.0.1-py3.10.egg-info
[2.751s] -- Installing: /home/farhan-sw/Documents/Github/nebula/nebula-ws/install/micro_ros_msgs/local/lib/python3.10/dist-packages/micro_ros_msgs-3.0.1-py3.10.egg-info/SOURCES.txt
[2.751s] -- Installing: /home/farhan-sw/Documents/Github/nebula/nebula-ws/install/micro_ros_msgs/local/lib/python3.10/dist-packages/micro_ros_msgs-3.0.1-py3.10.egg-info/top_level.txt
[2.751s] -- Installing: /home/farhan-sw/Documents/Github/nebula/nebula-ws/install/micro_ros_msgs/local/lib/python3.10/dist-packages/micro_ros_msgs-3.0.1-py3.10.egg-info/dependency_links.txt
[2.752s] -- Installing: /home/farhan-sw/Documents/Github/nebula/nebula-ws/install/micro_ros_msgs/local/lib/python3.10/dist-packages/micro_ros_msgs-3.0.1-py3.10.egg-info/PKG-INFO
[2.752s] -- Up-to-date: /home/farhan-sw/Documents/Github/nebula/nebula-ws/install/micro_ros_msgs/local/lib/python3.10/dist-packages/micro_ros_msgs
[2.752s] -- Installing: /home/farhan-sw/Documents/Github/nebula/nebula-ws/install/micro_ros_msgs/local/lib/python3.10/dist-packages/micro_ros_msgs/__init__.py
[2.752s] -- Installing: /home/farhan-sw/Documents/Github/nebula/nebula-ws/install/micro_ros_msgs/local/lib/python3.10/dist-packages/micro_ros_msgs/micro_ros_msgs_s__rosidl_typesupport_c.cpython-310-x86_64-linux-gnu.so
[2.752s] -- Installing: /home/farhan-sw/Documents/Github/nebula/nebula-ws/install/micro_ros_msgs/local/lib/python3.10/dist-packages/micro_ros_msgs/micro_ros_msgs_s__rosidl_typesupport_fastrtps_c.cpython-310-x86_64-linux-gnu.so
[2.752s] -- Installing: /home/farhan-sw/Documents/Github/nebula/nebula-ws/install/micro_ros_msgs/local/lib/python3.10/dist-packages/micro_ros_msgs/_micro_ros_msgs_s.ep.rosidl_typesupport_fastrtps_c.c
[2.752s] -- Installing: /home/farhan-sw/Documents/Github/nebula/nebula-ws/install/micro_ros_msgs/local/lib/python3.10/dist-packages/micro_ros_msgs/_micro_ros_msgs_s.ep.rosidl_typesupport_c.c
[2.752s] -- Installing: /home/farhan-sw/Documents/Github/nebula/nebula-ws/install/micro_ros_msgs/local/lib/python3.10/dist-packages/micro_ros_msgs/libmicro_ros_msgs__rosidl_generator_py.so
[2.752s] -- Up-to-date: /home/farhan-sw/Documents/Github/nebula/nebula-ws/install/micro_ros_msgs/local/lib/python3.10/dist-packages/micro_ros_msgs/msg
[2.752s] -- Installing: /home/farhan-sw/Documents/Github/nebula/nebula-ws/install/micro_ros_msgs/local/lib/python3.10/dist-packages/micro_ros_msgs/msg/__init__.py
[2.752s] -- Installing: /home/farhan-sw/Documents/Github/nebula/nebula-ws/install/micro_ros_msgs/local/lib/python3.10/dist-packages/micro_ros_msgs/msg/_node_s.c
[2.752s] -- Installing: /home/farhan-sw/Documents/Github/nebula/nebula-ws/install/micro_ros_msgs/local/lib/python3.10/dist-packages/micro_ros_msgs/msg/_graph.py
[2.752s] -- Installing: /home/farhan-sw/Documents/Github/nebula/nebula-ws/install/micro_ros_msgs/local/lib/python3.10/dist-packages/micro_ros_msgs/msg/_node.py
[2.752s] -- Installing: /home/farhan-sw/Documents/Github/nebula/nebula-ws/install/micro_ros_msgs/local/lib/python3.10/dist-packages/micro_ros_msgs/msg/_entity_s.c
[2.752s] -- Installing: /home/farhan-sw/Documents/Github/nebula/nebula-ws/install/micro_ros_msgs/local/lib/python3.10/dist-packages/micro_ros_msgs/msg/_graph_s.c
[2.752s] -- Installing: /home/farhan-sw/Documents/Github/nebula/nebula-ws/install/micro_ros_msgs/local/lib/python3.10/dist-packages/micro_ros_msgs/msg/_entity.py
[2.753s] -- Installing: /home/farhan-sw/Documents/Github/nebula/nebula-ws/install/micro_ros_msgs/local/lib/python3.10/dist-packages/micro_ros_msgs/_micro_ros_msgs_s.ep.rosidl_typesupport_introspection_c.c
[2.753s] -- Installing: /home/farhan-sw/Documents/Github/nebula/nebula-ws/install/micro_ros_msgs/local/lib/python3.10/dist-packages/micro_ros_msgs/micro_ros_msgs_s__rosidl_typesupport_introspection_c.cpython-310-x86_64-linux-gnu.so
[2.775s] Listing '/home/farhan-sw/Documents/Github/nebula/nebula-ws/install/micro_ros_msgs/local/lib/python3.10/dist-packages/micro_ros_msgs'...
[2.775s] Compiling '/home/farhan-sw/Documents/Github/nebula/nebula-ws/install/micro_ros_msgs/local/lib/python3.10/dist-packages/micro_ros_msgs/__init__.py'...
[2.775s] Listing '/home/farhan-sw/Documents/Github/nebula/nebula-ws/install/micro_ros_msgs/local/lib/python3.10/dist-packages/micro_ros_msgs/msg'...
[2.775s] Compiling '/home/farhan-sw/Documents/Github/nebula/nebula-ws/install/micro_ros_msgs/local/lib/python3.10/dist-packages/micro_ros_msgs/msg/__init__.py'...
[2.775s] Compiling '/home/farhan-sw/Documents/Github/nebula/nebula-ws/install/micro_ros_msgs/local/lib/python3.10/dist-packages/micro_ros_msgs/msg/_entity.py'...
[2.776s] Compiling '/home/farhan-sw/Documents/Github/nebula/nebula-ws/install/micro_ros_msgs/local/lib/python3.10/dist-packages/micro_ros_msgs/msg/_graph.py'...
[2.776s] Compiling '/home/farhan-sw/Documents/Github/nebula/nebula-ws/install/micro_ros_msgs/local/lib/python3.10/dist-packages/micro_ros_msgs/msg/_node.py'...
[2.778s] -- Installing: /home/farhan-sw/Documents/Github/nebula/nebula-ws/install/micro_ros_msgs/local/lib/python3.10/dist-packages/micro_ros_msgs/micro_ros_msgs_s__rosidl_typesupport_fastrtps_c.cpython-310-x86_64-linux-gnu.so
[2.778s] -- Set runtime path of "/home/farhan-sw/Documents/Github/nebula/nebula-ws/install/micro_ros_msgs/local/lib/python3.10/dist-packages/micro_ros_msgs/micro_ros_msgs_s__rosidl_typesupport_fastrtps_c.cpython-310-x86_64-linux-gnu.so" to ""
[2.778s] -- Installing: /home/farhan-sw/Documents/Github/nebula/nebula-ws/install/micro_ros_msgs/local/lib/python3.10/dist-packages/micro_ros_msgs/micro_ros_msgs_s__rosidl_typesupport_introspection_c.cpython-310-x86_64-linux-gnu.so
[2.778s] -- Set runtime path of "/home/farhan-sw/Documents/Github/nebula/nebula-ws/install/micro_ros_msgs/local/lib/python3.10/dist-packages/micro_ros_msgs/micro_ros_msgs_s__rosidl_typesupport_introspection_c.cpython-310-x86_64-linux-gnu.so" to ""
[2.779s] -- Installing: /home/farhan-sw/Documents/Github/nebula/nebula-ws/install/micro_ros_msgs/local/lib/python3.10/dist-packages/micro_ros_msgs/micro_ros_msgs_s__rosidl_typesupport_c.cpython-310-x86_64-linux-gnu.so
[2.779s] -- Set runtime path of "/home/farhan-sw/Documents/Github/nebula/nebula-ws/install/micro_ros_msgs/local/lib/python3.10/dist-packages/micro_ros_msgs/micro_ros_msgs_s__rosidl_typesupport_c.cpython-310-x86_64-linux-gnu.so" to ""
[2.779s] -- Installing: /home/farhan-sw/Documents/Github/nebula/nebula-ws/install/micro_ros_msgs/lib/libmicro_ros_msgs__rosidl_generator_py.so
[2.779s] -- Set runtime path of "/home/farhan-sw/Documents/Github/nebula/nebula-ws/install/micro_ros_msgs/lib/libmicro_ros_msgs__rosidl_generator_py.so" to ""
[2.779s] -- Installing: /home/farhan-sw/Documents/Github/nebula/nebula-ws/install/micro_ros_msgs/share/micro_ros_msgs/msg/Graph.idl
[2.779s] -- Installing: /home/farhan-sw/Documents/Github/nebula/nebula-ws/install/micro_ros_msgs/share/micro_ros_msgs/msg/Node.idl
[2.779s] -- Installing: /home/farhan-sw/Documents/Github/nebula/nebula-ws/install/micro_ros_msgs/share/micro_ros_msgs/msg/Entity.idl
[2.779s] -- Installing: /home/farhan-sw/Documents/Github/nebula/nebula-ws/install/micro_ros_msgs/share/micro_ros_msgs/msg/Graph.msg
[2.779s] -- Installing: /home/farhan-sw/Documents/Github/nebula/nebula-ws/install/micro_ros_msgs/share/micro_ros_msgs/msg/Node.msg
[2.779s] -- Installing: /home/farhan-sw/Documents/Github/nebula/nebula-ws/install/micro_ros_msgs/share/micro_ros_msgs/msg/Entity.msg
[2.779s] -- Installing: /home/farhan-sw/Documents/Github/nebula/nebula-ws/install/micro_ros_msgs/share/ament_index/resource_index/package_run_dependencies/micro_ros_msgs
[2.779s] -- Installing: /home/farhan-sw/Documents/Github/nebula/nebula-ws/install/micro_ros_msgs/share/ament_index/resource_index/parent_prefix_path/micro_ros_msgs
[2.780s] -- Up-to-date: /home/farhan-sw/Documents/Github/nebula/nebula-ws/install/micro_ros_msgs/share/micro_ros_msgs/environment/ament_prefix_path.sh
[2.780s] -- Installing: /home/farhan-sw/Documents/Github/nebula/nebula-ws/install/micro_ros_msgs/share/micro_ros_msgs/environment/ament_prefix_path.dsv
[2.780s] -- Up-to-date: /home/farhan-sw/Documents/Github/nebula/nebula-ws/install/micro_ros_msgs/share/micro_ros_msgs/environment/path.sh
[2.780s] -- Installing: /home/farhan-sw/Documents/Github/nebula/nebula-ws/install/micro_ros_msgs/share/micro_ros_msgs/environment/path.dsv
[2.780s] -- Installing: /home/farhan-sw/Documents/Github/nebula/nebula-ws/install/micro_ros_msgs/share/micro_ros_msgs/local_setup.bash
[2.780s] -- Installing: /home/farhan-sw/Documents/Github/nebula/nebula-ws/install/micro_ros_msgs/share/micro_ros_msgs/local_setup.sh
[2.780s] -- Installing: /home/farhan-sw/Documents/Github/nebula/nebula-ws/install/micro_ros_msgs/share/micro_ros_msgs/local_setup.zsh
[2.780s] -- Installing: /home/farhan-sw/Documents/Github/nebula/nebula-ws/install/micro_ros_msgs/share/micro_ros_msgs/local_setup.dsv
[2.780s] -- Installing: /home/farhan-sw/Documents/Github/nebula/nebula-ws/install/micro_ros_msgs/share/micro_ros_msgs/package.dsv
[2.780s] -- Installing: /home/farhan-sw/Documents/Github/nebula/nebula-ws/install/micro_ros_msgs/share/ament_index/resource_index/packages/micro_ros_msgs
[2.780s] -- Installing: /home/farhan-sw/Documents/Github/nebula/nebula-ws/install/micro_ros_msgs/share/micro_ros_msgs/cmake/export_micro_ros_msgs__rosidl_generator_cExport.cmake
[2.780s] -- Installing: /home/farhan-sw/Documents/Github/nebula/nebula-ws/install/micro_ros_msgs/share/micro_ros_msgs/cmake/export_micro_ros_msgs__rosidl_generator_cExport-noconfig.cmake
[2.780s] -- Installing: /home/farhan-sw/Documents/Github/nebula/nebula-ws/install/micro_ros_msgs/share/micro_ros_msgs/cmake/export_micro_ros_msgs__rosidl_typesupport_fastrtps_cExport.cmake
[2.780s] -- Installing: /home/farhan-sw/Documents/Github/nebula/nebula-ws/install/micro_ros_msgs/share/micro_ros_msgs/cmake/export_micro_ros_msgs__rosidl_typesupport_fastrtps_cExport-noconfig.cmake
[2.781s] -- Installing: /home/farhan-sw/Documents/Github/nebula/nebula-ws/install/micro_ros_msgs/share/micro_ros_msgs/cmake/micro_ros_msgs__rosidl_typesupport_introspection_cExport.cmake
[2.781s] -- Installing: /home/farhan-sw/Documents/Github/nebula/nebula-ws/install/micro_ros_msgs/share/micro_ros_msgs/cmake/micro_ros_msgs__rosidl_typesupport_introspection_cExport-noconfig.cmake
[2.781s] -- Installing: /home/farhan-sw/Documents/Github/nebula/nebula-ws/install/micro_ros_msgs/share/micro_ros_msgs/cmake/micro_ros_msgs__rosidl_typesupport_cExport.cmake
[2.781s] -- Installing: /home/farhan-sw/Documents/Github/nebula/nebula-ws/install/micro_ros_msgs/share/micro_ros_msgs/cmake/micro_ros_msgs__rosidl_typesupport_cExport-noconfig.cmake
[2.781s] -- Installing: /home/farhan-sw/Documents/Github/nebula/nebula-ws/install/micro_ros_msgs/share/micro_ros_msgs/cmake/export_micro_ros_msgs__rosidl_generator_cppExport.cmake
[2.781s] -- Installing: /home/farhan-sw/Documents/Github/nebula/nebula-ws/install/micro_ros_msgs/share/micro_ros_msgs/cmake/export_micro_ros_msgs__rosidl_typesupport_fastrtps_cppExport.cmake
[2.781s] -- Installing: /home/farhan-sw/Documents/Github/nebula/nebula-ws/install/micro_ros_msgs/share/micro_ros_msgs/cmake/export_micro_ros_msgs__rosidl_typesupport_fastrtps_cppExport-noconfig.cmake
[2.781s] -- Installing: /home/farhan-sw/Documents/Github/nebula/nebula-ws/install/micro_ros_msgs/share/micro_ros_msgs/cmake/micro_ros_msgs__rosidl_typesupport_introspection_cppExport.cmake
[2.781s] -- Installing: /home/farhan-sw/Documents/Github/nebula/nebula-ws/install/micro_ros_msgs/share/micro_ros_msgs/cmake/micro_ros_msgs__rosidl_typesupport_introspection_cppExport-noconfig.cmake
[2.781s] -- Installing: /home/farhan-sw/Documents/Github/nebula/nebula-ws/install/micro_ros_msgs/share/micro_ros_msgs/cmake/micro_ros_msgs__rosidl_typesupport_cppExport.cmake
[2.781s] -- Installing: /home/farhan-sw/Documents/Github/nebula/nebula-ws/install/micro_ros_msgs/share/micro_ros_msgs/cmake/micro_ros_msgs__rosidl_typesupport_cppExport-noconfig.cmake
[2.782s] -- Installing: /home/farhan-sw/Documents/Github/nebula/nebula-ws/install/micro_ros_msgs/share/micro_ros_msgs/cmake/export_micro_ros_msgs__rosidl_generator_pyExport.cmake
[2.782s] -- Installing: /home/farhan-sw/Documents/Github/nebula/nebula-ws/install/micro_ros_msgs/share/micro_ros_msgs/cmake/export_micro_ros_msgs__rosidl_generator_pyExport-noconfig.cmake
[2.782s] -- Installing: /home/farhan-sw/Documents/Github/nebula/nebula-ws/install/micro_ros_msgs/share/micro_ros_msgs/cmake/rosidl_cmake-extras.cmake
[2.782s] -- Installing: /home/farhan-sw/Documents/Github/nebula/nebula-ws/install/micro_ros_msgs/share/micro_ros_msgs/cmake/ament_cmake_export_include_directories-extras.cmake
[2.782s] -- Installing: /home/farhan-sw/Documents/Github/nebula/nebula-ws/install/micro_ros_msgs/share/micro_ros_msgs/cmake/ament_cmake_export_libraries-extras.cmake
[2.782s] -- Installing: /home/farhan-sw/Documents/Github/nebula/nebula-ws/install/micro_ros_msgs/share/micro_ros_msgs/cmake/ament_cmake_export_targets-extras.cmake
[2.782s] -- Installing: /home/farhan-sw/Documents/Github/nebula/nebula-ws/install/micro_ros_msgs/share/micro_ros_msgs/cmake/rosidl_cmake_export_typesupport_targets-extras.cmake
[2.782s] -- Installing: /home/farhan-sw/Documents/Github/nebula/nebula-ws/install/micro_ros_msgs/share/micro_ros_msgs/cmake/ament_cmake_export_dependencies-extras.cmake
[2.782s] -- Installing: /home/farhan-sw/Documents/Github/nebula/nebula-ws/install/micro_ros_msgs/share/micro_ros_msgs/cmake/rosidl_cmake_export_typesupport_libraries-extras.cmake
[2.782s] -- Installing: /home/farhan-sw/Documents/Github/nebula/nebula-ws/install/micro_ros_msgs/share/micro_ros_msgs/cmake/micro_ros_msgsConfig.cmake
[2.782s] -- Installing: /home/farhan-sw/Documents/Github/nebula/nebula-ws/install/micro_ros_msgs/share/micro_ros_msgs/cmake/micro_ros_msgsConfig-version.cmake
[2.782s] -- Installing: /home/farhan-sw/Documents/Github/nebula/nebula-ws/install/micro_ros_msgs/share/micro_ros_msgs/package.xml
[2.784s] Invoked command in '/home/farhan-sw/Documents/Github/nebula/nebula-ws/build/micro_ros_msgs' returned '0': CMAKE_PREFIX_PATH=${CMAKE_PREFIX_PATH}:/opt/ros/humble /usr/bin/cmake --install /home/farhan-sw/Documents/Github/nebula/nebula-ws/build/micro_ros_msgs
