[0.066s] DEBUG:colcon:Command line arguments: ['/usr/bin/colcon', 'list', '-p', '--base-paths', '/home/farhan-sw/Documents/Github/nebula/nebula-ws']
[0.066s] DEBUG:colcon:Parsed command line arguments: Namespace(log_base=None, log_level=None, verb_name='list', build_base='build', ignore_user_meta=False, metas=['./colcon.meta'], base_paths=['/home/farhan-sw/Documents/Github/nebula/nebula-ws'], packages_ignore=None, packages_ignore_regex=None, paths=None, packages_up_to=None, packages_up_to_regex=None, packages_above=None, packages_above_and_dependencies=None, packages_above_depth=None, packages_select_by_dep=None, packages_skip_by_dep=None, packages_skip_up_to=None, packages_select_build_failed=False, packages_skip_build_finished=False, packages_select_test_failures=False, packages_skip_test_passed=False, packages_select=None, packages_skip=None, packages_select_regex=None, packages_skip_regex=None, packages_start=None, packages_end=None, allow_overriding=[], topological_order=False, names_only=False, paths_only=True, topological_graph=False, topological_graph_dot=False, topological_graph_density=False, topological_graph_legend=False, topological_graph_dot_cluster=False, topological_graph_dot_include_skipped=False, verb_parser=<colcon_defaults.argument_parser.defaults.DefaultArgumentsDecorator object at 0x759400a45450>, verb_extension=<colcon_package_information.verb.list.ListVerb object at 0x759400bb52a0>, main=<bound method ListVerb.main of <colcon_package_information.verb.list.ListVerb object at 0x759400bb52a0>>)
[0.179s] Level 1:colcon.colcon_core.package_discovery:discover_packages(colcon_meta) check parameters
[0.179s] Level 1:colcon.colcon_core.package_discovery:discover_packages(recursive) check parameters
[0.179s] Level 1:colcon.colcon_core.package_discovery:discover_packages(ignore) check parameters
[0.179s] Level 1:colcon.colcon_core.package_discovery:discover_packages(path) check parameters
[0.180s] Level 1:colcon.colcon_core.package_discovery:discover_packages(recursive) discover
[0.180s] INFO:colcon.colcon_core.package_discovery:Crawling recursively for packages in '/home/farhan-sw/Documents/Github/nebula/nebula-ws'
[0.180s] Level 1:colcon.colcon_core.package_identification:_identify(/home/farhan-sw/Documents/Github/nebula/nebula-ws) by extensions ['ignore', 'ignore_ament_install']
[0.180s] Level 1:colcon.colcon_core.package_identification:_identify(/home/farhan-sw/Documents/Github/nebula/nebula-ws) by extension 'ignore'
[0.180s] Level 1:colcon.colcon_core.package_identification:_identify(/home/farhan-sw/Documents/Github/nebula/nebula-ws) by extension 'ignore_ament_install'
[0.180s] Level 1:colcon.colcon_core.package_identification:_identify(/home/farhan-sw/Documents/Github/nebula/nebula-ws) by extensions ['colcon_pkg']
[0.180s] Level 1:colcon.colcon_core.package_identification:_identify(/home/farhan-sw/Documents/Github/nebula/nebula-ws) by extension 'colcon_pkg'
[0.180s] Level 1:colcon.colcon_core.package_identification:_identify(/home/farhan-sw/Documents/Github/nebula/nebula-ws) by extensions ['colcon_meta']
[0.180s] Level 1:colcon.colcon_core.package_identification:_identify(/home/farhan-sw/Documents/Github/nebula/nebula-ws) by extension 'colcon_meta'
[0.180s] Level 1:colcon.colcon_core.package_identification:_identify(/home/farhan-sw/Documents/Github/nebula/nebula-ws) by extensions ['ros']
[0.180s] Level 1:colcon.colcon_core.package_identification:_identify(/home/farhan-sw/Documents/Github/nebula/nebula-ws) by extension 'ros'
[0.189s] Level 1:colcon.colcon_core.package_identification:_identify(/home/farhan-sw/Documents/Github/nebula/nebula-ws) by extensions ['cmake', 'python']
[0.189s] Level 1:colcon.colcon_core.package_identification:_identify(/home/farhan-sw/Documents/Github/nebula/nebula-ws) by extension 'cmake'
[0.189s] Level 1:colcon.colcon_core.package_identification:_identify(/home/farhan-sw/Documents/Github/nebula/nebula-ws) by extension 'python'
[0.189s] Level 1:colcon.colcon_core.package_identification:_identify(/home/farhan-sw/Documents/Github/nebula/nebula-ws) by extensions ['python_setup_py']
[0.189s] Level 1:colcon.colcon_core.package_identification:_identify(/home/farhan-sw/Documents/Github/nebula/nebula-ws) by extension 'python_setup_py'
[0.189s] Level 1:colcon.colcon_core.package_identification:_identify(/home/farhan-sw/Documents/Github/nebula/nebula-ws/build) by extensions ['ignore', 'ignore_ament_install']
[0.189s] Level 1:colcon.colcon_core.package_identification:_identify(/home/farhan-sw/Documents/Github/nebula/nebula-ws/build) by extension 'ignore'
[0.189s] Level 1:colcon.colcon_core.package_identification:_identify(/home/farhan-sw/Documents/Github/nebula/nebula-ws/build) ignored
[0.189s] Level 1:colcon.colcon_core.package_identification:_identify(/home/farhan-sw/Documents/Github/nebula/nebula-ws/install) by extensions ['ignore', 'ignore_ament_install']
[0.190s] Level 1:colcon.colcon_core.package_identification:_identify(/home/farhan-sw/Documents/Github/nebula/nebula-ws/install) by extension 'ignore'
[0.190s] Level 1:colcon.colcon_core.package_identification:_identify(/home/farhan-sw/Documents/Github/nebula/nebula-ws/install) ignored
[0.190s] Level 1:colcon.colcon_core.package_identification:_identify(/home/farhan-sw/Documents/Github/nebula/nebula-ws/log) by extensions ['ignore', 'ignore_ament_install']
[0.190s] Level 1:colcon.colcon_core.package_identification:_identify(/home/farhan-sw/Documents/Github/nebula/nebula-ws/log) by extension 'ignore'
[0.190s] Level 1:colcon.colcon_core.package_identification:_identify(/home/farhan-sw/Documents/Github/nebula/nebula-ws/log) ignored
[0.190s] Level 1:colcon.colcon_core.package_identification:_identify(/home/farhan-sw/Documents/Github/nebula/nebula-ws/src) by extensions ['ignore', 'ignore_ament_install']
[0.190s] Level 1:colcon.colcon_core.package_identification:_identify(/home/farhan-sw/Documents/Github/nebula/nebula-ws/src) by extension 'ignore'
[0.190s] Level 1:colcon.colcon_core.package_identification:_identify(/home/farhan-sw/Documents/Github/nebula/nebula-ws/src) by extension 'ignore_ament_install'
[0.190s] Level 1:colcon.colcon_core.package_identification:_identify(/home/farhan-sw/Documents/Github/nebula/nebula-ws/src) by extensions ['colcon_pkg']
[0.190s] Level 1:colcon.colcon_core.package_identification:_identify(/home/farhan-sw/Documents/Github/nebula/nebula-ws/src) by extension 'colcon_pkg'
[0.190s] Level 1:colcon.colcon_core.package_identification:_identify(/home/farhan-sw/Documents/Github/nebula/nebula-ws/src) by extensions ['colcon_meta']
[0.190s] Level 1:colcon.colcon_core.package_identification:_identify(/home/farhan-sw/Documents/Github/nebula/nebula-ws/src) by extension 'colcon_meta'
[0.190s] Level 1:colcon.colcon_core.package_identification:_identify(/home/farhan-sw/Documents/Github/nebula/nebula-ws/src) by extensions ['ros']
[0.190s] Level 1:colcon.colcon_core.package_identification:_identify(/home/farhan-sw/Documents/Github/nebula/nebula-ws/src) by extension 'ros'
[0.190s] Level 1:colcon.colcon_core.package_identification:_identify(/home/farhan-sw/Documents/Github/nebula/nebula-ws/src) by extensions ['cmake', 'python']
[0.190s] Level 1:colcon.colcon_core.package_identification:_identify(/home/farhan-sw/Documents/Github/nebula/nebula-ws/src) by extension 'cmake'
[0.190s] Level 1:colcon.colcon_core.package_identification:_identify(/home/farhan-sw/Documents/Github/nebula/nebula-ws/src) by extension 'python'
[0.190s] Level 1:colcon.colcon_core.package_identification:_identify(/home/farhan-sw/Documents/Github/nebula/nebula-ws/src) by extensions ['python_setup_py']
[0.190s] Level 1:colcon.colcon_core.package_identification:_identify(/home/farhan-sw/Documents/Github/nebula/nebula-ws/src) by extension 'python_setup_py'
[0.190s] Level 1:colcon.colcon_core.package_identification:_identify(/home/farhan-sw/Documents/Github/nebula/nebula-ws/src/config) by extensions ['ignore', 'ignore_ament_install']
[0.190s] Level 1:colcon.colcon_core.package_identification:_identify(/home/farhan-sw/Documents/Github/nebula/nebula-ws/src/config) by extension 'ignore'
[0.190s] Level 1:colcon.colcon_core.package_identification:_identify(/home/farhan-sw/Documents/Github/nebula/nebula-ws/src/config) by extension 'ignore_ament_install'
[0.191s] Level 1:colcon.colcon_core.package_identification:_identify(/home/farhan-sw/Documents/Github/nebula/nebula-ws/src/config) by extensions ['colcon_pkg']
[0.191s] Level 1:colcon.colcon_core.package_identification:_identify(/home/farhan-sw/Documents/Github/nebula/nebula-ws/src/config) by extension 'colcon_pkg'
[0.191s] Level 1:colcon.colcon_core.package_identification:_identify(/home/farhan-sw/Documents/Github/nebula/nebula-ws/src/config) by extensions ['colcon_meta']
[0.191s] Level 1:colcon.colcon_core.package_identification:_identify(/home/farhan-sw/Documents/Github/nebula/nebula-ws/src/config) by extension 'colcon_meta'
[0.191s] Level 1:colcon.colcon_core.package_identification:_identify(/home/farhan-sw/Documents/Github/nebula/nebula-ws/src/config) by extensions ['ros']
[0.191s] Level 1:colcon.colcon_core.package_identification:_identify(/home/farhan-sw/Documents/Github/nebula/nebula-ws/src/config) by extension 'ros'
[0.191s] Level 1:colcon.colcon_core.package_identification:_identify(/home/farhan-sw/Documents/Github/nebula/nebula-ws/src/config) by extensions ['cmake', 'python']
[0.191s] Level 1:colcon.colcon_core.package_identification:_identify(/home/farhan-sw/Documents/Github/nebula/nebula-ws/src/config) by extension 'cmake'
[0.191s] Level 1:colcon.colcon_core.package_identification:_identify(/home/farhan-sw/Documents/Github/nebula/nebula-ws/src/config) by extension 'python'
[0.191s] Level 1:colcon.colcon_core.package_identification:_identify(/home/farhan-sw/Documents/Github/nebula/nebula-ws/src/config) by extensions ['python_setup_py']
[0.191s] Level 1:colcon.colcon_core.package_identification:_identify(/home/farhan-sw/Documents/Github/nebula/nebula-ws/src/config) by extension 'python_setup_py'
[0.191s] Level 1:colcon.colcon_core.package_identification:_identify(/home/farhan-sw/Documents/Github/nebula/nebula-ws/src/nebula_bringup) by extensions ['ignore', 'ignore_ament_install']
[0.191s] Level 1:colcon.colcon_core.package_identification:_identify(/home/farhan-sw/Documents/Github/nebula/nebula-ws/src/nebula_bringup) by extension 'ignore'
[0.191s] Level 1:colcon.colcon_core.package_identification:_identify(/home/farhan-sw/Documents/Github/nebula/nebula-ws/src/nebula_bringup) by extension 'ignore_ament_install'
[0.191s] Level 1:colcon.colcon_core.package_identification:_identify(/home/farhan-sw/Documents/Github/nebula/nebula-ws/src/nebula_bringup) by extensions ['colcon_pkg']
[0.191s] Level 1:colcon.colcon_core.package_identification:_identify(/home/farhan-sw/Documents/Github/nebula/nebula-ws/src/nebula_bringup) by extension 'colcon_pkg'
[0.191s] Level 1:colcon.colcon_core.package_identification:_identify(/home/farhan-sw/Documents/Github/nebula/nebula-ws/src/nebula_bringup) by extensions ['colcon_meta']
[0.191s] Level 1:colcon.colcon_core.package_identification:_identify(/home/farhan-sw/Documents/Github/nebula/nebula-ws/src/nebula_bringup) by extension 'colcon_meta'
[0.191s] Level 1:colcon.colcon_core.package_identification:_identify(/home/farhan-sw/Documents/Github/nebula/nebula-ws/src/nebula_bringup) by extensions ['ros']
[0.191s] Level 1:colcon.colcon_core.package_identification:_identify(/home/farhan-sw/Documents/Github/nebula/nebula-ws/src/nebula_bringup) by extension 'ros'
[0.193s] DEBUG:colcon.colcon_core.package_identification:Package '/home/farhan-sw/Documents/Github/nebula/nebula-ws/src/nebula_bringup' with type 'ros.ament_cmake' and name 'nebula_bringup'
[0.193s] Level 1:colcon.colcon_core.package_discovery:discover_packages(recursive) using defaults
