[0.063s] DEBUG:colcon:Command line arguments: ['/usr/bin/colcon', 'build', '--packages-up-to', 'micro_ros_agent', '--cmake-args', '-DUAGENT_BUILD_EXECUTABLE=OFF', '-DUAGENT_P2P_PROFILE=OFF', '--no-warn-unused-cli']
[0.063s] DEBUG:colcon:Parsed command line arguments: Namespace(log_base=None, log_level=None, verb_name='build', build_base='build', install_base='install', merge_install=False, symlink_install=False, test_result_base=None, continue_on_error=False, executor='parallel', parallel_workers=16, event_handlers=None, ignore_user_meta=False, metas=['./colcon.meta'], base_paths=['.'], packages_ignore=None, packages_ignore_regex=None, paths=None, packages_up_to=['micro_ros_agent'], packages_up_to_regex=None, packages_above=None, packages_above_and_dependencies=None, packages_above_depth=None, packages_select_by_dep=None, packages_skip_by_dep=None, packages_skip_up_to=None, packages_select_build_failed=False, packages_skip_build_finished=False, packages_select_test_failures=False, packages_skip_test_passed=False, packages_select=None, packages_skip=None, packages_select_regex=None, packages_skip_regex=None, packages_start=None, packages_end=None, allow_overriding=[], cmake_args=['-DUAGENT_BUILD_EXECUTABLE=OFF', '-DUAGENT_P2P_PROFILE=OFF', '--no-warn-unused-cli'], cmake_target=None, cmake_target_skip_unavailable=False, cmake_clean_cache=False, cmake_clean_first=False, cmake_force_configure=False, ament_cmake_args=None, catkin_cmake_args=None, catkin_skip_building_tests=False, verb_parser=<colcon_defaults.argument_parser.defaults.DefaultArgumentsDecorator object at 0x7178a7349000>, verb_extension=<colcon_core.verb.build.BuildVerb object at 0x7178a7459bd0>, main=<bound method BuildVerb.main of <colcon_core.verb.build.BuildVerb object at 0x7178a7459bd0>>)
[0.161s] Level 1:colcon.colcon_core.package_discovery:discover_packages(colcon_meta) check parameters
[0.161s] Level 1:colcon.colcon_core.package_discovery:discover_packages(recursive) check parameters
[0.161s] Level 1:colcon.colcon_core.package_discovery:discover_packages(ignore) check parameters
[0.161s] Level 1:colcon.colcon_core.package_discovery:discover_packages(path) check parameters
[0.161s] Level 1:colcon.colcon_core.package_discovery:discover_packages(colcon_meta) discover
[0.161s] Level 1:colcon.colcon_core.package_discovery:discover_packages(recursive) discover
[0.161s] INFO:colcon.colcon_core.package_discovery:Crawling recursively for packages in '/home/farhan-sw/Documents/Github/nebula/nebula-ws'
[0.161s] Level 1:colcon.colcon_core.package_identification:_identify(.) by extensions ['ignore', 'ignore_ament_install']
[0.161s] Level 1:colcon.colcon_core.package_identification:_identify(.) by extension 'ignore'
[0.161s] Level 1:colcon.colcon_core.package_identification:_identify(.) by extension 'ignore_ament_install'
[0.161s] Level 1:colcon.colcon_core.package_identification:_identify(.) by extensions ['colcon_pkg']
[0.161s] Level 1:colcon.colcon_core.package_identification:_identify(.) by extension 'colcon_pkg'
[0.161s] Level 1:colcon.colcon_core.package_identification:_identify(.) by extensions ['colcon_meta']
[0.161s] Level 1:colcon.colcon_core.package_identification:_identify(.) by extension 'colcon_meta'
[0.161s] Level 1:colcon.colcon_core.package_identification:_identify(.) by extensions ['ros']
[0.161s] Level 1:colcon.colcon_core.package_identification:_identify(.) by extension 'ros'
[0.169s] Level 1:colcon.colcon_core.package_identification:_identify(.) by extensions ['cmake', 'python']
[0.169s] Level 1:colcon.colcon_core.package_identification:_identify(.) by extension 'cmake'
[0.169s] Level 1:colcon.colcon_core.package_identification:_identify(.) by extension 'python'
[0.169s] Level 1:colcon.colcon_core.package_identification:_identify(.) by extensions ['python_setup_py']
[0.169s] Level 1:colcon.colcon_core.package_identification:_identify(.) by extension 'python_setup_py'
[0.169s] Level 1:colcon.colcon_core.package_identification:_identify(build) by extensions ['ignore', 'ignore_ament_install']
[0.169s] Level 1:colcon.colcon_core.package_identification:_identify(build) by extension 'ignore'
[0.169s] Level 1:colcon.colcon_core.package_identification:_identify(build) ignored
[0.169s] Level 1:colcon.colcon_core.package_identification:_identify(install) by extensions ['ignore', 'ignore_ament_install']
[0.169s] Level 1:colcon.colcon_core.package_identification:_identify(install) by extension 'ignore'
[0.169s] Level 1:colcon.colcon_core.package_identification:_identify(install) ignored
[0.169s] Level 1:colcon.colcon_core.package_identification:_identify(log) by extensions ['ignore', 'ignore_ament_install']
[0.169s] Level 1:colcon.colcon_core.package_identification:_identify(log) by extension 'ignore'
[0.169s] Level 1:colcon.colcon_core.package_identification:_identify(log) ignored
[0.169s] Level 1:colcon.colcon_core.package_identification:_identify(src) by extensions ['ignore', 'ignore_ament_install']
[0.169s] Level 1:colcon.colcon_core.package_identification:_identify(src) by extension 'ignore'
[0.169s] Level 1:colcon.colcon_core.package_identification:_identify(src) by extension 'ignore_ament_install'
[0.170s] Level 1:colcon.colcon_core.package_identification:_identify(src) by extensions ['colcon_pkg']
[0.170s] Level 1:colcon.colcon_core.package_identification:_identify(src) by extension 'colcon_pkg'
[0.170s] Level 1:colcon.colcon_core.package_identification:_identify(src) by extensions ['colcon_meta']
[0.170s] Level 1:colcon.colcon_core.package_identification:_identify(src) by extension 'colcon_meta'
[0.170s] Level 1:colcon.colcon_core.package_identification:_identify(src) by extensions ['ros']
[0.170s] Level 1:colcon.colcon_core.package_identification:_identify(src) by extension 'ros'
[0.170s] Level 1:colcon.colcon_core.package_identification:_identify(src) by extensions ['cmake', 'python']
[0.170s] Level 1:colcon.colcon_core.package_identification:_identify(src) by extension 'cmake'
[0.170s] Level 1:colcon.colcon_core.package_identification:_identify(src) by extension 'python'
[0.170s] Level 1:colcon.colcon_core.package_identification:_identify(src) by extensions ['python_setup_py']
[0.170s] Level 1:colcon.colcon_core.package_identification:_identify(src) by extension 'python_setup_py'
[0.170s] Level 1:colcon.colcon_core.package_identification:_identify(src/nebula_bringup) by extensions ['ignore', 'ignore_ament_install']
[0.170s] Level 1:colcon.colcon_core.package_identification:_identify(src/nebula_bringup) by extension 'ignore'
[0.170s] Level 1:colcon.colcon_core.package_identification:_identify(src/nebula_bringup) by extension 'ignore_ament_install'
[0.170s] Level 1:colcon.colcon_core.package_identification:_identify(src/nebula_bringup) by extensions ['colcon_pkg']
[0.170s] Level 1:colcon.colcon_core.package_identification:_identify(src/nebula_bringup) by extension 'colcon_pkg'
[0.170s] Level 1:colcon.colcon_core.package_identification:_identify(src/nebula_bringup) by extensions ['colcon_meta']
[0.170s] Level 1:colcon.colcon_core.package_identification:_identify(src/nebula_bringup) by extension 'colcon_meta'
[0.170s] Level 1:colcon.colcon_core.package_identification:_identify(src/nebula_bringup) by extensions ['ros']
[0.170s] Level 1:colcon.colcon_core.package_identification:_identify(src/nebula_bringup) by extension 'ros'
[0.171s] DEBUG:colcon.colcon_core.package_identification:Package 'src/nebula_bringup' with type 'ros.ament_cmake' and name 'nebula_bringup'
[0.171s] Level 1:colcon.colcon_core.package_identification:_identify(src/nebula_config) by extensions ['ignore', 'ignore_ament_install']
[0.171s] Level 1:colcon.colcon_core.package_identification:_identify(src/nebula_config) by extension 'ignore'
[0.171s] Level 1:colcon.colcon_core.package_identification:_identify(src/nebula_config) by extension 'ignore_ament_install'
[0.172s] Level 1:colcon.colcon_core.package_identification:_identify(src/nebula_config) by extensions ['colcon_pkg']
[0.172s] Level 1:colcon.colcon_core.package_identification:_identify(src/nebula_config) by extension 'colcon_pkg'
[0.172s] Level 1:colcon.colcon_core.package_identification:_identify(src/nebula_config) by extensions ['colcon_meta']
[0.172s] Level 1:colcon.colcon_core.package_identification:_identify(src/nebula_config) by extension 'colcon_meta'
[0.172s] Level 1:colcon.colcon_core.package_identification:_identify(src/nebula_config) by extensions ['ros']
[0.172s] Level 1:colcon.colcon_core.package_identification:_identify(src/nebula_config) by extension 'ros'
[0.172s] DEBUG:colcon.colcon_core.package_identification:Package 'src/nebula_config' with type 'ros.ament_cmake' and name 'nebula_config'
[0.172s] Level 1:colcon.colcon_core.package_identification:_identify(src/nebula_interfaces) by extensions ['ignore', 'ignore_ament_install']
[0.172s] Level 1:colcon.colcon_core.package_identification:_identify(src/nebula_interfaces) by extension 'ignore'
[0.172s] Level 1:colcon.colcon_core.package_identification:_identify(src/nebula_interfaces) by extension 'ignore_ament_install'
[0.172s] Level 1:colcon.colcon_core.package_identification:_identify(src/nebula_interfaces) by extensions ['colcon_pkg']
[0.172s] Level 1:colcon.colcon_core.package_identification:_identify(src/nebula_interfaces) by extension 'colcon_pkg'
[0.172s] Level 1:colcon.colcon_core.package_identification:_identify(src/nebula_interfaces) by extensions ['colcon_meta']
[0.172s] Level 1:colcon.colcon_core.package_identification:_identify(src/nebula_interfaces) by extension 'colcon_meta'
[0.172s] Level 1:colcon.colcon_core.package_identification:_identify(src/nebula_interfaces) by extensions ['ros']
[0.172s] Level 1:colcon.colcon_core.package_identification:_identify(src/nebula_interfaces) by extension 'ros'
[0.172s] Level 1:colcon.colcon_core.package_identification:_identify(src/nebula_interfaces) by extensions ['cmake', 'python']
[0.172s] Level 1:colcon.colcon_core.package_identification:_identify(src/nebula_interfaces) by extension 'cmake'
[0.172s] Level 1:colcon.colcon_core.package_identification:_identify(src/nebula_interfaces) by extension 'python'
[0.172s] Level 1:colcon.colcon_core.package_identification:_identify(src/nebula_interfaces) by extensions ['python_setup_py']
[0.172s] Level 1:colcon.colcon_core.package_identification:_identify(src/nebula_interfaces) by extension 'python_setup_py'
[0.172s] Level 1:colcon.colcon_core.package_identification:_identify(src/nebula_interfaces/msg) by extensions ['ignore', 'ignore_ament_install']
[0.172s] Level 1:colcon.colcon_core.package_identification:_identify(src/nebula_interfaces/msg) by extension 'ignore'
[0.172s] Level 1:colcon.colcon_core.package_identification:_identify(src/nebula_interfaces/msg) by extension 'ignore_ament_install'
[0.172s] Level 1:colcon.colcon_core.package_identification:_identify(src/nebula_interfaces/msg) by extensions ['colcon_pkg']
[0.172s] Level 1:colcon.colcon_core.package_identification:_identify(src/nebula_interfaces/msg) by extension 'colcon_pkg'
[0.172s] Level 1:colcon.colcon_core.package_identification:_identify(src/nebula_interfaces/msg) by extensions ['colcon_meta']
[0.172s] Level 1:colcon.colcon_core.package_identification:_identify(src/nebula_interfaces/msg) by extension 'colcon_meta'
[0.173s] Level 1:colcon.colcon_core.package_identification:_identify(src/nebula_interfaces/msg) by extensions ['ros']
[0.173s] Level 1:colcon.colcon_core.package_identification:_identify(src/nebula_interfaces/msg) by extension 'ros'
[0.173s] Level 1:colcon.colcon_core.package_identification:_identify(src/nebula_interfaces/msg) by extensions ['cmake', 'python']
[0.173s] Level 1:colcon.colcon_core.package_identification:_identify(src/nebula_interfaces/msg) by extension 'cmake'
[0.173s] Level 1:colcon.colcon_core.package_identification:_identify(src/nebula_interfaces/msg) by extension 'python'
[0.173s] Level 1:colcon.colcon_core.package_identification:_identify(src/nebula_interfaces/msg) by extensions ['python_setup_py']
[0.173s] Level 1:colcon.colcon_core.package_identification:_identify(src/nebula_interfaces/msg) by extension 'python_setup_py'
[0.173s] Level 1:colcon.colcon_core.package_identification:_identify(src/src) by extensions ['ignore', 'ignore_ament_install']
[0.173s] Level 1:colcon.colcon_core.package_identification:_identify(src/src) by extension 'ignore'
[0.173s] Level 1:colcon.colcon_core.package_identification:_identify(src/src) by extension 'ignore_ament_install'
[0.173s] Level 1:colcon.colcon_core.package_identification:_identify(src/src) by extensions ['colcon_pkg']
[0.173s] Level 1:colcon.colcon_core.package_identification:_identify(src/src) by extension 'colcon_pkg'
[0.173s] Level 1:colcon.colcon_core.package_identification:_identify(src/src) by extensions ['colcon_meta']
[0.173s] Level 1:colcon.colcon_core.package_identification:_identify(src/src) by extension 'colcon_meta'
[0.173s] Level 1:colcon.colcon_core.package_identification:_identify(src/src) by extensions ['ros']
[0.173s] Level 1:colcon.colcon_core.package_identification:_identify(src/src) by extension 'ros'
[0.173s] Level 1:colcon.colcon_core.package_identification:_identify(src/src) by extensions ['cmake', 'python']
[0.173s] Level 1:colcon.colcon_core.package_identification:_identify(src/src) by extension 'cmake'
[0.173s] Level 1:colcon.colcon_core.package_identification:_identify(src/src) by extension 'python'
[0.173s] Level 1:colcon.colcon_core.package_identification:_identify(src/src) by extensions ['python_setup_py']
[0.173s] Level 1:colcon.colcon_core.package_identification:_identify(src/src) by extension 'python_setup_py'
[0.173s] Level 1:colcon.colcon_core.package_identification:_identify(src/src/micro_ros_setup) by extensions ['ignore', 'ignore_ament_install']
[0.173s] Level 1:colcon.colcon_core.package_identification:_identify(src/src/micro_ros_setup) by extension 'ignore'
[0.173s] Level 1:colcon.colcon_core.package_identification:_identify(src/src/micro_ros_setup) by extension 'ignore_ament_install'
[0.173s] Level 1:colcon.colcon_core.package_identification:_identify(src/src/micro_ros_setup) by extensions ['colcon_pkg']
[0.173s] Level 1:colcon.colcon_core.package_identification:_identify(src/src/micro_ros_setup) by extension 'colcon_pkg'
[0.173s] Level 1:colcon.colcon_core.package_identification:_identify(src/src/micro_ros_setup) by extensions ['colcon_meta']
[0.173s] Level 1:colcon.colcon_core.package_identification:_identify(src/src/micro_ros_setup) by extension 'colcon_meta'
[0.173s] Level 1:colcon.colcon_core.package_identification:_identify(src/src/micro_ros_setup) by extensions ['ros']
[0.173s] Level 1:colcon.colcon_core.package_identification:_identify(src/src/micro_ros_setup) by extension 'ros'
[0.174s] DEBUG:colcon.colcon_core.package_identification:Package 'src/src/micro_ros_setup' with type 'ros.ament_cmake' and name 'micro_ros_setup'
[0.174s] Level 1:colcon.colcon_core.package_identification:_identify(src/uros) by extensions ['ignore', 'ignore_ament_install']
[0.174s] Level 1:colcon.colcon_core.package_identification:_identify(src/uros) by extension 'ignore'
[0.174s] Level 1:colcon.colcon_core.package_identification:_identify(src/uros) by extension 'ignore_ament_install'
[0.174s] Level 1:colcon.colcon_core.package_identification:_identify(src/uros) by extensions ['colcon_pkg']
[0.174s] Level 1:colcon.colcon_core.package_identification:_identify(src/uros) by extension 'colcon_pkg'
[0.174s] Level 1:colcon.colcon_core.package_identification:_identify(src/uros) by extensions ['colcon_meta']
[0.174s] Level 1:colcon.colcon_core.package_identification:_identify(src/uros) by extension 'colcon_meta'
[0.174s] Level 1:colcon.colcon_core.package_identification:_identify(src/uros) by extensions ['ros']
[0.174s] Level 1:colcon.colcon_core.package_identification:_identify(src/uros) by extension 'ros'
[0.174s] Level 1:colcon.colcon_core.package_identification:_identify(src/uros) by extensions ['cmake', 'python']
[0.174s] Level 1:colcon.colcon_core.package_identification:_identify(src/uros) by extension 'cmake'
[0.174s] Level 1:colcon.colcon_core.package_identification:_identify(src/uros) by extension 'python'
[0.174s] Level 1:colcon.colcon_core.package_identification:_identify(src/uros) by extensions ['python_setup_py']
[0.174s] Level 1:colcon.colcon_core.package_identification:_identify(src/uros) by extension 'python_setup_py'
[0.175s] Level 1:colcon.colcon_core.package_identification:_identify(src/uros/micro-ROS-Agent) by extensions ['ignore', 'ignore_ament_install']
[0.175s] Level 1:colcon.colcon_core.package_identification:_identify(src/uros/micro-ROS-Agent) by extension 'ignore'
[0.175s] Level 1:colcon.colcon_core.package_identification:_identify(src/uros/micro-ROS-Agent) by extension 'ignore_ament_install'
[0.175s] Level 1:colcon.colcon_core.package_identification:_identify(src/uros/micro-ROS-Agent) by extensions ['colcon_pkg']
[0.175s] Level 1:colcon.colcon_core.package_identification:_identify(src/uros/micro-ROS-Agent) by extension 'colcon_pkg'
[0.175s] Level 1:colcon.colcon_core.package_identification:_identify(src/uros/micro-ROS-Agent) by extensions ['colcon_meta']
[0.175s] Level 1:colcon.colcon_core.package_identification:_identify(src/uros/micro-ROS-Agent) by extension 'colcon_meta'
[0.175s] Level 1:colcon.colcon_core.package_identification:_identify(src/uros/micro-ROS-Agent) by extensions ['ros']
[0.175s] Level 1:colcon.colcon_core.package_identification:_identify(src/uros/micro-ROS-Agent) by extension 'ros'
[0.175s] Level 1:colcon.colcon_core.package_identification:_identify(src/uros/micro-ROS-Agent) by extensions ['cmake', 'python']
[0.175s] Level 1:colcon.colcon_core.package_identification:_identify(src/uros/micro-ROS-Agent) by extension 'cmake'
[0.175s] Level 1:colcon.colcon_core.package_identification:_identify(src/uros/micro-ROS-Agent) by extension 'python'
[0.175s] Level 1:colcon.colcon_core.package_identification:_identify(src/uros/micro-ROS-Agent) by extensions ['python_setup_py']
[0.175s] Level 1:colcon.colcon_core.package_identification:_identify(src/uros/micro-ROS-Agent) by extension 'python_setup_py'
[0.175s] Level 1:colcon.colcon_core.package_identification:_identify(src/uros/micro-ROS-Agent/micro_ros_agent) by extensions ['ignore', 'ignore_ament_install']
[0.175s] Level 1:colcon.colcon_core.package_identification:_identify(src/uros/micro-ROS-Agent/micro_ros_agent) by extension 'ignore'
[0.175s] Level 1:colcon.colcon_core.package_identification:_identify(src/uros/micro-ROS-Agent/micro_ros_agent) by extension 'ignore_ament_install'
[0.175s] Level 1:colcon.colcon_core.package_identification:_identify(src/uros/micro-ROS-Agent/micro_ros_agent) by extensions ['colcon_pkg']
[0.175s] Level 1:colcon.colcon_core.package_identification:_identify(src/uros/micro-ROS-Agent/micro_ros_agent) by extension 'colcon_pkg'
[0.175s] Level 1:colcon.colcon_core.package_identification:_identify(src/uros/micro-ROS-Agent/micro_ros_agent) by extensions ['colcon_meta']
[0.175s] Level 1:colcon.colcon_core.package_identification:_identify(src/uros/micro-ROS-Agent/micro_ros_agent) by extension 'colcon_meta'
[0.175s] Level 1:colcon.colcon_core.package_identification:_identify(src/uros/micro-ROS-Agent/micro_ros_agent) by extensions ['ros']
[0.175s] Level 1:colcon.colcon_core.package_identification:_identify(src/uros/micro-ROS-Agent/micro_ros_agent) by extension 'ros'
[0.176s] DEBUG:colcon.colcon_core.package_identification:Package 'src/uros/micro-ROS-Agent/micro_ros_agent' with type 'ros.ament_cmake' and name 'micro_ros_agent'
[0.176s] Level 1:colcon.colcon_core.package_identification:_identify(src/uros/micro-ROS-Agent/snap) by extensions ['ignore', 'ignore_ament_install']
[0.176s] Level 1:colcon.colcon_core.package_identification:_identify(src/uros/micro-ROS-Agent/snap) by extension 'ignore'
[0.176s] Level 1:colcon.colcon_core.package_identification:_identify(src/uros/micro-ROS-Agent/snap) by extension 'ignore_ament_install'
[0.176s] Level 1:colcon.colcon_core.package_identification:_identify(src/uros/micro-ROS-Agent/snap) by extensions ['colcon_pkg']
[0.176s] Level 1:colcon.colcon_core.package_identification:_identify(src/uros/micro-ROS-Agent/snap) by extension 'colcon_pkg'
[0.176s] Level 1:colcon.colcon_core.package_identification:_identify(src/uros/micro-ROS-Agent/snap) by extensions ['colcon_meta']
[0.176s] Level 1:colcon.colcon_core.package_identification:_identify(src/uros/micro-ROS-Agent/snap) by extension 'colcon_meta'
[0.176s] Level 1:colcon.colcon_core.package_identification:_identify(src/uros/micro-ROS-Agent/snap) by extensions ['ros']
[0.176s] Level 1:colcon.colcon_core.package_identification:_identify(src/uros/micro-ROS-Agent/snap) by extension 'ros'
[0.176s] Level 1:colcon.colcon_core.package_identification:_identify(src/uros/micro-ROS-Agent/snap) by extensions ['cmake', 'python']
[0.176s] Level 1:colcon.colcon_core.package_identification:_identify(src/uros/micro-ROS-Agent/snap) by extension 'cmake'
[0.176s] Level 1:colcon.colcon_core.package_identification:_identify(src/uros/micro-ROS-Agent/snap) by extension 'python'
[0.176s] Level 1:colcon.colcon_core.package_identification:_identify(src/uros/micro-ROS-Agent/snap) by extensions ['python_setup_py']
[0.176s] Level 1:colcon.colcon_core.package_identification:_identify(src/uros/micro-ROS-Agent/snap) by extension 'python_setup_py'
[0.176s] Level 1:colcon.colcon_core.package_identification:_identify(src/uros/micro-ROS-Agent/snap/hooks) by extensions ['ignore', 'ignore_ament_install']
[0.176s] Level 1:colcon.colcon_core.package_identification:_identify(src/uros/micro-ROS-Agent/snap/hooks) by extension 'ignore'
[0.177s] Level 1:colcon.colcon_core.package_identification:_identify(src/uros/micro-ROS-Agent/snap/hooks) by extension 'ignore_ament_install'
[0.177s] Level 1:colcon.colcon_core.package_identification:_identify(src/uros/micro-ROS-Agent/snap/hooks) by extensions ['colcon_pkg']
[0.177s] Level 1:colcon.colcon_core.package_identification:_identify(src/uros/micro-ROS-Agent/snap/hooks) by extension 'colcon_pkg'
[0.177s] Level 1:colcon.colcon_core.package_identification:_identify(src/uros/micro-ROS-Agent/snap/hooks) by extensions ['colcon_meta']
[0.177s] Level 1:colcon.colcon_core.package_identification:_identify(src/uros/micro-ROS-Agent/snap/hooks) by extension 'colcon_meta'
[0.177s] Level 1:colcon.colcon_core.package_identification:_identify(src/uros/micro-ROS-Agent/snap/hooks) by extensions ['ros']
[0.177s] Level 1:colcon.colcon_core.package_identification:_identify(src/uros/micro-ROS-Agent/snap/hooks) by extension 'ros'
[0.177s] Level 1:colcon.colcon_core.package_identification:_identify(src/uros/micro-ROS-Agent/snap/hooks) by extensions ['cmake', 'python']
[0.177s] Level 1:colcon.colcon_core.package_identification:_identify(src/uros/micro-ROS-Agent/snap/hooks) by extension 'cmake'
[0.177s] Level 1:colcon.colcon_core.package_identification:_identify(src/uros/micro-ROS-Agent/snap/hooks) by extension 'python'
[0.177s] Level 1:colcon.colcon_core.package_identification:_identify(src/uros/micro-ROS-Agent/snap/hooks) by extensions ['python_setup_py']
[0.177s] Level 1:colcon.colcon_core.package_identification:_identify(src/uros/micro-ROS-Agent/snap/hooks) by extension 'python_setup_py'
[0.177s] Level 1:colcon.colcon_core.package_identification:_identify(src/uros/micro-ROS-Agent/snap/local) by extensions ['ignore', 'ignore_ament_install']
[0.177s] Level 1:colcon.colcon_core.package_identification:_identify(src/uros/micro-ROS-Agent/snap/local) by extension 'ignore'
[0.177s] Level 1:colcon.colcon_core.package_identification:_identify(src/uros/micro-ROS-Agent/snap/local) by extension 'ignore_ament_install'
[0.177s] Level 1:colcon.colcon_core.package_identification:_identify(src/uros/micro-ROS-Agent/snap/local) by extensions ['colcon_pkg']
[0.177s] Level 1:colcon.colcon_core.package_identification:_identify(src/uros/micro-ROS-Agent/snap/local) by extension 'colcon_pkg'
[0.177s] Level 1:colcon.colcon_core.package_identification:_identify(src/uros/micro-ROS-Agent/snap/local) by extensions ['colcon_meta']
[0.177s] Level 1:colcon.colcon_core.package_identification:_identify(src/uros/micro-ROS-Agent/snap/local) by extension 'colcon_meta'
[0.177s] Level 1:colcon.colcon_core.package_identification:_identify(src/uros/micro-ROS-Agent/snap/local) by extensions ['ros']
[0.177s] Level 1:colcon.colcon_core.package_identification:_identify(src/uros/micro-ROS-Agent/snap/local) by extension 'ros'
[0.177s] Level 1:colcon.colcon_core.package_identification:_identify(src/uros/micro-ROS-Agent/snap/local) by extensions ['cmake', 'python']
[0.177s] Level 1:colcon.colcon_core.package_identification:_identify(src/uros/micro-ROS-Agent/snap/local) by extension 'cmake'
[0.177s] Level 1:colcon.colcon_core.package_identification:_identify(src/uros/micro-ROS-Agent/snap/local) by extension 'python'
[0.177s] Level 1:colcon.colcon_core.package_identification:_identify(src/uros/micro-ROS-Agent/snap/local) by extensions ['python_setup_py']
[0.177s] Level 1:colcon.colcon_core.package_identification:_identify(src/uros/micro-ROS-Agent/snap/local) by extension 'python_setup_py'
[0.177s] Level 1:colcon.colcon_core.package_identification:_identify(src/uros/micro_ros_msgs) by extensions ['ignore', 'ignore_ament_install']
[0.177s] Level 1:colcon.colcon_core.package_identification:_identify(src/uros/micro_ros_msgs) by extension 'ignore'
[0.177s] Level 1:colcon.colcon_core.package_identification:_identify(src/uros/micro_ros_msgs) by extension 'ignore_ament_install'
[0.177s] Level 1:colcon.colcon_core.package_identification:_identify(src/uros/micro_ros_msgs) by extensions ['colcon_pkg']
[0.177s] Level 1:colcon.colcon_core.package_identification:_identify(src/uros/micro_ros_msgs) by extension 'colcon_pkg'
[0.177s] Level 1:colcon.colcon_core.package_identification:_identify(src/uros/micro_ros_msgs) by extensions ['colcon_meta']
[0.177s] Level 1:colcon.colcon_core.package_identification:_identify(src/uros/micro_ros_msgs) by extension 'colcon_meta'
[0.177s] Level 1:colcon.colcon_core.package_identification:_identify(src/uros/micro_ros_msgs) by extensions ['ros']
[0.177s] Level 1:colcon.colcon_core.package_identification:_identify(src/uros/micro_ros_msgs) by extension 'ros'
[0.178s] DEBUG:colcon.colcon_core.package_identification:Package 'src/uros/micro_ros_msgs' with type 'ros.ament_cmake' and name 'micro_ros_msgs'
[0.178s] Level 1:colcon.colcon_core.package_discovery:discover_packages(recursive) using defaults
[0.178s] Level 1:colcon.colcon_core.package_discovery:discover_packages(ignore) discover
[0.178s] Level 1:colcon.colcon_core.package_discovery:discover_packages(ignore) using defaults
[0.178s] Level 1:colcon.colcon_core.package_discovery:discover_packages(path) discover
[0.178s] Level 1:colcon.colcon_core.package_discovery:discover_packages(path) using defaults
[0.190s] INFO:colcon.colcon_core.package_selection:Skipping package 'nebula_config' in 'src/nebula_config'
[0.190s] INFO:colcon.colcon_core.package_selection:Skipping package 'nebula_bringup' in 'src/nebula_bringup'
[0.190s] INFO:colcon.colcon_core.package_selection:Skipping package 'micro_ros_setup' in 'src/src/micro_ros_setup'
[0.191s] Level 1:colcon.colcon_core.package_discovery:discover_packages(prefix_path) check parameters
[0.191s] Level 1:colcon.colcon_core.package_discovery:discover_packages(prefix_path) discover
[0.192s] DEBUG:colcon.colcon_installed_package_information.package_discovery:Found 5 installed packages in /home/farhan-sw/Documents/Github/nebula/nebula-ws/install
[0.192s] DEBUG:colcon.colcon_installed_package_information.package_discovery:Found 1 installed packages in /home/farhan-sw/Documents/Github/learn-ros2/2-intermediate/ros2_ws/install
[0.193s] DEBUG:colcon.colcon_installed_package_information.package_discovery:Found 321 installed packages in /opt/ros/humble
[0.194s] Level 1:colcon.colcon_core.package_discovery:discover_packages(prefix_path) using defaults
[0.225s] Level 5:colcon.colcon_core.verb:set package 'micro_ros_msgs' build argument 'cmake_args' from command line to '['-DUAGENT_BUILD_EXECUTABLE=OFF', '-DUAGENT_P2P_PROFILE=OFF', '--no-warn-unused-cli']'
[0.225s] Level 5:colcon.colcon_core.verb:set package 'micro_ros_msgs' build argument 'cmake_target' from command line to 'None'
[0.225s] Level 5:colcon.colcon_core.verb:set package 'micro_ros_msgs' build argument 'cmake_target_skip_unavailable' from command line to 'False'
[0.225s] Level 5:colcon.colcon_core.verb:set package 'micro_ros_msgs' build argument 'cmake_clean_cache' from command line to 'False'
[0.225s] Level 5:colcon.colcon_core.verb:set package 'micro_ros_msgs' build argument 'cmake_clean_first' from command line to 'False'
[0.225s] Level 5:colcon.colcon_core.verb:set package 'micro_ros_msgs' build argument 'cmake_force_configure' from command line to 'False'
[0.225s] Level 5:colcon.colcon_core.verb:set package 'micro_ros_msgs' build argument 'ament_cmake_args' from command line to 'None'
[0.225s] Level 5:colcon.colcon_core.verb:set package 'micro_ros_msgs' build argument 'catkin_cmake_args' from command line to 'None'
[0.225s] Level 5:colcon.colcon_core.verb:set package 'micro_ros_msgs' build argument 'catkin_skip_building_tests' from command line to 'False'
[0.225s] DEBUG:colcon.colcon_core.verb:Building package 'micro_ros_msgs' with the following arguments: {'ament_cmake_args': None, 'build_base': '/home/farhan-sw/Documents/Github/nebula/nebula-ws/build/micro_ros_msgs', 'catkin_cmake_args': None, 'catkin_skip_building_tests': False, 'cmake_args': ['-DUAGENT_BUILD_EXECUTABLE=OFF', '-DUAGENT_P2P_PROFILE=OFF', '--no-warn-unused-cli'], 'cmake_clean_cache': False, 'cmake_clean_first': False, 'cmake_force_configure': False, 'cmake_target': None, 'cmake_target_skip_unavailable': False, 'install_base': '/home/farhan-sw/Documents/Github/nebula/nebula-ws/install/micro_ros_msgs', 'merge_install': False, 'path': '/home/farhan-sw/Documents/Github/nebula/nebula-ws/src/uros/micro_ros_msgs', 'symlink_install': False, 'test_result_base': None}
[0.225s] Level 5:colcon.colcon_core.verb:set package 'micro_ros_agent' build argument 'cmake_args' from command line to '['-DUAGENT_BUILD_EXECUTABLE=OFF', '-DUAGENT_P2P_PROFILE=OFF', '--no-warn-unused-cli']'
[0.225s] Level 5:colcon.colcon_core.verb:set package 'micro_ros_agent' build argument 'cmake_target' from command line to 'None'
[0.225s] Level 5:colcon.colcon_core.verb:set package 'micro_ros_agent' build argument 'cmake_target_skip_unavailable' from command line to 'False'
[0.225s] Level 5:colcon.colcon_core.verb:set package 'micro_ros_agent' build argument 'cmake_clean_cache' from command line to 'False'
[0.225s] Level 5:colcon.colcon_core.verb:set package 'micro_ros_agent' build argument 'cmake_clean_first' from command line to 'False'
[0.225s] Level 5:colcon.colcon_core.verb:set package 'micro_ros_agent' build argument 'cmake_force_configure' from command line to 'False'
[0.225s] Level 5:colcon.colcon_core.verb:set package 'micro_ros_agent' build argument 'ament_cmake_args' from command line to 'None'
[0.225s] Level 5:colcon.colcon_core.verb:set package 'micro_ros_agent' build argument 'catkin_cmake_args' from command line to 'None'
[0.225s] Level 5:colcon.colcon_core.verb:set package 'micro_ros_agent' build argument 'catkin_skip_building_tests' from command line to 'False'
[0.225s] DEBUG:colcon.colcon_core.verb:Building package 'micro_ros_agent' with the following arguments: {'ament_cmake_args': None, 'build_base': '/home/farhan-sw/Documents/Github/nebula/nebula-ws/build/micro_ros_agent', 'catkin_cmake_args': None, 'catkin_skip_building_tests': False, 'cmake_args': ['-DUAGENT_BUILD_EXECUTABLE=OFF', '-DUAGENT_P2P_PROFILE=OFF', '--no-warn-unused-cli'], 'cmake_clean_cache': False, 'cmake_clean_first': False, 'cmake_force_configure': False, 'cmake_target': None, 'cmake_target_skip_unavailable': False, 'install_base': '/home/farhan-sw/Documents/Github/nebula/nebula-ws/install/micro_ros_agent', 'merge_install': False, 'path': '/home/farhan-sw/Documents/Github/nebula/nebula-ws/src/uros/micro-ROS-Agent/micro_ros_agent', 'symlink_install': False, 'test_result_base': None}
[0.225s] INFO:colcon.colcon_core.executor:Executing jobs using 'parallel' executor
[0.226s] DEBUG:colcon.colcon_parallel_executor.executor.parallel:run_until_complete
[0.226s] INFO:colcon.colcon_ros.task.ament_cmake.build:Building ROS package in '/home/farhan-sw/Documents/Github/nebula/nebula-ws/src/uros/micro_ros_msgs' with build type 'ament_cmake'
[0.226s] INFO:colcon.colcon_cmake.task.cmake.build:Building CMake package in '/home/farhan-sw/Documents/Github/nebula/nebula-ws/src/uros/micro_ros_msgs'
[0.227s] INFO:colcon.colcon_core.plugin_system:Skipping extension 'colcon_core.shell.bat': Not used on non-Windows systems
[0.227s] INFO:colcon.colcon_core.shell:Skip shell extension 'powershell' for command environment: Not usable outside of PowerShell
[0.228s] DEBUG:colcon.colcon_core.shell:Skip shell extension 'dsv' for command environment
[0.235s] DEBUG:colcon.colcon_core.event_handler.log_command:Invoking command in '/home/farhan-sw/Documents/Github/nebula/nebula-ws/build/micro_ros_msgs': CMAKE_PREFIX_PATH=${CMAKE_PREFIX_PATH}:/opt/ros/humble /usr/bin/cmake /home/farhan-sw/Documents/Github/nebula/nebula-ws/src/uros/micro_ros_msgs -DUAGENT_BUILD_EXECUTABLE=OFF -DUAGENT_P2P_PROFILE=OFF --no-warn-unused-cli -DCMAKE_INSTALL_PREFIX=/home/farhan-sw/Documents/Github/nebula/nebula-ws/install/micro_ros_msgs
[1.286s] DEBUG:colcon.colcon_core.event_handler.log_command:Invoked command in '/home/farhan-sw/Documents/Github/nebula/nebula-ws/build/micro_ros_msgs' returned '0': CMAKE_PREFIX_PATH=${CMAKE_PREFIX_PATH}:/opt/ros/humble /usr/bin/cmake /home/farhan-sw/Documents/Github/nebula/nebula-ws/src/uros/micro_ros_msgs -DUAGENT_BUILD_EXECUTABLE=OFF -DUAGENT_P2P_PROFILE=OFF --no-warn-unused-cli -DCMAKE_INSTALL_PREFIX=/home/farhan-sw/Documents/Github/nebula/nebula-ws/install/micro_ros_msgs
[1.287s] DEBUG:colcon.colcon_core.event_handler.log_command:Invoking command in '/home/farhan-sw/Documents/Github/nebula/nebula-ws/build/micro_ros_msgs': CMAKE_PREFIX_PATH=${CMAKE_PREFIX_PATH}:/opt/ros/humble /usr/bin/cmake --build /home/farhan-sw/Documents/Github/nebula/nebula-ws/build/micro_ros_msgs -- -j16 -l16
[3.246s] DEBUG:colcon.colcon_core.event_handler.log_command:Invoked command in '/home/farhan-sw/Documents/Github/nebula/nebula-ws/build/micro_ros_msgs' returned '0': CMAKE_PREFIX_PATH=${CMAKE_PREFIX_PATH}:/opt/ros/humble /usr/bin/cmake --build /home/farhan-sw/Documents/Github/nebula/nebula-ws/build/micro_ros_msgs -- -j16 -l16
[3.424s] DEBUG:colcon.colcon_core.event_handler.log_command:Invoking command in '/home/farhan-sw/Documents/Github/nebula/nebula-ws/build/micro_ros_msgs': CMAKE_PREFIX_PATH=${CMAKE_PREFIX_PATH}:/opt/ros/humble /usr/bin/cmake --install /home/farhan-sw/Documents/Github/nebula/nebula-ws/build/micro_ros_msgs
[3.473s] Level 1:colcon.colcon_core.environment:create_environment_scripts_only(micro_ros_msgs)
[3.474s] DEBUG:colcon.colcon_core.event_handler.log_command:Invoked command in '/home/farhan-sw/Documents/Github/nebula/nebula-ws/build/micro_ros_msgs' returned '0': CMAKE_PREFIX_PATH=${CMAKE_PREFIX_PATH}:/opt/ros/humble /usr/bin/cmake --install /home/farhan-sw/Documents/Github/nebula/nebula-ws/build/micro_ros_msgs
[3.476s] Level 1:colcon.colcon_core.environment:checking '/home/farhan-sw/Documents/Github/nebula/nebula-ws/install/micro_ros_msgs' for CMake module files
[3.476s] Level 1:colcon.colcon_core.environment:checking '/home/farhan-sw/Documents/Github/nebula/nebula-ws/install/micro_ros_msgs' for CMake config files
[3.476s] Level 1:colcon.colcon_core.shell:create_environment_hook('micro_ros_msgs', 'cmake_prefix_path')
[3.477s] INFO:colcon.colcon_core.shell:Creating environment hook '/home/farhan-sw/Documents/Github/nebula/nebula-ws/install/micro_ros_msgs/share/micro_ros_msgs/hook/cmake_prefix_path.ps1'
[3.477s] INFO:colcon.colcon_core.shell:Creating environment descriptor '/home/farhan-sw/Documents/Github/nebula/nebula-ws/install/micro_ros_msgs/share/micro_ros_msgs/hook/cmake_prefix_path.dsv'
[3.477s] INFO:colcon.colcon_core.shell:Creating environment hook '/home/farhan-sw/Documents/Github/nebula/nebula-ws/install/micro_ros_msgs/share/micro_ros_msgs/hook/cmake_prefix_path.sh'
[3.478s] Level 1:colcon.colcon_core.environment:checking '/home/farhan-sw/Documents/Github/nebula/nebula-ws/install/micro_ros_msgs/lib'
[3.478s] Level 1:colcon.colcon_core.shell:create_environment_hook('micro_ros_msgs', 'ld_library_path_lib')
[3.478s] INFO:colcon.colcon_core.shell:Creating environment hook '/home/farhan-sw/Documents/Github/nebula/nebula-ws/install/micro_ros_msgs/share/micro_ros_msgs/hook/ld_library_path_lib.ps1'
[3.478s] INFO:colcon.colcon_core.shell:Creating environment descriptor '/home/farhan-sw/Documents/Github/nebula/nebula-ws/install/micro_ros_msgs/share/micro_ros_msgs/hook/ld_library_path_lib.dsv'
[3.478s] INFO:colcon.colcon_core.shell:Creating environment hook '/home/farhan-sw/Documents/Github/nebula/nebula-ws/install/micro_ros_msgs/share/micro_ros_msgs/hook/ld_library_path_lib.sh'
[3.478s] Level 1:colcon.colcon_core.environment:checking '/home/farhan-sw/Documents/Github/nebula/nebula-ws/install/micro_ros_msgs/bin'
[3.478s] Level 1:colcon.colcon_core.environment:checking '/home/farhan-sw/Documents/Github/nebula/nebula-ws/install/micro_ros_msgs/lib/pkgconfig/micro_ros_msgs.pc'
[3.479s] Level 1:colcon.colcon_core.environment:checking '/home/farhan-sw/Documents/Github/nebula/nebula-ws/install/micro_ros_msgs/lib/python3.10/site-packages'
[3.479s] Level 1:colcon.colcon_core.environment:checking '/home/farhan-sw/Documents/Github/nebula/nebula-ws/install/micro_ros_msgs/bin'
[3.479s] INFO:colcon.colcon_core.shell:Creating package script '/home/farhan-sw/Documents/Github/nebula/nebula-ws/install/micro_ros_msgs/share/micro_ros_msgs/package.ps1'
[3.479s] INFO:colcon.colcon_core.shell:Creating package descriptor '/home/farhan-sw/Documents/Github/nebula/nebula-ws/install/micro_ros_msgs/share/micro_ros_msgs/package.dsv'
[3.480s] INFO:colcon.colcon_core.shell:Creating package script '/home/farhan-sw/Documents/Github/nebula/nebula-ws/install/micro_ros_msgs/share/micro_ros_msgs/package.sh'
[3.480s] INFO:colcon.colcon_core.shell:Creating package script '/home/farhan-sw/Documents/Github/nebula/nebula-ws/install/micro_ros_msgs/share/micro_ros_msgs/package.bash'
[3.481s] INFO:colcon.colcon_core.shell:Creating package script '/home/farhan-sw/Documents/Github/nebula/nebula-ws/install/micro_ros_msgs/share/micro_ros_msgs/package.zsh'
[3.481s] Level 1:colcon.colcon_core.environment:create_file_with_runtime_dependencies(/home/farhan-sw/Documents/Github/nebula/nebula-ws/install/micro_ros_msgs/share/colcon-core/packages/micro_ros_msgs)
[3.646s] Level 1:colcon.colcon_core.environment:create_environment_scripts_only(micro_ros_msgs)
[3.647s] Level 1:colcon.colcon_core.environment:checking '/home/farhan-sw/Documents/Github/nebula/nebula-ws/install/micro_ros_msgs' for CMake module files
[3.648s] Level 1:colcon.colcon_core.environment:checking '/home/farhan-sw/Documents/Github/nebula/nebula-ws/install/micro_ros_msgs' for CMake config files
[3.648s] Level 1:colcon.colcon_core.shell:create_environment_hook('micro_ros_msgs', 'cmake_prefix_path')
[3.649s] INFO:colcon.colcon_core.shell:Creating environment hook '/home/farhan-sw/Documents/Github/nebula/nebula-ws/install/micro_ros_msgs/share/micro_ros_msgs/hook/cmake_prefix_path.ps1'
[3.649s] INFO:colcon.colcon_core.shell:Creating environment descriptor '/home/farhan-sw/Documents/Github/nebula/nebula-ws/install/micro_ros_msgs/share/micro_ros_msgs/hook/cmake_prefix_path.dsv'
[3.650s] INFO:colcon.colcon_core.shell:Creating environment hook '/home/farhan-sw/Documents/Github/nebula/nebula-ws/install/micro_ros_msgs/share/micro_ros_msgs/hook/cmake_prefix_path.sh'
[3.651s] Level 1:colcon.colcon_core.environment:checking '/home/farhan-sw/Documents/Github/nebula/nebula-ws/install/micro_ros_msgs/lib'
[3.651s] Level 1:colcon.colcon_core.shell:create_environment_hook('micro_ros_msgs', 'ld_library_path_lib')
[3.651s] INFO:colcon.colcon_core.shell:Creating environment hook '/home/farhan-sw/Documents/Github/nebula/nebula-ws/install/micro_ros_msgs/share/micro_ros_msgs/hook/ld_library_path_lib.ps1'
[3.652s] INFO:colcon.colcon_core.shell:Creating environment descriptor '/home/farhan-sw/Documents/Github/nebula/nebula-ws/install/micro_ros_msgs/share/micro_ros_msgs/hook/ld_library_path_lib.dsv'
[3.652s] INFO:colcon.colcon_core.shell:Creating environment hook '/home/farhan-sw/Documents/Github/nebula/nebula-ws/install/micro_ros_msgs/share/micro_ros_msgs/hook/ld_library_path_lib.sh'
[3.653s] Level 1:colcon.colcon_core.environment:checking '/home/farhan-sw/Documents/Github/nebula/nebula-ws/install/micro_ros_msgs/bin'
[3.653s] Level 1:colcon.colcon_core.environment:checking '/home/farhan-sw/Documents/Github/nebula/nebula-ws/install/micro_ros_msgs/lib/pkgconfig/micro_ros_msgs.pc'
[3.653s] Level 1:colcon.colcon_core.environment:checking '/home/farhan-sw/Documents/Github/nebula/nebula-ws/install/micro_ros_msgs/lib/python3.10/site-packages'
[3.653s] Level 1:colcon.colcon_core.environment:checking '/home/farhan-sw/Documents/Github/nebula/nebula-ws/install/micro_ros_msgs/bin'
[3.654s] INFO:colcon.colcon_core.shell:Creating package script '/home/farhan-sw/Documents/Github/nebula/nebula-ws/install/micro_ros_msgs/share/micro_ros_msgs/package.ps1'
[3.655s] INFO:colcon.colcon_core.shell:Creating package descriptor '/home/farhan-sw/Documents/Github/nebula/nebula-ws/install/micro_ros_msgs/share/micro_ros_msgs/package.dsv'
[3.655s] INFO:colcon.colcon_core.shell:Creating package script '/home/farhan-sw/Documents/Github/nebula/nebula-ws/install/micro_ros_msgs/share/micro_ros_msgs/package.sh'
[3.656s] INFO:colcon.colcon_core.shell:Creating package script '/home/farhan-sw/Documents/Github/nebula/nebula-ws/install/micro_ros_msgs/share/micro_ros_msgs/package.bash'
[3.657s] INFO:colcon.colcon_core.shell:Creating package script '/home/farhan-sw/Documents/Github/nebula/nebula-ws/install/micro_ros_msgs/share/micro_ros_msgs/package.zsh'
[3.657s] Level 1:colcon.colcon_core.environment:create_file_with_runtime_dependencies(/home/farhan-sw/Documents/Github/nebula/nebula-ws/install/micro_ros_msgs/share/colcon-core/packages/micro_ros_msgs)
[3.657s] INFO:colcon.colcon_ros.task.ament_cmake.build:Building ROS package in '/home/farhan-sw/Documents/Github/nebula/nebula-ws/src/uros/micro-ROS-Agent/micro_ros_agent' with build type 'ament_cmake'
[3.658s] INFO:colcon.colcon_cmake.task.cmake.build:Building CMake package in '/home/farhan-sw/Documents/Github/nebula/nebula-ws/src/uros/micro-ROS-Agent/micro_ros_agent'
[3.658s] INFO:colcon.colcon_core.shell:Skip shell extension 'powershell' for command environment: Not usable outside of PowerShell
[3.658s] DEBUG:colcon.colcon_core.shell:Skip shell extension 'dsv' for command environment
[3.669s] DEBUG:colcon.colcon_core.event_handler.log_command:Invoking command in '/home/farhan-sw/Documents/Github/nebula/nebula-ws/build/micro_ros_agent': AMENT_PREFIX_PATH=/home/farhan-sw/Documents/Github/nebula/nebula-ws/install/micro_ros_msgs:${AMENT_PREFIX_PATH} CMAKE_PREFIX_PATH=/home/farhan-sw/Documents/Github/nebula/nebula-ws/install/micro_ros_msgs:/home/farhan-sw/Documents/Github/nebula/nebula-ws/install/micro_ros_setup:/home/farhan-sw/Documents/Github/nebula/nebula-ws/install/ros2_socketcan:/home/farhan-sw/Documents/Github/nebula/nebula-ws/install/ros2_socketcan_msgs:/home/farhan-sw/Documents/Github/nebula/nebula-ws/install/nebula_config:/home/farhan-sw/Documents/Github/nebula/nebula-ws/install/nebula_bringup:/home/farhan-sw/Documents/Github/learn-ros2/2-intermediate/ros2_ws/install/my_robot_description:/opt/ros/humble LD_LIBRARY_PATH=/home/farhan-sw/Documents/Github/nebula/nebula-ws/install/micro_ros_msgs/lib:${LD_LIBRARY_PATH} PYTHONPATH=/home/farhan-sw/Documents/Github/nebula/nebula-ws/install/micro_ros_msgs/local/lib/python3.10/dist-packages:${PYTHONPATH} /usr/bin/cmake /home/farhan-sw/Documents/Github/nebula/nebula-ws/src/uros/micro-ROS-Agent/micro_ros_agent -DUAGENT_BUILD_EXECUTABLE=OFF -DUAGENT_P2P_PROFILE=OFF --no-warn-unused-cli -DCMAKE_INSTALL_PREFIX=/home/farhan-sw/Documents/Github/nebula/nebula-ws/install/micro_ros_agent
[3.958s] DEBUG:colcon.colcon_core.event_handler.log_command:Invoked command in '/home/farhan-sw/Documents/Github/nebula/nebula-ws/build/micro_ros_agent' returned '0': AMENT_PREFIX_PATH=/home/farhan-sw/Documents/Github/nebula/nebula-ws/install/micro_ros_msgs:${AMENT_PREFIX_PATH} CMAKE_PREFIX_PATH=/home/farhan-sw/Documents/Github/nebula/nebula-ws/install/micro_ros_msgs:/home/farhan-sw/Documents/Github/nebula/nebula-ws/install/micro_ros_setup:/home/farhan-sw/Documents/Github/nebula/nebula-ws/install/ros2_socketcan:/home/farhan-sw/Documents/Github/nebula/nebula-ws/install/ros2_socketcan_msgs:/home/farhan-sw/Documents/Github/nebula/nebula-ws/install/nebula_config:/home/farhan-sw/Documents/Github/nebula/nebula-ws/install/nebula_bringup:/home/farhan-sw/Documents/Github/learn-ros2/2-intermediate/ros2_ws/install/my_robot_description:/opt/ros/humble LD_LIBRARY_PATH=/home/farhan-sw/Documents/Github/nebula/nebula-ws/install/micro_ros_msgs/lib:${LD_LIBRARY_PATH} PYTHONPATH=/home/farhan-sw/Documents/Github/nebula/nebula-ws/install/micro_ros_msgs/local/lib/python3.10/dist-packages:${PYTHONPATH} /usr/bin/cmake /home/farhan-sw/Documents/Github/nebula/nebula-ws/src/uros/micro-ROS-Agent/micro_ros_agent -DUAGENT_BUILD_EXECUTABLE=OFF -DUAGENT_P2P_PROFILE=OFF --no-warn-unused-cli -DCMAKE_INSTALL_PREFIX=/home/farhan-sw/Documents/Github/nebula/nebula-ws/install/micro_ros_agent
[3.958s] DEBUG:colcon.colcon_core.event_handler.log_command:Invoking command in '/home/farhan-sw/Documents/Github/nebula/nebula-ws/build/micro_ros_agent': AMENT_PREFIX_PATH=/home/farhan-sw/Documents/Github/nebula/nebula-ws/install/micro_ros_msgs:${AMENT_PREFIX_PATH} CMAKE_PREFIX_PATH=/home/farhan-sw/Documents/Github/nebula/nebula-ws/install/micro_ros_msgs:/home/farhan-sw/Documents/Github/nebula/nebula-ws/install/micro_ros_setup:/home/farhan-sw/Documents/Github/nebula/nebula-ws/install/ros2_socketcan:/home/farhan-sw/Documents/Github/nebula/nebula-ws/install/ros2_socketcan_msgs:/home/farhan-sw/Documents/Github/nebula/nebula-ws/install/nebula_config:/home/farhan-sw/Documents/Github/nebula/nebula-ws/install/nebula_bringup:/home/farhan-sw/Documents/Github/learn-ros2/2-intermediate/ros2_ws/install/my_robot_description:/opt/ros/humble LD_LIBRARY_PATH=/home/farhan-sw/Documents/Github/nebula/nebula-ws/install/micro_ros_msgs/lib:${LD_LIBRARY_PATH} PYTHONPATH=/home/farhan-sw/Documents/Github/nebula/nebula-ws/install/micro_ros_msgs/local/lib/python3.10/dist-packages:${PYTHONPATH} /usr/bin/cmake --build /home/farhan-sw/Documents/Github/nebula/nebula-ws/build/micro_ros_agent -- -j16 -l16
[33.722s] DEBUG:colcon.colcon_core.event_handler.log_command:Invoked command in '/home/farhan-sw/Documents/Github/nebula/nebula-ws/build/micro_ros_agent' returned '0': AMENT_PREFIX_PATH=/home/farhan-sw/Documents/Github/nebula/nebula-ws/install/micro_ros_msgs:${AMENT_PREFIX_PATH} CMAKE_PREFIX_PATH=/home/farhan-sw/Documents/Github/nebula/nebula-ws/install/micro_ros_msgs:/home/farhan-sw/Documents/Github/nebula/nebula-ws/install/micro_ros_setup:/home/farhan-sw/Documents/Github/nebula/nebula-ws/install/ros2_socketcan:/home/farhan-sw/Documents/Github/nebula/nebula-ws/install/ros2_socketcan_msgs:/home/farhan-sw/Documents/Github/nebula/nebula-ws/install/nebula_config:/home/farhan-sw/Documents/Github/nebula/nebula-ws/install/nebula_bringup:/home/farhan-sw/Documents/Github/learn-ros2/2-intermediate/ros2_ws/install/my_robot_description:/opt/ros/humble LD_LIBRARY_PATH=/home/farhan-sw/Documents/Github/nebula/nebula-ws/install/micro_ros_msgs/lib:${LD_LIBRARY_PATH} PYTHONPATH=/home/farhan-sw/Documents/Github/nebula/nebula-ws/install/micro_ros_msgs/local/lib/python3.10/dist-packages:${PYTHONPATH} /usr/bin/cmake --build /home/farhan-sw/Documents/Github/nebula/nebula-ws/build/micro_ros_agent -- -j16 -l16
[33.763s] DEBUG:colcon.colcon_core.event_handler.log_command:Invoking command in '/home/farhan-sw/Documents/Github/nebula/nebula-ws/build/micro_ros_agent': AMENT_PREFIX_PATH=/home/farhan-sw/Documents/Github/nebula/nebula-ws/install/micro_ros_msgs:${AMENT_PREFIX_PATH} CMAKE_PREFIX_PATH=/home/farhan-sw/Documents/Github/nebula/nebula-ws/install/micro_ros_msgs:/home/farhan-sw/Documents/Github/nebula/nebula-ws/install/micro_ros_setup:/home/farhan-sw/Documents/Github/nebula/nebula-ws/install/ros2_socketcan:/home/farhan-sw/Documents/Github/nebula/nebula-ws/install/ros2_socketcan_msgs:/home/farhan-sw/Documents/Github/nebula/nebula-ws/install/nebula_config:/home/farhan-sw/Documents/Github/nebula/nebula-ws/install/nebula_bringup:/home/farhan-sw/Documents/Github/learn-ros2/2-intermediate/ros2_ws/install/my_robot_description:/opt/ros/humble LD_LIBRARY_PATH=/home/farhan-sw/Documents/Github/nebula/nebula-ws/install/micro_ros_msgs/lib:${LD_LIBRARY_PATH} PYTHONPATH=/home/farhan-sw/Documents/Github/nebula/nebula-ws/install/micro_ros_msgs/local/lib/python3.10/dist-packages:${PYTHONPATH} /usr/bin/cmake --install /home/farhan-sw/Documents/Github/nebula/nebula-ws/build/micro_ros_agent
[33.779s] Level 1:colcon.colcon_core.environment:create_environment_scripts_only(micro_ros_agent)
[33.780s] DEBUG:colcon.colcon_core.event_handler.log_command:Invoked command in '/home/farhan-sw/Documents/Github/nebula/nebula-ws/build/micro_ros_agent' returned '0': AMENT_PREFIX_PATH=/home/farhan-sw/Documents/Github/nebula/nebula-ws/install/micro_ros_msgs:${AMENT_PREFIX_PATH} CMAKE_PREFIX_PATH=/home/farhan-sw/Documents/Github/nebula/nebula-ws/install/micro_ros_msgs:/home/farhan-sw/Documents/Github/nebula/nebula-ws/install/micro_ros_setup:/home/farhan-sw/Documents/Github/nebula/nebula-ws/install/ros2_socketcan:/home/farhan-sw/Documents/Github/nebula/nebula-ws/install/ros2_socketcan_msgs:/home/farhan-sw/Documents/Github/nebula/nebula-ws/install/nebula_config:/home/farhan-sw/Documents/Github/nebula/nebula-ws/install/nebula_bringup:/home/farhan-sw/Documents/Github/learn-ros2/2-intermediate/ros2_ws/install/my_robot_description:/opt/ros/humble LD_LIBRARY_PATH=/home/farhan-sw/Documents/Github/nebula/nebula-ws/install/micro_ros_msgs/lib:${LD_LIBRARY_PATH} PYTHONPATH=/home/farhan-sw/Documents/Github/nebula/nebula-ws/install/micro_ros_msgs/local/lib/python3.10/dist-packages:${PYTHONPATH} /usr/bin/cmake --install /home/farhan-sw/Documents/Github/nebula/nebula-ws/build/micro_ros_agent
[33.780s] Level 1:colcon.colcon_core.environment:checking '/home/farhan-sw/Documents/Github/nebula/nebula-ws/install/micro_ros_agent' for CMake module files
[33.781s] Level 1:colcon.colcon_core.environment:checking '/home/farhan-sw/Documents/Github/nebula/nebula-ws/install/micro_ros_agent' for CMake config files
[33.781s] Level 1:colcon.colcon_core.shell:create_environment_hook('micro_ros_agent', 'cmake_prefix_path')
[33.781s] INFO:colcon.colcon_core.shell:Creating environment hook '/home/farhan-sw/Documents/Github/nebula/nebula-ws/install/micro_ros_agent/share/micro_ros_agent/hook/cmake_prefix_path.ps1'
[33.781s] INFO:colcon.colcon_core.shell:Creating environment descriptor '/home/farhan-sw/Documents/Github/nebula/nebula-ws/install/micro_ros_agent/share/micro_ros_agent/hook/cmake_prefix_path.dsv'
[33.781s] INFO:colcon.colcon_core.shell:Creating environment hook '/home/farhan-sw/Documents/Github/nebula/nebula-ws/install/micro_ros_agent/share/micro_ros_agent/hook/cmake_prefix_path.sh'
[33.781s] Level 1:colcon.colcon_core.environment:checking '/home/farhan-sw/Documents/Github/nebula/nebula-ws/install/micro_ros_agent/lib'
[33.782s] Level 1:colcon.colcon_core.shell:create_environment_hook('micro_ros_agent', 'ld_library_path_lib')
[33.782s] INFO:colcon.colcon_core.shell:Creating environment hook '/home/farhan-sw/Documents/Github/nebula/nebula-ws/install/micro_ros_agent/share/micro_ros_agent/hook/ld_library_path_lib.ps1'
[33.782s] INFO:colcon.colcon_core.shell:Creating environment descriptor '/home/farhan-sw/Documents/Github/nebula/nebula-ws/install/micro_ros_agent/share/micro_ros_agent/hook/ld_library_path_lib.dsv'
[33.782s] INFO:colcon.colcon_core.shell:Creating environment hook '/home/farhan-sw/Documents/Github/nebula/nebula-ws/install/micro_ros_agent/share/micro_ros_agent/hook/ld_library_path_lib.sh'
[33.782s] Level 1:colcon.colcon_core.environment:checking '/home/farhan-sw/Documents/Github/nebula/nebula-ws/install/micro_ros_agent/bin'
[33.782s] Level 1:colcon.colcon_core.environment:checking '/home/farhan-sw/Documents/Github/nebula/nebula-ws/install/micro_ros_agent/lib/pkgconfig/micro_ros_agent.pc'
[33.782s] Level 1:colcon.colcon_core.environment:checking '/home/farhan-sw/Documents/Github/nebula/nebula-ws/install/micro_ros_agent/lib/python3.10/site-packages'
[33.782s] Level 1:colcon.colcon_core.environment:checking '/home/farhan-sw/Documents/Github/nebula/nebula-ws/install/micro_ros_agent/bin'
[33.783s] INFO:colcon.colcon_core.shell:Creating package script '/home/farhan-sw/Documents/Github/nebula/nebula-ws/install/micro_ros_agent/share/micro_ros_agent/package.ps1'
[33.783s] INFO:colcon.colcon_core.shell:Creating package descriptor '/home/farhan-sw/Documents/Github/nebula/nebula-ws/install/micro_ros_agent/share/micro_ros_agent/package.dsv'
[33.783s] INFO:colcon.colcon_core.shell:Creating package script '/home/farhan-sw/Documents/Github/nebula/nebula-ws/install/micro_ros_agent/share/micro_ros_agent/package.sh'
[33.783s] INFO:colcon.colcon_core.shell:Creating package script '/home/farhan-sw/Documents/Github/nebula/nebula-ws/install/micro_ros_agent/share/micro_ros_agent/package.bash'
[33.783s] INFO:colcon.colcon_core.shell:Creating package script '/home/farhan-sw/Documents/Github/nebula/nebula-ws/install/micro_ros_agent/share/micro_ros_agent/package.zsh'
[33.784s] Level 1:colcon.colcon_core.environment:create_file_with_runtime_dependencies(/home/farhan-sw/Documents/Github/nebula/nebula-ws/install/micro_ros_agent/share/colcon-core/packages/micro_ros_agent)
[33.837s] Level 1:colcon.colcon_core.environment:create_environment_scripts_only(micro_ros_agent)
[33.838s] Level 1:colcon.colcon_core.environment:checking '/home/farhan-sw/Documents/Github/nebula/nebula-ws/install/micro_ros_agent' for CMake module files
[33.839s] Level 1:colcon.colcon_core.environment:checking '/home/farhan-sw/Documents/Github/nebula/nebula-ws/install/micro_ros_agent' for CMake config files
[33.839s] Level 1:colcon.colcon_core.shell:create_environment_hook('micro_ros_agent', 'cmake_prefix_path')
[33.839s] INFO:colcon.colcon_core.shell:Creating environment hook '/home/farhan-sw/Documents/Github/nebula/nebula-ws/install/micro_ros_agent/share/micro_ros_agent/hook/cmake_prefix_path.ps1'
[33.840s] INFO:colcon.colcon_core.shell:Creating environment descriptor '/home/farhan-sw/Documents/Github/nebula/nebula-ws/install/micro_ros_agent/share/micro_ros_agent/hook/cmake_prefix_path.dsv'
[33.840s] INFO:colcon.colcon_core.shell:Creating environment hook '/home/farhan-sw/Documents/Github/nebula/nebula-ws/install/micro_ros_agent/share/micro_ros_agent/hook/cmake_prefix_path.sh'
[33.841s] Level 1:colcon.colcon_core.environment:checking '/home/farhan-sw/Documents/Github/nebula/nebula-ws/install/micro_ros_agent/lib'
[33.841s] Level 1:colcon.colcon_core.shell:create_environment_hook('micro_ros_agent', 'ld_library_path_lib')
[33.842s] INFO:colcon.colcon_core.shell:Creating environment hook '/home/farhan-sw/Documents/Github/nebula/nebula-ws/install/micro_ros_agent/share/micro_ros_agent/hook/ld_library_path_lib.ps1'
[33.842s] INFO:colcon.colcon_core.shell:Creating environment descriptor '/home/farhan-sw/Documents/Github/nebula/nebula-ws/install/micro_ros_agent/share/micro_ros_agent/hook/ld_library_path_lib.dsv'
[33.843s] INFO:colcon.colcon_core.shell:Creating environment hook '/home/farhan-sw/Documents/Github/nebula/nebula-ws/install/micro_ros_agent/share/micro_ros_agent/hook/ld_library_path_lib.sh'
[33.843s] Level 1:colcon.colcon_core.environment:checking '/home/farhan-sw/Documents/Github/nebula/nebula-ws/install/micro_ros_agent/bin'
[33.843s] Level 1:colcon.colcon_core.environment:checking '/home/farhan-sw/Documents/Github/nebula/nebula-ws/install/micro_ros_agent/lib/pkgconfig/micro_ros_agent.pc'
[33.844s] Level 1:colcon.colcon_core.environment:checking '/home/farhan-sw/Documents/Github/nebula/nebula-ws/install/micro_ros_agent/lib/python3.10/site-packages'
[33.844s] Level 1:colcon.colcon_core.environment:checking '/home/farhan-sw/Documents/Github/nebula/nebula-ws/install/micro_ros_agent/bin'
[33.845s] INFO:colcon.colcon_core.shell:Creating package script '/home/farhan-sw/Documents/Github/nebula/nebula-ws/install/micro_ros_agent/share/micro_ros_agent/package.ps1'
[33.845s] INFO:colcon.colcon_core.shell:Creating package descriptor '/home/farhan-sw/Documents/Github/nebula/nebula-ws/install/micro_ros_agent/share/micro_ros_agent/package.dsv'
[33.846s] INFO:colcon.colcon_core.shell:Creating package script '/home/farhan-sw/Documents/Github/nebula/nebula-ws/install/micro_ros_agent/share/micro_ros_agent/package.sh'
[33.847s] INFO:colcon.colcon_core.shell:Creating package script '/home/farhan-sw/Documents/Github/nebula/nebula-ws/install/micro_ros_agent/share/micro_ros_agent/package.bash'
[33.847s] INFO:colcon.colcon_core.shell:Creating package script '/home/farhan-sw/Documents/Github/nebula/nebula-ws/install/micro_ros_agent/share/micro_ros_agent/package.zsh'
[33.848s] Level 1:colcon.colcon_core.environment:create_file_with_runtime_dependencies(/home/farhan-sw/Documents/Github/nebula/nebula-ws/install/micro_ros_agent/share/colcon-core/packages/micro_ros_agent)
[33.848s] DEBUG:colcon.colcon_parallel_executor.executor.parallel:closing loop
[33.848s] DEBUG:colcon.colcon_parallel_executor.executor.parallel:loop closed
[33.848s] DEBUG:colcon.colcon_parallel_executor.executor.parallel:run_until_complete finished with '0'
[33.849s] DEBUG:colcon.colcon_core.event_reactor:joining thread
[33.857s] INFO:colcon.colcon_core.plugin_system:Skipping extension 'colcon_notification.desktop_notification.terminal_notifier': Not used on non-Darwin systems
[33.857s] INFO:colcon.colcon_core.plugin_system:Skipping extension 'colcon_notification.desktop_notification.win32': Not used on non-Windows systems
[33.857s] INFO:colcon.colcon_notification.desktop_notification:Sending desktop notification using 'notify2'
[33.880s] DEBUG:colcon.colcon_core.event_reactor:joined thread
[33.881s] INFO:colcon.colcon_core.shell:Creating prefix script '/home/farhan-sw/Documents/Github/nebula/nebula-ws/install/local_setup.ps1'
[33.882s] INFO:colcon.colcon_core.shell:Creating prefix util module '/home/farhan-sw/Documents/Github/nebula/nebula-ws/install/_local_setup_util_ps1.py'
[33.884s] INFO:colcon.colcon_core.shell:Creating prefix chain script '/home/farhan-sw/Documents/Github/nebula/nebula-ws/install/setup.ps1'
[33.885s] INFO:colcon.colcon_core.shell:Creating prefix script '/home/farhan-sw/Documents/Github/nebula/nebula-ws/install/local_setup.sh'
[33.885s] INFO:colcon.colcon_core.shell:Creating prefix util module '/home/farhan-sw/Documents/Github/nebula/nebula-ws/install/_local_setup_util_sh.py'
[33.885s] INFO:colcon.colcon_core.shell:Creating prefix chain script '/home/farhan-sw/Documents/Github/nebula/nebula-ws/install/setup.sh'
[33.886s] INFO:colcon.colcon_core.shell:Creating prefix script '/home/farhan-sw/Documents/Github/nebula/nebula-ws/install/local_setup.bash'
[33.887s] INFO:colcon.colcon_core.shell:Creating prefix chain script '/home/farhan-sw/Documents/Github/nebula/nebula-ws/install/setup.bash'
[33.888s] INFO:colcon.colcon_core.shell:Creating prefix script '/home/farhan-sw/Documents/Github/nebula/nebula-ws/install/local_setup.zsh'
[33.888s] INFO:colcon.colcon_core.shell:Creating prefix chain script '/home/farhan-sw/Documents/Github/nebula/nebula-ws/install/setup.zsh'
