[0.007s] Invoking command in '/home/farhan-sw/Documents/Github/nebula/nebula-ws/build/nebula_bringup': CMAKE_PREFIX_PATH=${CMAKE_PREFIX_PATH}:/opt/ros/humble /usr/bin/cmake /home/farhan-sw/Documents/Github/nebula/nebula-ws/src/nebula_bringup -DCMAKE_INSTALL_PREFIX=/home/farhan-sw/Documents/Github/nebula/nebula-ws/install/nebula_bringup
[0.041s] -- The C compiler identification is GNU 11.4.0
[0.072s] -- The CXX compiler identification is GNU 11.4.0
[0.077s] -- Detecting C compiler ABI info
[0.117s] -- Detecting C compiler ABI info - done
[0.121s] -- Check for working C compiler: /usr/bin/cc - skipped
[0.122s] -- Detecting C compile features
[0.122s] -- Detecting C compile features - done
[0.124s] -- Detecting CXX compiler ABI info
[0.170s] -- Detecting CXX compiler ABI info - done
[0.174s] -- Check for working CXX compiler: /usr/bin/c++ - skipped
[0.174s] -- Detecting CXX compile features
[0.175s] -- Detecting CXX compile features - done
[0.176s] -- Found ament_cmake: 1.3.9 (/opt/ros/humble/share/ament_cmake/cmake)
[0.265s] -- Found Python3: /usr/bin/python3 (found version "3.10.12") found components: Interpreter 
[0.353s] -- Configuring done
[0.355s] -- Generating done
[0.355s] -- Build files have been written to: /home/farhan-sw/Documents/Github/nebula/nebula-ws/build/nebula_bringup
[0.358s] Invoked command in '/home/farhan-sw/Documents/Github/nebula/nebula-ws/build/nebula_bringup' returned '0': CMAKE_PREFIX_PATH=${CMAKE_PREFIX_PATH}:/opt/ros/humble /usr/bin/cmake /home/farhan-sw/Documents/Github/nebula/nebula-ws/src/nebula_bringup -DCMAKE_INSTALL_PREFIX=/home/farhan-sw/Documents/Github/nebula/nebula-ws/install/nebula_bringup
[0.360s] Invoking command in '/home/farhan-sw/Documents/Github/nebula/nebula-ws/build/nebula_bringup': CMAKE_PREFIX_PATH=${CMAKE_PREFIX_PATH}:/opt/ros/humble /usr/bin/cmake --build /home/farhan-sw/Documents/Github/nebula/nebula-ws/build/nebula_bringup -- -j16 -l16
[0.381s] Invoked command in '/home/farhan-sw/Documents/Github/nebula/nebula-ws/build/nebula_bringup' returned '0': CMAKE_PREFIX_PATH=${CMAKE_PREFIX_PATH}:/opt/ros/humble /usr/bin/cmake --build /home/farhan-sw/Documents/Github/nebula/nebula-ws/build/nebula_bringup -- -j16 -l16
[0.401s] Invoking command in '/home/farhan-sw/Documents/Github/nebula/nebula-ws/build/nebula_bringup': CMAKE_PREFIX_PATH=${CMAKE_PREFIX_PATH}:/opt/ros/humble /usr/bin/cmake --install /home/farhan-sw/Documents/Github/nebula/nebula-ws/build/nebula_bringup
[0.405s] -- Install configuration: ""
[0.405s] -- Up-to-date: /home/farhan-sw/Documents/Github/nebula/nebula-ws/install/nebula_bringup/share/nebula_bringup/launch
[0.405s] -- Up-to-date: /home/farhan-sw/Documents/Github/nebula/nebula-ws/install/nebula_bringup/share/nebula_bringup/launch/joystick.launch.py
[0.406s] -- Installing: /home/farhan-sw/Documents/Github/nebula/nebula-ws/install/nebula_bringup/share/ament_index/resource_index/package_run_dependencies/nebula_bringup
[0.406s] -- Installing: /home/farhan-sw/Documents/Github/nebula/nebula-ws/install/nebula_bringup/share/ament_index/resource_index/parent_prefix_path/nebula_bringup
[0.406s] -- Up-to-date: /home/farhan-sw/Documents/Github/nebula/nebula-ws/install/nebula_bringup/share/nebula_bringup/environment/ament_prefix_path.sh
[0.406s] -- Installing: /home/farhan-sw/Documents/Github/nebula/nebula-ws/install/nebula_bringup/share/nebula_bringup/environment/ament_prefix_path.dsv
[0.406s] -- Up-to-date: /home/farhan-sw/Documents/Github/nebula/nebula-ws/install/nebula_bringup/share/nebula_bringup/environment/path.sh
[0.406s] -- Installing: /home/farhan-sw/Documents/Github/nebula/nebula-ws/install/nebula_bringup/share/nebula_bringup/environment/path.dsv
[0.406s] -- Installing: /home/farhan-sw/Documents/Github/nebula/nebula-ws/install/nebula_bringup/share/nebula_bringup/local_setup.bash
[0.406s] -- Installing: /home/farhan-sw/Documents/Github/nebula/nebula-ws/install/nebula_bringup/share/nebula_bringup/local_setup.sh
[0.406s] -- Installing: /home/farhan-sw/Documents/Github/nebula/nebula-ws/install/nebula_bringup/share/nebula_bringup/local_setup.zsh
[0.406s] -- Installing: /home/farhan-sw/Documents/Github/nebula/nebula-ws/install/nebula_bringup/share/nebula_bringup/local_setup.dsv
[0.406s] -- Installing: /home/farhan-sw/Documents/Github/nebula/nebula-ws/install/nebula_bringup/share/nebula_bringup/package.dsv
[0.407s] -- Installing: /home/farhan-sw/Documents/Github/nebula/nebula-ws/install/nebula_bringup/share/ament_index/resource_index/packages/nebula_bringup
[0.407s] -- Installing: /home/farhan-sw/Documents/Github/nebula/nebula-ws/install/nebula_bringup/share/nebula_bringup/cmake/nebula_bringupConfig.cmake
[0.407s] -- Installing: /home/farhan-sw/Documents/Github/nebula/nebula-ws/install/nebula_bringup/share/nebula_bringup/cmake/nebula_bringupConfig-version.cmake
[0.407s] -- Up-to-date: /home/farhan-sw/Documents/Github/nebula/nebula-ws/install/nebula_bringup/share/nebula_bringup/package.xml
[0.408s] Invoked command in '/home/farhan-sw/Documents/Github/nebula/nebula-ws/build/nebula_bringup' returned '0': CMAKE_PREFIX_PATH=${CMAKE_PREFIX_PATH}:/opt/ros/humble /usr/bin/cmake --install /home/farhan-sw/Documents/Github/nebula/nebula-ws/build/nebula_bringup
