[0.006s] Invoking command in '/home/farhan-sw/Documents/Github/nebula/nebula-ws/build/nebula_config': CMAKE_PREFIX_PATH=${CMAKE_PREFIX_PATH}:/opt/ros/humble /usr/bin/cmake /home/farhan-sw/Documents/Github/nebula/nebula-ws/src/nebula_config -DCMAKE_INSTALL_PREFIX=/home/farhan-sw/Documents/Github/nebula/nebula-ws/install/nebula_config
[0.013s] -- Found ament_cmake: 1.3.9 (/opt/ros/humble/share/ament_cmake/cmake)
[0.125s] -- Configuring done
[0.126s] -- Generating done
[0.127s] -- Build files have been written to: /home/farhan-sw/Documents/Github/nebula/nebula-ws/build/nebula_config
[0.128s] Invoked command in '/home/farhan-sw/Documents/Github/nebula/nebula-ws/build/nebula_config' returned '0': CMAKE_PREFIX_PATH=${CMAKE_PREFIX_PATH}:/opt/ros/humble /usr/bin/cmake /home/farhan-sw/Documents/Github/nebula/nebula-ws/src/nebula_config -DCMAKE_INSTALL_PREFIX=/home/farhan-sw/Documents/Github/nebula/nebula-ws/install/nebula_config
[0.129s] Invoking command in '/home/farhan-sw/Documents/Github/nebula/nebula-ws/build/nebula_config': CMAKE_PREFIX_PATH=${CMAKE_PREFIX_PATH}:/opt/ros/humble /usr/bin/cmake --build /home/farhan-sw/Documents/Github/nebula/nebula-ws/build/nebula_config -- -j16 -l16
[0.160s] Invoked command in '/home/farhan-sw/Documents/Github/nebula/nebula-ws/build/nebula_config' returned '0': CMAKE_PREFIX_PATH=${CMAKE_PREFIX_PATH}:/opt/ros/humble /usr/bin/cmake --build /home/farhan-sw/Documents/Github/nebula/nebula-ws/build/nebula_config -- -j16 -l16
[0.195s] Invoking command in '/home/farhan-sw/Documents/Github/nebula/nebula-ws/build/nebula_config': CMAKE_PREFIX_PATH=${CMAKE_PREFIX_PATH}:/opt/ros/humble /usr/bin/cmake --install /home/farhan-sw/Documents/Github/nebula/nebula-ws/build/nebula_config
[0.206s] -- Install configuration: ""
[0.206s] -- Installing: /home/farhan-sw/Documents/Github/nebula/nebula-ws/install/nebula_config/share/nebula_config/nebula_config
[0.206s] -- Installing: /home/farhan-sw/Documents/Github/nebula/nebula-ws/install/nebula_config/share/nebula_config/nebula_config/joystik.yaml
[0.206s] -- Installing: /home/farhan-sw/Documents/Github/nebula/nebula-ws/install/nebula_config/share/ament_index/resource_index/package_run_dependencies/nebula_config
[0.206s] -- Installing: /home/farhan-sw/Documents/Github/nebula/nebula-ws/install/nebula_config/share/ament_index/resource_index/parent_prefix_path/nebula_config
[0.206s] -- Installing: /home/farhan-sw/Documents/Github/nebula/nebula-ws/install/nebula_config/share/nebula_config/environment/ament_prefix_path.sh
[0.206s] -- Installing: /home/farhan-sw/Documents/Github/nebula/nebula-ws/install/nebula_config/share/nebula_config/environment/ament_prefix_path.dsv
[0.206s] -- Installing: /home/farhan-sw/Documents/Github/nebula/nebula-ws/install/nebula_config/share/nebula_config/environment/path.sh
[0.207s] -- Installing: /home/farhan-sw/Documents/Github/nebula/nebula-ws/install/nebula_config/share/nebula_config/environment/path.dsv
[0.207s] -- Installing: /home/farhan-sw/Documents/Github/nebula/nebula-ws/install/nebula_config/share/nebula_config/local_setup.bash
[0.207s] -- Installing: /home/farhan-sw/Documents/Github/nebula/nebula-ws/install/nebula_config/share/nebula_config/local_setup.sh
[0.207s] -- Installing: /home/farhan-sw/Documents/Github/nebula/nebula-ws/install/nebula_config/share/nebula_config/local_setup.zsh
[0.207s] -- Installing: /home/farhan-sw/Documents/Github/nebula/nebula-ws/install/nebula_config/share/nebula_config/local_setup.dsv
[0.207s] -- Installing: /home/farhan-sw/Documents/Github/nebula/nebula-ws/install/nebula_config/share/nebula_config/package.dsv
[0.207s] -- Installing: /home/farhan-sw/Documents/Github/nebula/nebula-ws/install/nebula_config/share/ament_index/resource_index/packages/nebula_config
[0.208s] -- Installing: /home/farhan-sw/Documents/Github/nebula/nebula-ws/install/nebula_config/share/nebula_config/cmake/nebula_configConfig.cmake
[0.208s] -- Installing: /home/farhan-sw/Documents/Github/nebula/nebula-ws/install/nebula_config/share/nebula_config/cmake/nebula_configConfig-version.cmake
[0.208s] -- Installing: /home/farhan-sw/Documents/Github/nebula/nebula-ws/install/nebula_config/share/nebula_config/package.xml
[0.210s] Invoked command in '/home/farhan-sw/Documents/Github/nebula/nebula-ws/build/nebula_config' returned '0': CMAKE_PREFIX_PATH=${CMAKE_PREFIX_PATH}:/opt/ros/humble /usr/bin/cmake --install /home/farhan-sw/Documents/Github/nebula/nebula-ws/build/nebula_config
