[0.008s] Invoking command in '/home/farhan-sw/Documents/Github/nebula/nebula-ws/build/micro_ros_msgs': CMAKE_PREFIX_PATH=${CMAKE_PREFIX_PATH}:/opt/ros/humble /usr/bin/cmake /home/farhan-sw/Documents/Github/nebula/nebula-ws/src/uros/micro_ros_msgs -DUAGENT_BUILD_EXECUTABLE=OFF -DUAGENT_P2P_PROFILE=OFF --no-warn-unused-cli -DCMAKE_INSTALL_PREFIX=/home/farhan-sw/Documents/Github/nebula/nebula-ws/install/micro_ros_msgs
[0.015s] Not searching for unused variables given on the command line.
[0.050s] -- The C compiler identification is GNU 11.4.0
[0.092s] -- The CXX compiler identification is GNU 11.4.0
[0.097s] -- Detecting C compiler ABI info
[0.165s] -- Detecting C compiler ABI info - done
[0.171s] -- Check for working C compiler: /usr/bin/cc - skipped
[0.171s] -- Detecting C compile features
[0.172s] -- Detecting C compile features - done
[0.176s] -- Detecting CXX compiler ABI info
[0.249s] -- Detecting CXX compiler ABI info - done
[0.254s] -- Check for working CXX compiler: /usr/bin/c++ - skipped
[0.254s] -- Detecting CXX compile features
[0.255s] -- Detecting CXX compile features - done
[0.257s] -- Found ament_cmake: 1.3.9 (/opt/ros/humble/share/ament_cmake/cmake)
[0.367s] -- Found Python3: /usr/bin/python3 (found version "3.10.12") found components: Interpreter 
[0.430s] -- Found rosidl_default_generators: 1.2.0 (/opt/ros/humble/share/rosidl_default_generators/cmake)
[0.432s] -- Using all available rosidl_typesupport_c: rosidl_typesupport_fastrtps_c;rosidl_typesupport_introspection_c
[0.436s] -- Found rosidl_adapter: 3.1.5 (/opt/ros/humble/share/rosidl_adapter/cmake)
[0.464s] -- Using all available rosidl_typesupport_cpp: rosidl_typesupport_fastrtps_cpp;rosidl_typesupport_introspection_cpp
[0.486s] -- Found ament_lint_auto: 0.12.11 (/opt/ros/humble/share/ament_lint_auto/cmake)
[0.663s] -- Found ament_cmake_ros: 0.10.0 (/opt/ros/humble/share/ament_cmake_ros/cmake)
[0.790s] -- Using all available rosidl_typesupport_c: rosidl_typesupport_fastrtps_c;rosidl_typesupport_introspection_c
[0.953s] -- Using all available rosidl_typesupport_cpp: rosidl_typesupport_fastrtps_cpp;rosidl_typesupport_introspection_cpp
[0.969s] -- Found PythonInterp: /usr/bin/python3 (found suitable version "3.10.12", minimum required is "3.6") 
[0.970s] -- Found python_cmake_module: 0.10.0 (/opt/ros/humble/share/python_cmake_module/cmake)
[0.986s] -- Found PythonLibs: /usr/lib/x86_64-linux-gnu/libpython3.10.so (found suitable version "3.10.12", minimum required is "3.5") 
[0.987s] -- Using PYTHON_EXECUTABLE: /usr/bin/python3
[0.987s] -- Using PYTHON_INCLUDE_DIRS: /usr/include/python3.10
[0.987s] -- Using PYTHON_LIBRARIES: /usr/lib/x86_64-linux-gnu/libpython3.10.so
[1.002s] -- Found PythonExtra: .so  
[1.026s] -- Added test 'copyright' to check source files copyright and LICENSE
[1.030s] -- Added test 'lint_cmake' to check CMake code style
[1.032s] -- Added test 'xmllint' to check XML markup files
[1.035s] -- Configuring done
[1.053s] -- Generating done
[1.054s] -- Build files have been written to: /home/farhan-sw/Documents/Github/nebula/nebula-ws/build/micro_ros_msgs
[1.060s] Invoked command in '/home/farhan-sw/Documents/Github/nebula/nebula-ws/build/micro_ros_msgs' returned '0': CMAKE_PREFIX_PATH=${CMAKE_PREFIX_PATH}:/opt/ros/humble /usr/bin/cmake /home/farhan-sw/Documents/Github/nebula/nebula-ws/src/uros/micro_ros_msgs -DUAGENT_BUILD_EXECUTABLE=OFF -DUAGENT_P2P_PROFILE=OFF --no-warn-unused-cli -DCMAKE_INSTALL_PREFIX=/home/farhan-sw/Documents/Github/nebula/nebula-ws/install/micro_ros_msgs
[1.060s] Invoking command in '/home/farhan-sw/Documents/Github/nebula/nebula-ws/build/micro_ros_msgs': CMAKE_PREFIX_PATH=${CMAKE_PREFIX_PATH}:/opt/ros/humble /usr/bin/cmake --build /home/farhan-sw/Documents/Github/nebula/nebula-ws/build/micro_ros_msgs -- -j16 -l16
[1.094s] [  2%] [34m[1mGenerating C code for ROS interfaces[0m
[1.101s] [  4%] [34m[1mGenerating C++ code for ROS interfaces[0m
[1.106s] [  4%] Built target ament_cmake_python_copy_micro_ros_msgs
[1.292s] running egg_info
[1.293s] creating micro_ros_msgs.egg-info
[1.293s] writing micro_ros_msgs.egg-info/PKG-INFO
[1.293s] writing dependency_links to micro_ros_msgs.egg-info/dependency_links.txt
[1.293s] writing top-level names to micro_ros_msgs.egg-info/top_level.txt
[1.293s] writing manifest file 'micro_ros_msgs.egg-info/SOURCES.txt'
[1.295s] reading manifest file 'micro_ros_msgs.egg-info/SOURCES.txt'
[1.295s] writing manifest file 'micro_ros_msgs.egg-info/SOURCES.txt'
[1.316s] [  4%] Built target ament_cmake_python_build_micro_ros_msgs_egg
[1.367s] [  4%] Built target micro_ros_msgs__cpp
[1.377s] [  8%] [34m[1mGenerating C++ type support for eProsima Fast-RTPS[0m
[1.377s] [  8%] [34m[1mGenerating C++ type support dispatch for ROS interfaces[0m
[1.377s] [ 10%] [34m[1mGenerating C++ introspection for ROS interfaces[0m
[1.389s] [ 17%] [32mBuilding C object CMakeFiles/micro_ros_msgs__rosidl_generator_c.dir/rosidl_generator_c/micro_ros_msgs/msg/detail/node__functions.c.o[0m
[1.389s] [ 17%] [32mBuilding C object CMakeFiles/micro_ros_msgs__rosidl_generator_c.dir/rosidl_generator_c/micro_ros_msgs/msg/detail/graph__functions.c.o[0m
[1.389s] [ 17%] [32mBuilding C object CMakeFiles/micro_ros_msgs__rosidl_generator_c.dir/rosidl_generator_c/micro_ros_msgs/msg/detail/entity__functions.c.o[0m
[1.431s] [ 19%] [32m[1mLinking C shared library libmicro_ros_msgs__rosidl_generator_c.so[0m
[1.463s] [ 19%] Built target micro_ros_msgs__rosidl_generator_c
[1.472s] [ 23%] [34m[1mGenerating C type support dispatch for ROS interfaces[0m
[1.473s] [ 25%] [34m[1mGenerating C introspection for ROS interfaces[0m
[1.473s] [ 25%] [34m[1mGenerating C type support for eProsima Fast-RTPS[0m
[1.632s] [ 29%] [32mBuilding CXX object CMakeFiles/micro_ros_msgs__rosidl_typesupport_cpp.dir/rosidl_typesupport_cpp/micro_ros_msgs/msg/node__type_support.cpp.o[0m
[1.633s] [ 29%] [32mBuilding CXX object CMakeFiles/micro_ros_msgs__rosidl_typesupport_cpp.dir/rosidl_typesupport_cpp/micro_ros_msgs/msg/entity__type_support.cpp.o[0m
[1.633s] [ 31%] [32mBuilding CXX object CMakeFiles/micro_ros_msgs__rosidl_typesupport_cpp.dir/rosidl_typesupport_cpp/micro_ros_msgs/msg/graph__type_support.cpp.o[0m
[1.658s] [ 34%] [32mBuilding CXX object CMakeFiles/micro_ros_msgs__rosidl_typesupport_introspection_cpp.dir/rosidl_typesupport_introspection_cpp/micro_ros_msgs/msg/detail/graph__type_support.cpp.o[0m
[1.661s] [ 36%] [32mBuilding CXX object CMakeFiles/micro_ros_msgs__rosidl_typesupport_introspection_cpp.dir/rosidl_typesupport_introspection_cpp/micro_ros_msgs/msg/detail/node__type_support.cpp.o[0m
[1.661s] [ 38%] [32mBuilding CXX object CMakeFiles/micro_ros_msgs__rosidl_typesupport_introspection_cpp.dir/rosidl_typesupport_introspection_cpp/micro_ros_msgs/msg/detail/entity__type_support.cpp.o[0m
[1.689s] [ 44%] [32mBuilding CXX object CMakeFiles/micro_ros_msgs__rosidl_typesupport_fastrtps_cpp.dir/rosidl_typesupport_fastrtps_cpp/micro_ros_msgs/msg/detail/dds_fastrtps/entity__type_support.cpp.o[0m
[1.689s] [ 44%] [32mBuilding CXX object CMakeFiles/micro_ros_msgs__rosidl_typesupport_fastrtps_cpp.dir/rosidl_typesupport_fastrtps_cpp/micro_ros_msgs/msg/detail/dds_fastrtps/graph__type_support.cpp.o[0m
[1.689s] [ 44%] [32mBuilding CXX object CMakeFiles/micro_ros_msgs__rosidl_typesupport_fastrtps_cpp.dir/rosidl_typesupport_fastrtps_cpp/micro_ros_msgs/msg/detail/dds_fastrtps/node__type_support.cpp.o[0m
[1.754s] [ 46%] [32mBuilding CXX object CMakeFiles/micro_ros_msgs__rosidl_typesupport_c.dir/rosidl_typesupport_c/micro_ros_msgs/msg/graph__type_support.cpp.o[0m
[1.755s] [ 48%] [32mBuilding CXX object CMakeFiles/micro_ros_msgs__rosidl_typesupport_c.dir/rosidl_typesupport_c/micro_ros_msgs/msg/entity__type_support.cpp.o[0m
[1.756s] [ 51%] [32mBuilding CXX object CMakeFiles/micro_ros_msgs__rosidl_typesupport_c.dir/rosidl_typesupport_c/micro_ros_msgs/msg/node__type_support.cpp.o[0m
[1.802s] [ 53%] [32m[1mLinking CXX shared library libmicro_ros_msgs__rosidl_typesupport_c.so[0m
[1.853s] [ 57%] [32mBuilding C object CMakeFiles/micro_ros_msgs__rosidl_typesupport_introspection_c.dir/rosidl_typesupport_introspection_c/micro_ros_msgs/msg/detail/graph__type_support.c.o[0m
[1.853s] [ 57%] [32mBuilding C object CMakeFiles/micro_ros_msgs__rosidl_typesupport_introspection_c.dir/rosidl_typesupport_introspection_c/micro_ros_msgs/msg/detail/node__type_support.c.o[0m
[1.854s] [ 59%] [32mBuilding C object CMakeFiles/micro_ros_msgs__rosidl_typesupport_introspection_c.dir/rosidl_typesupport_introspection_c/micro_ros_msgs/msg/detail/entity__type_support.c.o[0m
[1.860s] [ 63%] [32mBuilding CXX object CMakeFiles/micro_ros_msgs__rosidl_typesupport_fastrtps_c.dir/rosidl_typesupport_fastrtps_c/micro_ros_msgs/msg/detail/node__type_support_c.cpp.o[0m
[1.860s] [ 63%] [32mBuilding CXX object CMakeFiles/micro_ros_msgs__rosidl_typesupport_fastrtps_c.dir/rosidl_typesupport_fastrtps_c/micro_ros_msgs/msg/detail/graph__type_support_c.cpp.o[0m
[1.860s] [ 65%] [32mBuilding CXX object CMakeFiles/micro_ros_msgs__rosidl_typesupport_fastrtps_c.dir/rosidl_typesupport_fastrtps_c/micro_ros_msgs/msg/detail/entity__type_support_c.cpp.o[0m
[1.866s] [ 65%] Built target micro_ros_msgs__rosidl_typesupport_c
[1.908s] [ 68%] [32m[1mLinking C shared library libmicro_ros_msgs__rosidl_typesupport_introspection_c.so[0m
[1.943s] [ 68%] Built target micro_ros_msgs__rosidl_typesupport_introspection_c
[1.988s] [ 70%] [32m[1mLinking CXX shared library libmicro_ros_msgs__rosidl_typesupport_cpp.so[0m
[2.033s] [ 70%] Built target micro_ros_msgs__rosidl_typesupport_cpp
[2.286s] [ 72%] [32m[1mLinking CXX shared library libmicro_ros_msgs__rosidl_typesupport_fastrtps_cpp.so[0m
[2.303s] [ 74%] [32m[1mLinking CXX shared library libmicro_ros_msgs__rosidl_typesupport_fastrtps_c.so[0m
[2.323s] [ 76%] [32m[1mLinking CXX shared library libmicro_ros_msgs__rosidl_typesupport_introspection_cpp.so[0m
[2.352s] [ 76%] Built target micro_ros_msgs__rosidl_typesupport_fastrtps_cpp
[2.365s] [ 76%] Built target micro_ros_msgs__rosidl_typesupport_fastrtps_c
[2.385s] [ 76%] Built target micro_ros_msgs__rosidl_typesupport_introspection_cpp
[2.400s] [ 76%] Built target micro_ros_msgs
[2.417s] [ 78%] [34m[1mGenerating Python code for ROS interfaces[0m
[2.750s] [ 78%] Built target micro_ros_msgs__py
[2.766s] [ 80%] [32mBuilding C object CMakeFiles/micro_ros_msgs__rosidl_generator_py.dir/rosidl_generator_py/micro_ros_msgs/msg/_node_s.c.o[0m
[2.767s] [ 82%] [32mBuilding C object CMakeFiles/micro_ros_msgs__rosidl_generator_py.dir/rosidl_generator_py/micro_ros_msgs/msg/_entity_s.c.o[0m
[2.767s] [ 85%] [32mBuilding C object CMakeFiles/micro_ros_msgs__rosidl_generator_py.dir/rosidl_generator_py/micro_ros_msgs/msg/_graph_s.c.o[0m
[2.858s] [ 87%] [32m[1mLinking C shared library rosidl_generator_py/micro_ros_msgs/libmicro_ros_msgs__rosidl_generator_py.so[0m
[2.887s] [ 87%] Built target micro_ros_msgs__rosidl_generator_py
[2.908s] [ 89%] [32mBuilding C object CMakeFiles/micro_ros_msgs__rosidl_typesupport_fastrtps_c__pyext.dir/rosidl_generator_py/micro_ros_msgs/_micro_ros_msgs_s.ep.rosidl_typesupport_fastrtps_c.c.o[0m
[2.908s] [ 91%] [32mBuilding C object CMakeFiles/micro_ros_msgs__rosidl_typesupport_introspection_c__pyext.dir/rosidl_generator_py/micro_ros_msgs/_micro_ros_msgs_s.ep.rosidl_typesupport_introspection_c.c.o[0m
[2.909s] [ 93%] [32mBuilding C object CMakeFiles/micro_ros_msgs__rosidl_typesupport_c__pyext.dir/rosidl_generator_py/micro_ros_msgs/_micro_ros_msgs_s.ep.rosidl_typesupport_c.c.o[0m
[2.982s] [ 95%] [32m[1mLinking C shared library rosidl_generator_py/micro_ros_msgs/micro_ros_msgs_s__rosidl_typesupport_c.cpython-310-x86_64-linux-gnu.so[0m
[2.983s] [ 97%] [32m[1mLinking C shared library rosidl_generator_py/micro_ros_msgs/micro_ros_msgs_s__rosidl_typesupport_fastrtps_c.cpython-310-x86_64-linux-gnu.so[0m
[2.983s] [100%] [32m[1mLinking C shared library rosidl_generator_py/micro_ros_msgs/micro_ros_msgs_s__rosidl_typesupport_introspection_c.cpython-310-x86_64-linux-gnu.so[0m
[3.009s] [100%] Built target micro_ros_msgs__rosidl_typesupport_c__pyext
[3.010s] [100%] Built target micro_ros_msgs__rosidl_typesupport_introspection_c__pyext
[3.011s] [100%] Built target micro_ros_msgs__rosidl_typesupport_fastrtps_c__pyext
[3.020s] Invoked command in '/home/farhan-sw/Documents/Github/nebula/nebula-ws/build/micro_ros_msgs' returned '0': CMAKE_PREFIX_PATH=${CMAKE_PREFIX_PATH}:/opt/ros/humble /usr/bin/cmake --build /home/farhan-sw/Documents/Github/nebula/nebula-ws/build/micro_ros_msgs -- -j16 -l16
[3.198s] Invoking command in '/home/farhan-sw/Documents/Github/nebula/nebula-ws/build/micro_ros_msgs': CMAKE_PREFIX_PATH=${CMAKE_PREFIX_PATH}:/opt/ros/humble /usr/bin/cmake --install /home/farhan-sw/Documents/Github/nebula/nebula-ws/build/micro_ros_msgs
[3.205s] -- Install configuration: ""
[3.205s] -- Installing: /home/farhan-sw/Documents/Github/nebula/nebula-ws/install/micro_ros_msgs/share/ament_index/resource_index/rosidl_interfaces/micro_ros_msgs
[3.205s] -- Installing: /home/farhan-sw/Documents/Github/nebula/nebula-ws/install/micro_ros_msgs/include/micro_ros_msgs/micro_ros_msgs
[3.206s] -- Installing: /home/farhan-sw/Documents/Github/nebula/nebula-ws/install/micro_ros_msgs/include/micro_ros_msgs/micro_ros_msgs/msg
[3.206s] -- Installing: /home/farhan-sw/Documents/Github/nebula/nebula-ws/install/micro_ros_msgs/include/micro_ros_msgs/micro_ros_msgs/msg/entity.h
[3.206s] -- Installing: /home/farhan-sw/Documents/Github/nebula/nebula-ws/install/micro_ros_msgs/include/micro_ros_msgs/micro_ros_msgs/msg/node.h
[3.206s] -- Installing: /home/farhan-sw/Documents/Github/nebula/nebula-ws/install/micro_ros_msgs/include/micro_ros_msgs/micro_ros_msgs/msg/detail
[3.206s] -- Installing: /home/farhan-sw/Documents/Github/nebula/nebula-ws/install/micro_ros_msgs/include/micro_ros_msgs/micro_ros_msgs/msg/detail/node__struct.h
[3.206s] -- Installing: /home/farhan-sw/Documents/Github/nebula/nebula-ws/install/micro_ros_msgs/include/micro_ros_msgs/micro_ros_msgs/msg/detail/entity__type_support.h
[3.206s] -- Installing: /home/farhan-sw/Documents/Github/nebula/nebula-ws/install/micro_ros_msgs/include/micro_ros_msgs/micro_ros_msgs/msg/detail/entity__functions.h
[3.206s] -- Installing: /home/farhan-sw/Documents/Github/nebula/nebula-ws/install/micro_ros_msgs/include/micro_ros_msgs/micro_ros_msgs/msg/detail/node__functions.c
[3.206s] -- Installing: /home/farhan-sw/Documents/Github/nebula/nebula-ws/install/micro_ros_msgs/include/micro_ros_msgs/micro_ros_msgs/msg/detail/graph__functions.h
[3.206s] -- Installing: /home/farhan-sw/Documents/Github/nebula/nebula-ws/install/micro_ros_msgs/include/micro_ros_msgs/micro_ros_msgs/msg/detail/graph__struct.h
[3.206s] -- Installing: /home/farhan-sw/Documents/Github/nebula/nebula-ws/install/micro_ros_msgs/include/micro_ros_msgs/micro_ros_msgs/msg/detail/node__functions.h
[3.206s] -- Installing: /home/farhan-sw/Documents/Github/nebula/nebula-ws/install/micro_ros_msgs/include/micro_ros_msgs/micro_ros_msgs/msg/detail/entity__struct.h
[3.206s] -- Installing: /home/farhan-sw/Documents/Github/nebula/nebula-ws/install/micro_ros_msgs/include/micro_ros_msgs/micro_ros_msgs/msg/detail/entity__functions.c
[3.206s] -- Installing: /home/farhan-sw/Documents/Github/nebula/nebula-ws/install/micro_ros_msgs/include/micro_ros_msgs/micro_ros_msgs/msg/detail/node__type_support.h
[3.206s] -- Installing: /home/farhan-sw/Documents/Github/nebula/nebula-ws/install/micro_ros_msgs/include/micro_ros_msgs/micro_ros_msgs/msg/detail/graph__functions.c
[3.206s] -- Installing: /home/farhan-sw/Documents/Github/nebula/nebula-ws/install/micro_ros_msgs/include/micro_ros_msgs/micro_ros_msgs/msg/detail/graph__type_support.h
[3.207s] -- Installing: /home/farhan-sw/Documents/Github/nebula/nebula-ws/install/micro_ros_msgs/include/micro_ros_msgs/micro_ros_msgs/msg/graph.h
[3.207s] -- Installing: /home/farhan-sw/Documents/Github/nebula/nebula-ws/install/micro_ros_msgs/include/micro_ros_msgs/micro_ros_msgs/msg/rosidl_generator_c__visibility_control.h
[3.207s] -- Installing: /home/farhan-sw/Documents/Github/nebula/nebula-ws/install/micro_ros_msgs/share/micro_ros_msgs/environment/library_path.sh
[3.207s] -- Installing: /home/farhan-sw/Documents/Github/nebula/nebula-ws/install/micro_ros_msgs/share/micro_ros_msgs/environment/library_path.dsv
[3.207s] -- Installing: /home/farhan-sw/Documents/Github/nebula/nebula-ws/install/micro_ros_msgs/lib/libmicro_ros_msgs__rosidl_generator_c.so
[3.207s] -- Set runtime path of "/home/farhan-sw/Documents/Github/nebula/nebula-ws/install/micro_ros_msgs/lib/libmicro_ros_msgs__rosidl_generator_c.so" to ""
[3.207s] -- Up-to-date: /home/farhan-sw/Documents/Github/nebula/nebula-ws/install/micro_ros_msgs/include/micro_ros_msgs/micro_ros_msgs
[3.207s] -- Up-to-date: /home/farhan-sw/Documents/Github/nebula/nebula-ws/install/micro_ros_msgs/include/micro_ros_msgs/micro_ros_msgs/msg
[3.207s] -- Up-to-date: /home/farhan-sw/Documents/Github/nebula/nebula-ws/install/micro_ros_msgs/include/micro_ros_msgs/micro_ros_msgs/msg/detail
[3.207s] -- Installing: /home/farhan-sw/Documents/Github/nebula/nebula-ws/install/micro_ros_msgs/include/micro_ros_msgs/micro_ros_msgs/msg/detail/graph__rosidl_typesupport_fastrtps_c.h
[3.207s] -- Installing: /home/farhan-sw/Documents/Github/nebula/nebula-ws/install/micro_ros_msgs/include/micro_ros_msgs/micro_ros_msgs/msg/detail/node__rosidl_typesupport_fastrtps_c.h
[3.207s] -- Installing: /home/farhan-sw/Documents/Github/nebula/nebula-ws/install/micro_ros_msgs/include/micro_ros_msgs/micro_ros_msgs/msg/detail/entity__rosidl_typesupport_fastrtps_c.h
[3.208s] -- Installing: /home/farhan-sw/Documents/Github/nebula/nebula-ws/install/micro_ros_msgs/include/micro_ros_msgs/micro_ros_msgs/msg/rosidl_typesupport_fastrtps_c__visibility_control.h
[3.208s] -- Installing: /home/farhan-sw/Documents/Github/nebula/nebula-ws/install/micro_ros_msgs/lib/libmicro_ros_msgs__rosidl_typesupport_fastrtps_c.so
[3.208s] -- Set runtime path of "/home/farhan-sw/Documents/Github/nebula/nebula-ws/install/micro_ros_msgs/lib/libmicro_ros_msgs__rosidl_typesupport_fastrtps_c.so" to ""
[3.208s] -- Up-to-date: /home/farhan-sw/Documents/Github/nebula/nebula-ws/install/micro_ros_msgs/include/micro_ros_msgs/micro_ros_msgs
[3.208s] -- Up-to-date: /home/farhan-sw/Documents/Github/nebula/nebula-ws/install/micro_ros_msgs/include/micro_ros_msgs/micro_ros_msgs/msg
[3.208s] -- Installing: /home/farhan-sw/Documents/Github/nebula/nebula-ws/install/micro_ros_msgs/include/micro_ros_msgs/micro_ros_msgs/msg/rosidl_typesupport_introspection_c__visibility_control.h
[3.208s] -- Up-to-date: /home/farhan-sw/Documents/Github/nebula/nebula-ws/install/micro_ros_msgs/include/micro_ros_msgs/micro_ros_msgs/msg/detail
[3.208s] -- Installing: /home/farhan-sw/Documents/Github/nebula/nebula-ws/install/micro_ros_msgs/include/micro_ros_msgs/micro_ros_msgs/msg/detail/graph__type_support.c
[3.208s] -- Installing: /home/farhan-sw/Documents/Github/nebula/nebula-ws/install/micro_ros_msgs/include/micro_ros_msgs/micro_ros_msgs/msg/detail/graph__rosidl_typesupport_introspection_c.h
[3.208s] -- Installing: /home/farhan-sw/Documents/Github/nebula/nebula-ws/install/micro_ros_msgs/include/micro_ros_msgs/micro_ros_msgs/msg/detail/entity__rosidl_typesupport_introspection_c.h
[3.208s] -- Installing: /home/farhan-sw/Documents/Github/nebula/nebula-ws/install/micro_ros_msgs/include/micro_ros_msgs/micro_ros_msgs/msg/detail/entity__type_support.c
[3.208s] -- Installing: /home/farhan-sw/Documents/Github/nebula/nebula-ws/install/micro_ros_msgs/include/micro_ros_msgs/micro_ros_msgs/msg/detail/node__type_support.c
[3.208s] -- Installing: /home/farhan-sw/Documents/Github/nebula/nebula-ws/install/micro_ros_msgs/include/micro_ros_msgs/micro_ros_msgs/msg/detail/node__rosidl_typesupport_introspection_c.h
[3.208s] -- Installing: /home/farhan-sw/Documents/Github/nebula/nebula-ws/install/micro_ros_msgs/lib/libmicro_ros_msgs__rosidl_typesupport_introspection_c.so
[3.209s] -- Set runtime path of "/home/farhan-sw/Documents/Github/nebula/nebula-ws/install/micro_ros_msgs/lib/libmicro_ros_msgs__rosidl_typesupport_introspection_c.so" to ""
[3.209s] -- Installing: /home/farhan-sw/Documents/Github/nebula/nebula-ws/install/micro_ros_msgs/lib/libmicro_ros_msgs__rosidl_typesupport_c.so
[3.209s] -- Set runtime path of "/home/farhan-sw/Documents/Github/nebula/nebula-ws/install/micro_ros_msgs/lib/libmicro_ros_msgs__rosidl_typesupport_c.so" to ""
[3.209s] -- Up-to-date: /home/farhan-sw/Documents/Github/nebula/nebula-ws/install/micro_ros_msgs/include/micro_ros_msgs/micro_ros_msgs
[3.209s] -- Up-to-date: /home/farhan-sw/Documents/Github/nebula/nebula-ws/install/micro_ros_msgs/include/micro_ros_msgs/micro_ros_msgs/msg
[3.209s] -- Up-to-date: /home/farhan-sw/Documents/Github/nebula/nebula-ws/install/micro_ros_msgs/include/micro_ros_msgs/micro_ros_msgs/msg/detail
[3.209s] -- Installing: /home/farhan-sw/Documents/Github/nebula/nebula-ws/install/micro_ros_msgs/include/micro_ros_msgs/micro_ros_msgs/msg/detail/graph__builder.hpp
[3.209s] -- Installing: /home/farhan-sw/Documents/Github/nebula/nebula-ws/install/micro_ros_msgs/include/micro_ros_msgs/micro_ros_msgs/msg/detail/node__builder.hpp
[3.209s] -- Installing: /home/farhan-sw/Documents/Github/nebula/nebula-ws/install/micro_ros_msgs/include/micro_ros_msgs/micro_ros_msgs/msg/detail/entity__traits.hpp
[3.209s] -- Installing: /home/farhan-sw/Documents/Github/nebula/nebula-ws/install/micro_ros_msgs/include/micro_ros_msgs/micro_ros_msgs/msg/detail/graph__struct.hpp
[3.209s] -- Installing: /home/farhan-sw/Documents/Github/nebula/nebula-ws/install/micro_ros_msgs/include/micro_ros_msgs/micro_ros_msgs/msg/detail/entity__struct.hpp
[3.209s] -- Installing: /home/farhan-sw/Documents/Github/nebula/nebula-ws/install/micro_ros_msgs/include/micro_ros_msgs/micro_ros_msgs/msg/detail/node__struct.hpp
[3.209s] -- Installing: /home/farhan-sw/Documents/Github/nebula/nebula-ws/install/micro_ros_msgs/include/micro_ros_msgs/micro_ros_msgs/msg/detail/entity__builder.hpp
[3.209s] -- Installing: /home/farhan-sw/Documents/Github/nebula/nebula-ws/install/micro_ros_msgs/include/micro_ros_msgs/micro_ros_msgs/msg/detail/graph__traits.hpp
[3.209s] -- Installing: /home/farhan-sw/Documents/Github/nebula/nebula-ws/install/micro_ros_msgs/include/micro_ros_msgs/micro_ros_msgs/msg/detail/node__traits.hpp
[3.209s] -- Installing: /home/farhan-sw/Documents/Github/nebula/nebula-ws/install/micro_ros_msgs/include/micro_ros_msgs/micro_ros_msgs/msg/graph.hpp
[3.210s] -- Installing: /home/farhan-sw/Documents/Github/nebula/nebula-ws/install/micro_ros_msgs/include/micro_ros_msgs/micro_ros_msgs/msg/node.hpp
[3.210s] -- Installing: /home/farhan-sw/Documents/Github/nebula/nebula-ws/install/micro_ros_msgs/include/micro_ros_msgs/micro_ros_msgs/msg/entity.hpp
[3.210s] -- Up-to-date: /home/farhan-sw/Documents/Github/nebula/nebula-ws/install/micro_ros_msgs/include/micro_ros_msgs/micro_ros_msgs
[3.210s] -- Up-to-date: /home/farhan-sw/Documents/Github/nebula/nebula-ws/install/micro_ros_msgs/include/micro_ros_msgs/micro_ros_msgs/msg
[3.210s] -- Up-to-date: /home/farhan-sw/Documents/Github/nebula/nebula-ws/install/micro_ros_msgs/include/micro_ros_msgs/micro_ros_msgs/msg/detail
[3.210s] -- Installing: /home/farhan-sw/Documents/Github/nebula/nebula-ws/install/micro_ros_msgs/include/micro_ros_msgs/micro_ros_msgs/msg/detail/entity__rosidl_typesupport_fastrtps_cpp.hpp
[3.210s] -- Installing: /home/farhan-sw/Documents/Github/nebula/nebula-ws/install/micro_ros_msgs/include/micro_ros_msgs/micro_ros_msgs/msg/detail/graph__rosidl_typesupport_fastrtps_cpp.hpp
[3.210s] -- Installing: /home/farhan-sw/Documents/Github/nebula/nebula-ws/install/micro_ros_msgs/include/micro_ros_msgs/micro_ros_msgs/msg/detail/dds_fastrtps
[3.210s] -- Installing: /home/farhan-sw/Documents/Github/nebula/nebula-ws/install/micro_ros_msgs/include/micro_ros_msgs/micro_ros_msgs/msg/detail/node__rosidl_typesupport_fastrtps_cpp.hpp
[3.210s] -- Installing: /home/farhan-sw/Documents/Github/nebula/nebula-ws/install/micro_ros_msgs/include/micro_ros_msgs/micro_ros_msgs/msg/rosidl_typesupport_fastrtps_cpp__visibility_control.h
[3.210s] -- Installing: /home/farhan-sw/Documents/Github/nebula/nebula-ws/install/micro_ros_msgs/lib/libmicro_ros_msgs__rosidl_typesupport_fastrtps_cpp.so
[3.210s] -- Set runtime path of "/home/farhan-sw/Documents/Github/nebula/nebula-ws/install/micro_ros_msgs/lib/libmicro_ros_msgs__rosidl_typesupport_fastrtps_cpp.so" to ""
[3.210s] -- Up-to-date: /home/farhan-sw/Documents/Github/nebula/nebula-ws/install/micro_ros_msgs/include/micro_ros_msgs/micro_ros_msgs
[3.210s] -- Up-to-date: /home/farhan-sw/Documents/Github/nebula/nebula-ws/install/micro_ros_msgs/include/micro_ros_msgs/micro_ros_msgs/msg
[3.210s] -- Up-to-date: /home/farhan-sw/Documents/Github/nebula/nebula-ws/install/micro_ros_msgs/include/micro_ros_msgs/micro_ros_msgs/msg/detail
[3.211s] -- Installing: /home/farhan-sw/Documents/Github/nebula/nebula-ws/install/micro_ros_msgs/include/micro_ros_msgs/micro_ros_msgs/msg/detail/node__rosidl_typesupport_introspection_cpp.hpp
[3.211s] -- Installing: /home/farhan-sw/Documents/Github/nebula/nebula-ws/install/micro_ros_msgs/include/micro_ros_msgs/micro_ros_msgs/msg/detail/graph__rosidl_typesupport_introspection_cpp.hpp
[3.211s] -- Installing: /home/farhan-sw/Documents/Github/nebula/nebula-ws/install/micro_ros_msgs/include/micro_ros_msgs/micro_ros_msgs/msg/detail/node__type_support.cpp
[3.211s] -- Installing: /home/farhan-sw/Documents/Github/nebula/nebula-ws/install/micro_ros_msgs/include/micro_ros_msgs/micro_ros_msgs/msg/detail/entity__rosidl_typesupport_introspection_cpp.hpp
[3.211s] -- Installing: /home/farhan-sw/Documents/Github/nebula/nebula-ws/install/micro_ros_msgs/include/micro_ros_msgs/micro_ros_msgs/msg/detail/entity__type_support.cpp
[3.211s] -- Installing: /home/farhan-sw/Documents/Github/nebula/nebula-ws/install/micro_ros_msgs/include/micro_ros_msgs/micro_ros_msgs/msg/detail/graph__type_support.cpp
[3.211s] -- Installing: /home/farhan-sw/Documents/Github/nebula/nebula-ws/install/micro_ros_msgs/lib/libmicro_ros_msgs__rosidl_typesupport_introspection_cpp.so
[3.211s] -- Set runtime path of "/home/farhan-sw/Documents/Github/nebula/nebula-ws/install/micro_ros_msgs/lib/libmicro_ros_msgs__rosidl_typesupport_introspection_cpp.so" to ""
[3.211s] -- Installing: /home/farhan-sw/Documents/Github/nebula/nebula-ws/install/micro_ros_msgs/lib/libmicro_ros_msgs__rosidl_typesupport_cpp.so
[3.211s] -- Set runtime path of "/home/farhan-sw/Documents/Github/nebula/nebula-ws/install/micro_ros_msgs/lib/libmicro_ros_msgs__rosidl_typesupport_cpp.so" to ""
[3.211s] -- Installing: /home/farhan-sw/Documents/Github/nebula/nebula-ws/install/micro_ros_msgs/share/micro_ros_msgs/environment/pythonpath.sh
[3.211s] -- Installing: /home/farhan-sw/Documents/Github/nebula/nebula-ws/install/micro_ros_msgs/share/micro_ros_msgs/environment/pythonpath.dsv
[3.212s] -- Installing: /home/farhan-sw/Documents/Github/nebula/nebula-ws/install/micro_ros_msgs/local/lib/python3.10/dist-packages/micro_ros_msgs-3.0.1-py3.10.egg-info
[3.212s] -- Installing: /home/farhan-sw/Documents/Github/nebula/nebula-ws/install/micro_ros_msgs/local/lib/python3.10/dist-packages/micro_ros_msgs-3.0.1-py3.10.egg-info/SOURCES.txt
[3.212s] -- Installing: /home/farhan-sw/Documents/Github/nebula/nebula-ws/install/micro_ros_msgs/local/lib/python3.10/dist-packages/micro_ros_msgs-3.0.1-py3.10.egg-info/top_level.txt
[3.212s] -- Installing: /home/farhan-sw/Documents/Github/nebula/nebula-ws/install/micro_ros_msgs/local/lib/python3.10/dist-packages/micro_ros_msgs-3.0.1-py3.10.egg-info/dependency_links.txt
[3.212s] -- Installing: /home/farhan-sw/Documents/Github/nebula/nebula-ws/install/micro_ros_msgs/local/lib/python3.10/dist-packages/micro_ros_msgs-3.0.1-py3.10.egg-info/PKG-INFO
[3.212s] -- Installing: /home/farhan-sw/Documents/Github/nebula/nebula-ws/install/micro_ros_msgs/local/lib/python3.10/dist-packages/micro_ros_msgs
[3.212s] -- Installing: /home/farhan-sw/Documents/Github/nebula/nebula-ws/install/micro_ros_msgs/local/lib/python3.10/dist-packages/micro_ros_msgs/__init__.py
[3.212s] -- Installing: /home/farhan-sw/Documents/Github/nebula/nebula-ws/install/micro_ros_msgs/local/lib/python3.10/dist-packages/micro_ros_msgs/micro_ros_msgs_s__rosidl_typesupport_c.cpython-310-x86_64-linux-gnu.so
[3.212s] -- Installing: /home/farhan-sw/Documents/Github/nebula/nebula-ws/install/micro_ros_msgs/local/lib/python3.10/dist-packages/micro_ros_msgs/micro_ros_msgs_s__rosidl_typesupport_fastrtps_c.cpython-310-x86_64-linux-gnu.so
[3.212s] -- Installing: /home/farhan-sw/Documents/Github/nebula/nebula-ws/install/micro_ros_msgs/local/lib/python3.10/dist-packages/micro_ros_msgs/_micro_ros_msgs_s.ep.rosidl_typesupport_fastrtps_c.c
[3.212s] -- Installing: /home/farhan-sw/Documents/Github/nebula/nebula-ws/install/micro_ros_msgs/local/lib/python3.10/dist-packages/micro_ros_msgs/_micro_ros_msgs_s.ep.rosidl_typesupport_c.c
[3.212s] -- Installing: /home/farhan-sw/Documents/Github/nebula/nebula-ws/install/micro_ros_msgs/local/lib/python3.10/dist-packages/micro_ros_msgs/libmicro_ros_msgs__rosidl_generator_py.so
[3.212s] -- Installing: /home/farhan-sw/Documents/Github/nebula/nebula-ws/install/micro_ros_msgs/local/lib/python3.10/dist-packages/micro_ros_msgs/msg
[3.212s] -- Installing: /home/farhan-sw/Documents/Github/nebula/nebula-ws/install/micro_ros_msgs/local/lib/python3.10/dist-packages/micro_ros_msgs/msg/__init__.py
[3.212s] -- Installing: /home/farhan-sw/Documents/Github/nebula/nebula-ws/install/micro_ros_msgs/local/lib/python3.10/dist-packages/micro_ros_msgs/msg/_node_s.c
[3.213s] -- Installing: /home/farhan-sw/Documents/Github/nebula/nebula-ws/install/micro_ros_msgs/local/lib/python3.10/dist-packages/micro_ros_msgs/msg/_graph.py
[3.213s] -- Installing: /home/farhan-sw/Documents/Github/nebula/nebula-ws/install/micro_ros_msgs/local/lib/python3.10/dist-packages/micro_ros_msgs/msg/_node.py
[3.213s] -- Installing: /home/farhan-sw/Documents/Github/nebula/nebula-ws/install/micro_ros_msgs/local/lib/python3.10/dist-packages/micro_ros_msgs/msg/_entity_s.c
[3.213s] -- Installing: /home/farhan-sw/Documents/Github/nebula/nebula-ws/install/micro_ros_msgs/local/lib/python3.10/dist-packages/micro_ros_msgs/msg/_graph_s.c
[3.213s] -- Installing: /home/farhan-sw/Documents/Github/nebula/nebula-ws/install/micro_ros_msgs/local/lib/python3.10/dist-packages/micro_ros_msgs/msg/_entity.py
[3.213s] -- Installing: /home/farhan-sw/Documents/Github/nebula/nebula-ws/install/micro_ros_msgs/local/lib/python3.10/dist-packages/micro_ros_msgs/_micro_ros_msgs_s.ep.rosidl_typesupport_introspection_c.c
[3.213s] -- Installing: /home/farhan-sw/Documents/Github/nebula/nebula-ws/install/micro_ros_msgs/local/lib/python3.10/dist-packages/micro_ros_msgs/micro_ros_msgs_s__rosidl_typesupport_introspection_c.cpython-310-x86_64-linux-gnu.so
[3.237s] Listing '/home/farhan-sw/Documents/Github/nebula/nebula-ws/install/micro_ros_msgs/local/lib/python3.10/dist-packages/micro_ros_msgs'...
[3.237s] Compiling '/home/farhan-sw/Documents/Github/nebula/nebula-ws/install/micro_ros_msgs/local/lib/python3.10/dist-packages/micro_ros_msgs/__init__.py'...
[3.237s] Listing '/home/farhan-sw/Documents/Github/nebula/nebula-ws/install/micro_ros_msgs/local/lib/python3.10/dist-packages/micro_ros_msgs/msg'...
[3.237s] Compiling '/home/farhan-sw/Documents/Github/nebula/nebula-ws/install/micro_ros_msgs/local/lib/python3.10/dist-packages/micro_ros_msgs/msg/__init__.py'...
[3.237s] Compiling '/home/farhan-sw/Documents/Github/nebula/nebula-ws/install/micro_ros_msgs/local/lib/python3.10/dist-packages/micro_ros_msgs/msg/_entity.py'...
[3.237s] Compiling '/home/farhan-sw/Documents/Github/nebula/nebula-ws/install/micro_ros_msgs/local/lib/python3.10/dist-packages/micro_ros_msgs/msg/_graph.py'...
[3.237s] Compiling '/home/farhan-sw/Documents/Github/nebula/nebula-ws/install/micro_ros_msgs/local/lib/python3.10/dist-packages/micro_ros_msgs/msg/_node.py'...
[3.240s] -- Installing: /home/farhan-sw/Documents/Github/nebula/nebula-ws/install/micro_ros_msgs/local/lib/python3.10/dist-packages/micro_ros_msgs/micro_ros_msgs_s__rosidl_typesupport_fastrtps_c.cpython-310-x86_64-linux-gnu.so
[3.240s] -- Set runtime path of "/home/farhan-sw/Documents/Github/nebula/nebula-ws/install/micro_ros_msgs/local/lib/python3.10/dist-packages/micro_ros_msgs/micro_ros_msgs_s__rosidl_typesupport_fastrtps_c.cpython-310-x86_64-linux-gnu.so" to ""
[3.240s] -- Installing: /home/farhan-sw/Documents/Github/nebula/nebula-ws/install/micro_ros_msgs/local/lib/python3.10/dist-packages/micro_ros_msgs/micro_ros_msgs_s__rosidl_typesupport_introspection_c.cpython-310-x86_64-linux-gnu.so
[3.240s] -- Set runtime path of "/home/farhan-sw/Documents/Github/nebula/nebula-ws/install/micro_ros_msgs/local/lib/python3.10/dist-packages/micro_ros_msgs/micro_ros_msgs_s__rosidl_typesupport_introspection_c.cpython-310-x86_64-linux-gnu.so" to ""
[3.241s] -- Installing: /home/farhan-sw/Documents/Github/nebula/nebula-ws/install/micro_ros_msgs/local/lib/python3.10/dist-packages/micro_ros_msgs/micro_ros_msgs_s__rosidl_typesupport_c.cpython-310-x86_64-linux-gnu.so
[3.241s] -- Set runtime path of "/home/farhan-sw/Documents/Github/nebula/nebula-ws/install/micro_ros_msgs/local/lib/python3.10/dist-packages/micro_ros_msgs/micro_ros_msgs_s__rosidl_typesupport_c.cpython-310-x86_64-linux-gnu.so" to ""
[3.241s] -- Installing: /home/farhan-sw/Documents/Github/nebula/nebula-ws/install/micro_ros_msgs/lib/libmicro_ros_msgs__rosidl_generator_py.so
[3.241s] -- Set runtime path of "/home/farhan-sw/Documents/Github/nebula/nebula-ws/install/micro_ros_msgs/lib/libmicro_ros_msgs__rosidl_generator_py.so" to ""
[3.241s] -- Installing: /home/farhan-sw/Documents/Github/nebula/nebula-ws/install/micro_ros_msgs/share/micro_ros_msgs/msg/Graph.idl
[3.242s] -- Installing: /home/farhan-sw/Documents/Github/nebula/nebula-ws/install/micro_ros_msgs/share/micro_ros_msgs/msg/Node.idl
[3.242s] -- Installing: /home/farhan-sw/Documents/Github/nebula/nebula-ws/install/micro_ros_msgs/share/micro_ros_msgs/msg/Entity.idl
[3.242s] -- Installing: /home/farhan-sw/Documents/Github/nebula/nebula-ws/install/micro_ros_msgs/share/micro_ros_msgs/msg/Graph.msg
[3.242s] -- Installing: /home/farhan-sw/Documents/Github/nebula/nebula-ws/install/micro_ros_msgs/share/micro_ros_msgs/msg/Node.msg
[3.242s] -- Installing: /home/farhan-sw/Documents/Github/nebula/nebula-ws/install/micro_ros_msgs/share/micro_ros_msgs/msg/Entity.msg
[3.242s] -- Installing: /home/farhan-sw/Documents/Github/nebula/nebula-ws/install/micro_ros_msgs/share/ament_index/resource_index/package_run_dependencies/micro_ros_msgs
[3.242s] -- Installing: /home/farhan-sw/Documents/Github/nebula/nebula-ws/install/micro_ros_msgs/share/ament_index/resource_index/parent_prefix_path/micro_ros_msgs
[3.242s] -- Installing: /home/farhan-sw/Documents/Github/nebula/nebula-ws/install/micro_ros_msgs/share/micro_ros_msgs/environment/ament_prefix_path.sh
[3.242s] -- Installing: /home/farhan-sw/Documents/Github/nebula/nebula-ws/install/micro_ros_msgs/share/micro_ros_msgs/environment/ament_prefix_path.dsv
[3.242s] -- Installing: /home/farhan-sw/Documents/Github/nebula/nebula-ws/install/micro_ros_msgs/share/micro_ros_msgs/environment/path.sh
[3.242s] -- Installing: /home/farhan-sw/Documents/Github/nebula/nebula-ws/install/micro_ros_msgs/share/micro_ros_msgs/environment/path.dsv
[3.242s] -- Installing: /home/farhan-sw/Documents/Github/nebula/nebula-ws/install/micro_ros_msgs/share/micro_ros_msgs/local_setup.bash
[3.242s] -- Installing: /home/farhan-sw/Documents/Github/nebula/nebula-ws/install/micro_ros_msgs/share/micro_ros_msgs/local_setup.sh
[3.242s] -- Installing: /home/farhan-sw/Documents/Github/nebula/nebula-ws/install/micro_ros_msgs/share/micro_ros_msgs/local_setup.zsh
[3.242s] -- Installing: /home/farhan-sw/Documents/Github/nebula/nebula-ws/install/micro_ros_msgs/share/micro_ros_msgs/local_setup.dsv
[3.242s] -- Installing: /home/farhan-sw/Documents/Github/nebula/nebula-ws/install/micro_ros_msgs/share/micro_ros_msgs/package.dsv
[3.243s] -- Installing: /home/farhan-sw/Documents/Github/nebula/nebula-ws/install/micro_ros_msgs/share/ament_index/resource_index/packages/micro_ros_msgs
[3.243s] -- Installing: /home/farhan-sw/Documents/Github/nebula/nebula-ws/install/micro_ros_msgs/share/micro_ros_msgs/cmake/export_micro_ros_msgs__rosidl_generator_cExport.cmake
[3.243s] -- Installing: /home/farhan-sw/Documents/Github/nebula/nebula-ws/install/micro_ros_msgs/share/micro_ros_msgs/cmake/export_micro_ros_msgs__rosidl_generator_cExport-noconfig.cmake
[3.243s] -- Installing: /home/farhan-sw/Documents/Github/nebula/nebula-ws/install/micro_ros_msgs/share/micro_ros_msgs/cmake/export_micro_ros_msgs__rosidl_typesupport_fastrtps_cExport.cmake
[3.243s] -- Installing: /home/farhan-sw/Documents/Github/nebula/nebula-ws/install/micro_ros_msgs/share/micro_ros_msgs/cmake/export_micro_ros_msgs__rosidl_typesupport_fastrtps_cExport-noconfig.cmake
[3.243s] -- Installing: /home/farhan-sw/Documents/Github/nebula/nebula-ws/install/micro_ros_msgs/share/micro_ros_msgs/cmake/micro_ros_msgs__rosidl_typesupport_introspection_cExport.cmake
[3.243s] -- Installing: /home/farhan-sw/Documents/Github/nebula/nebula-ws/install/micro_ros_msgs/share/micro_ros_msgs/cmake/micro_ros_msgs__rosidl_typesupport_introspection_cExport-noconfig.cmake
[3.243s] -- Installing: /home/farhan-sw/Documents/Github/nebula/nebula-ws/install/micro_ros_msgs/share/micro_ros_msgs/cmake/micro_ros_msgs__rosidl_typesupport_cExport.cmake
[3.243s] -- Installing: /home/farhan-sw/Documents/Github/nebula/nebula-ws/install/micro_ros_msgs/share/micro_ros_msgs/cmake/micro_ros_msgs__rosidl_typesupport_cExport-noconfig.cmake
[3.243s] -- Installing: /home/farhan-sw/Documents/Github/nebula/nebula-ws/install/micro_ros_msgs/share/micro_ros_msgs/cmake/export_micro_ros_msgs__rosidl_generator_cppExport.cmake
[3.243s] -- Installing: /home/farhan-sw/Documents/Github/nebula/nebula-ws/install/micro_ros_msgs/share/micro_ros_msgs/cmake/export_micro_ros_msgs__rosidl_typesupport_fastrtps_cppExport.cmake
[3.243s] -- Installing: /home/farhan-sw/Documents/Github/nebula/nebula-ws/install/micro_ros_msgs/share/micro_ros_msgs/cmake/export_micro_ros_msgs__rosidl_typesupport_fastrtps_cppExport-noconfig.cmake
[3.243s] -- Installing: /home/farhan-sw/Documents/Github/nebula/nebula-ws/install/micro_ros_msgs/share/micro_ros_msgs/cmake/micro_ros_msgs__rosidl_typesupport_introspection_cppExport.cmake
[3.244s] -- Installing: /home/farhan-sw/Documents/Github/nebula/nebula-ws/install/micro_ros_msgs/share/micro_ros_msgs/cmake/micro_ros_msgs__rosidl_typesupport_introspection_cppExport-noconfig.cmake
[3.244s] -- Installing: /home/farhan-sw/Documents/Github/nebula/nebula-ws/install/micro_ros_msgs/share/micro_ros_msgs/cmake/micro_ros_msgs__rosidl_typesupport_cppExport.cmake
[3.244s] -- Installing: /home/farhan-sw/Documents/Github/nebula/nebula-ws/install/micro_ros_msgs/share/micro_ros_msgs/cmake/micro_ros_msgs__rosidl_typesupport_cppExport-noconfig.cmake
[3.244s] -- Installing: /home/farhan-sw/Documents/Github/nebula/nebula-ws/install/micro_ros_msgs/share/micro_ros_msgs/cmake/export_micro_ros_msgs__rosidl_generator_pyExport.cmake
[3.244s] -- Installing: /home/farhan-sw/Documents/Github/nebula/nebula-ws/install/micro_ros_msgs/share/micro_ros_msgs/cmake/export_micro_ros_msgs__rosidl_generator_pyExport-noconfig.cmake
[3.244s] -- Installing: /home/farhan-sw/Documents/Github/nebula/nebula-ws/install/micro_ros_msgs/share/micro_ros_msgs/cmake/rosidl_cmake-extras.cmake
[3.244s] -- Installing: /home/farhan-sw/Documents/Github/nebula/nebula-ws/install/micro_ros_msgs/share/micro_ros_msgs/cmake/ament_cmake_export_include_directories-extras.cmake
[3.244s] -- Installing: /home/farhan-sw/Documents/Github/nebula/nebula-ws/install/micro_ros_msgs/share/micro_ros_msgs/cmake/ament_cmake_export_libraries-extras.cmake
[3.244s] -- Installing: /home/farhan-sw/Documents/Github/nebula/nebula-ws/install/micro_ros_msgs/share/micro_ros_msgs/cmake/ament_cmake_export_targets-extras.cmake
[3.244s] -- Installing: /home/farhan-sw/Documents/Github/nebula/nebula-ws/install/micro_ros_msgs/share/micro_ros_msgs/cmake/rosidl_cmake_export_typesupport_targets-extras.cmake
[3.244s] -- Installing: /home/farhan-sw/Documents/Github/nebula/nebula-ws/install/micro_ros_msgs/share/micro_ros_msgs/cmake/ament_cmake_export_dependencies-extras.cmake
[3.244s] -- Installing: /home/farhan-sw/Documents/Github/nebula/nebula-ws/install/micro_ros_msgs/share/micro_ros_msgs/cmake/rosidl_cmake_export_typesupport_libraries-extras.cmake
[3.245s] -- Installing: /home/farhan-sw/Documents/Github/nebula/nebula-ws/install/micro_ros_msgs/share/micro_ros_msgs/cmake/micro_ros_msgsConfig.cmake
[3.245s] -- Installing: /home/farhan-sw/Documents/Github/nebula/nebula-ws/install/micro_ros_msgs/share/micro_ros_msgs/cmake/micro_ros_msgsConfig-version.cmake
[3.245s] -- Installing: /home/farhan-sw/Documents/Github/nebula/nebula-ws/install/micro_ros_msgs/share/micro_ros_msgs/package.xml
[3.247s] Invoked command in '/home/farhan-sw/Documents/Github/nebula/nebula-ws/build/micro_ros_msgs' returned '0': CMAKE_PREFIX_PATH=${CMAKE_PREFIX_PATH}:/opt/ros/humble /usr/bin/cmake --install /home/farhan-sw/Documents/Github/nebula/nebula-ws/build/micro_ros_msgs
