[0.008s] Invoking command in '/home/farhan-sw/Documents/Github/nebula/nebula-ws/build/config': CMAKE_PREFIX_PATH=${CMAKE_PREFIX_PATH}:/opt/ros/humble /usr/bin/cmake /home/farhan-sw/Documents/Github/nebula/nebula-ws/src/config -DCMAKE_INSTALL_PREFIX=/home/farhan-sw/Documents/Github/nebula/nebula-ws/install/config
[0.041s] -- The C compiler identification is GNU 11.4.0
[0.077s] -- The CXX compiler identification is GNU 11.4.0
[0.082s] -- Detecting C compiler ABI info
[0.121s] -- Detecting C compiler ABI info - done
[0.126s] -- Check for working C compiler: /usr/bin/cc - skipped
[0.126s] -- Detecting C compile features
[0.126s] -- Detecting C compile features - done
[0.128s] -- Detecting CXX compiler ABI info
[0.193s] -- Detecting CXX compiler ABI info - done
[0.198s] -- Check for working CXX compiler: /usr/bin/c++ - skipped
[0.198s] -- Detecting CXX compile features
[0.198s] -- Detecting CXX compile features - done
[0.200s] -- Found ament_cmake: 1.3.9 (/opt/ros/humble/share/ament_cmake/cmake)
[0.295s] -- Found Python3: /usr/bin/python3 (found version "3.10.12") found components: Interpreter 
[0.381s] -- Configuring done
[0.382s] -- Generating done
[0.382s] -- Build files have been written to: /home/farhan-sw/Documents/Github/nebula/nebula-ws/build/config
[0.386s] Invoked command in '/home/farhan-sw/Documents/Github/nebula/nebula-ws/build/config' returned '0': CMAKE_PREFIX_PATH=${CMAKE_PREFIX_PATH}:/opt/ros/humble /usr/bin/cmake /home/farhan-sw/Documents/Github/nebula/nebula-ws/src/config -DCMAKE_INSTALL_PREFIX=/home/farhan-sw/Documents/Github/nebula/nebula-ws/install/config
[0.387s] Invoking command in '/home/farhan-sw/Documents/Github/nebula/nebula-ws/build/config': CMAKE_PREFIX_PATH=${CMAKE_PREFIX_PATH}:/opt/ros/humble /usr/bin/cmake --build /home/farhan-sw/Documents/Github/nebula/nebula-ws/build/config -- -j16 -l16
[0.409s] Invoked command in '/home/farhan-sw/Documents/Github/nebula/nebula-ws/build/config' returned '0': CMAKE_PREFIX_PATH=${CMAKE_PREFIX_PATH}:/opt/ros/humble /usr/bin/cmake --build /home/farhan-sw/Documents/Github/nebula/nebula-ws/build/config -- -j16 -l16
[0.430s] Invoking command in '/home/farhan-sw/Documents/Github/nebula/nebula-ws/build/config': CMAKE_PREFIX_PATH=${CMAKE_PREFIX_PATH}:/opt/ros/humble /usr/bin/cmake --install /home/farhan-sw/Documents/Github/nebula/nebula-ws/build/config
[0.436s] -- Install configuration: ""
[0.436s] [31mCMake Error at cmake_install.cmake:46 (file):
[0.436s]   file INSTALL cannot find
[0.436s]   "/home/farhan-sw/Documents/Github/nebula/nebula-ws/src/config/config,": No
[0.436s]   such file or directory.
[0.436s] 
[0.436s] [0m
[0.437s] Invoked command in '/home/farhan-sw/Documents/Github/nebula/nebula-ws/build/config' returned '1': CMAKE_PREFIX_PATH=${CMAKE_PREFIX_PATH}:/opt/ros/humble /usr/bin/cmake --install /home/farhan-sw/Documents/Github/nebula/nebula-ws/build/config
