[0.006s] Invoking command in '/home/farhan-sw/Documents/Github/nebula/nebula-ws/build/nebula_bringup': CMAKE_PREFIX_PATH=${CMAKE_PREFIX_PATH}:/opt/ros/humble /usr/bin/cmake --build /home/farhan-sw/Documents/Github/nebula/nebula-ws/build/nebula_bringup -- -j16 -l16
[0.020s] -- Found ament_cmake: 1.3.9 (/opt/ros/humble/share/ament_cmake/cmake)
[0.135s] -- Configuring done
[0.136s] -- Generating done
[0.137s] -- Build files have been written to: /home/farhan-sw/Documents/Github/nebula/nebula-ws/build/nebula_bringup
[0.150s] Invoked command in '/home/farhan-sw/Documents/Github/nebula/nebula-ws/build/nebula_bringup' returned '0': CMAKE_PREFIX_PATH=${CMAKE_PREFIX_PATH}:/opt/ros/humble /usr/bin/cmake --build /home/farhan-sw/Documents/Github/nebula/nebula-ws/build/nebula_bringup -- -j16 -l16
[0.177s] Invoking command in '/home/farhan-sw/Documents/Github/nebula/nebula-ws/build/nebula_bringup': CMAKE_PREFIX_PATH=${CMAKE_PREFIX_PATH}:/opt/ros/humble /usr/bin/cmake --install /home/farhan-sw/Documents/Github/nebula/nebula-ws/build/nebula_bringup
[0.185s] -- Install configuration: ""
[0.185s] -- Installing: /home/farhan-sw/Documents/Github/nebula/nebula-ws/install/nebula_bringup/share/nebula_bringup/launch
[0.185s] -- Installing: /home/farhan-sw/Documents/Github/nebula/nebula-ws/install/nebula_bringup/share/nebula_bringup/launch/joystick.launch.py
[0.185s] -- Installing: /home/farhan-sw/Documents/Github/nebula/nebula-ws/install/nebula_bringup/share/ament_index/resource_index/package_run_dependencies/nebula_bringup
[0.185s] -- Up-to-date: /home/farhan-sw/Documents/Github/nebula/nebula-ws/install/nebula_bringup/share/ament_index/resource_index/parent_prefix_path/nebula_bringup
[0.185s] -- Up-to-date: /home/farhan-sw/Documents/Github/nebula/nebula-ws/install/nebula_bringup/share/nebula_bringup/environment/ament_prefix_path.sh
[0.185s] -- Installing: /home/farhan-sw/Documents/Github/nebula/nebula-ws/install/nebula_bringup/share/nebula_bringup/environment/ament_prefix_path.dsv
[0.185s] -- Up-to-date: /home/farhan-sw/Documents/Github/nebula/nebula-ws/install/nebula_bringup/share/nebula_bringup/environment/path.sh
[0.185s] -- Installing: /home/farhan-sw/Documents/Github/nebula/nebula-ws/install/nebula_bringup/share/nebula_bringup/environment/path.dsv
[0.185s] -- Up-to-date: /home/farhan-sw/Documents/Github/nebula/nebula-ws/install/nebula_bringup/share/nebula_bringup/local_setup.bash
[0.185s] -- Up-to-date: /home/farhan-sw/Documents/Github/nebula/nebula-ws/install/nebula_bringup/share/nebula_bringup/local_setup.sh
[0.185s] -- Up-to-date: /home/farhan-sw/Documents/Github/nebula/nebula-ws/install/nebula_bringup/share/nebula_bringup/local_setup.zsh
[0.185s] -- Installing: /home/farhan-sw/Documents/Github/nebula/nebula-ws/install/nebula_bringup/share/nebula_bringup/local_setup.dsv
[0.185s] -- Installing: /home/farhan-sw/Documents/Github/nebula/nebula-ws/install/nebula_bringup/share/nebula_bringup/package.dsv
[0.185s] -- Up-to-date: /home/farhan-sw/Documents/Github/nebula/nebula-ws/install/nebula_bringup/share/ament_index/resource_index/packages/nebula_bringup
[0.185s] -- Up-to-date: /home/farhan-sw/Documents/Github/nebula/nebula-ws/install/nebula_bringup/share/nebula_bringup/cmake/nebula_bringupConfig.cmake
[0.185s] -- Up-to-date: /home/farhan-sw/Documents/Github/nebula/nebula-ws/install/nebula_bringup/share/nebula_bringup/cmake/nebula_bringupConfig-version.cmake
[0.185s] -- Installing: /home/farhan-sw/Documents/Github/nebula/nebula-ws/install/nebula_bringup/share/nebula_bringup/package.xml
[0.186s] Invoked command in '/home/farhan-sw/Documents/Github/nebula/nebula-ws/build/nebula_bringup' returned '0': CMAKE_PREFIX_PATH=${CMAKE_PREFIX_PATH}:/opt/ros/humble /usr/bin/cmake --install /home/farhan-sw/Documents/Github/nebula/nebula-ws/build/nebula_bringup
