[0.008s] Invoking command in '/home/farhan-sw/Documents/Github/nebula/nebula-ws/build/nebula_config': CMAKE_PREFIX_PATH=${CMAKE_PREFIX_PATH}:/opt/ros/humble /usr/bin/cmake --build /home/farhan-sw/Documents/Github/nebula/nebula-ws/build/nebula_config -- -j16 -l16
[0.029s] Invoked command in '/home/farhan-sw/Documents/Github/nebula/nebula-ws/build/nebula_config' returned '0': CMAKE_PREFIX_PATH=${CMAKE_PREFIX_PATH}:/opt/ros/humble /usr/bin/cmake --build /home/farhan-sw/Documents/Github/nebula/nebula-ws/build/nebula_config -- -j16 -l16
[0.047s] Invoking command in '/home/farhan-sw/Documents/Github/nebula/nebula-ws/build/nebula_config': CMAKE_PREFIX_PATH=${CMAKE_PREFIX_PATH}:/opt/ros/humble /usr/bin/cmake --install /home/farhan-sw/Documents/Github/nebula/nebula-ws/build/nebula_config
[0.051s] -- Install configuration: ""
[0.051s] -- Up-to-date: /home/farhan-sw/Documents/Github/nebula/nebula-ws/install/nebula_config/share/nebula_config/config
[0.051s] -- Up-to-date: /home/farhan-sw/Documents/Github/nebula/nebula-ws/install/nebula_config/share/nebula_config/config/joystik.yaml
[0.051s] -- Up-to-date: /home/farhan-sw/Documents/Github/nebula/nebula-ws/install/nebula_config/share/ament_index/resource_index/package_run_dependencies/nebula_config
[0.051s] -- Up-to-date: /home/farhan-sw/Documents/Github/nebula/nebula-ws/install/nebula_config/share/ament_index/resource_index/parent_prefix_path/nebula_config
[0.051s] -- Up-to-date: /home/farhan-sw/Documents/Github/nebula/nebula-ws/install/nebula_config/share/nebula_config/environment/ament_prefix_path.sh
[0.051s] -- Up-to-date: /home/farhan-sw/Documents/Github/nebula/nebula-ws/install/nebula_config/share/nebula_config/environment/ament_prefix_path.dsv
[0.051s] -- Up-to-date: /home/farhan-sw/Documents/Github/nebula/nebula-ws/install/nebula_config/share/nebula_config/environment/path.sh
[0.051s] -- Up-to-date: /home/farhan-sw/Documents/Github/nebula/nebula-ws/install/nebula_config/share/nebula_config/environment/path.dsv
[0.052s] -- Up-to-date: /home/farhan-sw/Documents/Github/nebula/nebula-ws/install/nebula_config/share/nebula_config/local_setup.bash
[0.052s] -- Up-to-date: /home/farhan-sw/Documents/Github/nebula/nebula-ws/install/nebula_config/share/nebula_config/local_setup.sh
[0.052s] -- Up-to-date: /home/farhan-sw/Documents/Github/nebula/nebula-ws/install/nebula_config/share/nebula_config/local_setup.zsh
[0.052s] -- Up-to-date: /home/farhan-sw/Documents/Github/nebula/nebula-ws/install/nebula_config/share/nebula_config/local_setup.dsv
[0.052s] -- Installing: /home/farhan-sw/Documents/Github/nebula/nebula-ws/install/nebula_config/share/nebula_config/package.dsv
[0.052s] -- Up-to-date: /home/farhan-sw/Documents/Github/nebula/nebula-ws/install/nebula_config/share/ament_index/resource_index/packages/nebula_config
[0.052s] -- Up-to-date: /home/farhan-sw/Documents/Github/nebula/nebula-ws/install/nebula_config/share/nebula_config/cmake/nebula_configConfig.cmake
[0.052s] -- Up-to-date: /home/farhan-sw/Documents/Github/nebula/nebula-ws/install/nebula_config/share/nebula_config/cmake/nebula_configConfig-version.cmake
[0.052s] -- Up-to-date: /home/farhan-sw/Documents/Github/nebula/nebula-ws/install/nebula_config/share/nebula_config/package.xml
[0.059s] Invoked command in '/home/farhan-sw/Documents/Github/nebula/nebula-ws/build/nebula_config' returned '0': CMAKE_PREFIX_PATH=${CMAKE_PREFIX_PATH}:/opt/ros/humble /usr/bin/cmake --install /home/farhan-sw/Documents/Github/nebula/nebula-ws/build/nebula_config
