[0.007s] Invoking command in '/home/farhan-sw/Documents/Github/nebula/nebula-ws/build/nebula_config': CMAKE_PREFIX_PATH=${CMAKE_PREFIX_PATH}:/opt/ros/humble /usr/bin/cmake /home/farhan-sw/Documents/Github/nebula/nebula-ws/src/nebula_config -DCMAKE_INSTALL_PREFIX=/home/farhan-sw/Documents/Github/nebula/nebula-ws/install/nebula_config
[0.038s] -- The C compiler identification is GNU 11.4.0
[0.072s] -- The CXX compiler identification is GNU 11.4.0
[0.075s] -- Detecting C compiler ABI info
[0.120s] -- Detecting C compiler ABI info - done
[0.131s] -- Check for working C compiler: /usr/bin/cc - skipped
[0.132s] -- Detecting C compile features
[0.132s] -- Detecting C compile features - done
[0.135s] -- Detecting CXX compiler ABI info
[0.207s] -- Detecting CXX compiler ABI info - done
[0.214s] -- Check for working CXX compiler: /usr/bin/c++ - skipped
[0.214s] -- Detecting CXX compile features
[0.215s] -- Detecting CXX compile features - done
[0.217s] -- Found ament_cmake: 1.3.9 (/opt/ros/humble/share/ament_cmake/cmake)
[0.307s] -- Found Python3: /usr/bin/python3 (found version "3.10.12") found components: Interpreter 
[0.394s] -- Configuring done
[0.396s] -- Generating done
[0.397s] -- Build files have been written to: /home/farhan-sw/Documents/Github/nebula/nebula-ws/build/nebula_config
[0.401s] Invoked command in '/home/farhan-sw/Documents/Github/nebula/nebula-ws/build/nebula_config' returned '0': CMAKE_PREFIX_PATH=${CMAKE_PREFIX_PATH}:/opt/ros/humble /usr/bin/cmake /home/farhan-sw/Documents/Github/nebula/nebula-ws/src/nebula_config -DCMAKE_INSTALL_PREFIX=/home/farhan-sw/Documents/Github/nebula/nebula-ws/install/nebula_config
[0.402s] Invoking command in '/home/farhan-sw/Documents/Github/nebula/nebula-ws/build/nebula_config': CMAKE_PREFIX_PATH=${CMAKE_PREFIX_PATH}:/opt/ros/humble /usr/bin/cmake --build /home/farhan-sw/Documents/Github/nebula/nebula-ws/build/nebula_config -- -j16 -l16
[0.422s] Invoked command in '/home/farhan-sw/Documents/Github/nebula/nebula-ws/build/nebula_config' returned '0': CMAKE_PREFIX_PATH=${CMAKE_PREFIX_PATH}:/opt/ros/humble /usr/bin/cmake --build /home/farhan-sw/Documents/Github/nebula/nebula-ws/build/nebula_config -- -j16 -l16
[0.437s] Invoking command in '/home/farhan-sw/Documents/Github/nebula/nebula-ws/build/nebula_config': CMAKE_PREFIX_PATH=${CMAKE_PREFIX_PATH}:/opt/ros/humble /usr/bin/cmake --install /home/farhan-sw/Documents/Github/nebula/nebula-ws/build/nebula_config
[0.442s] -- Install configuration: ""
[0.442s] -- Installing: /home/farhan-sw/Documents/Github/nebula/nebula-ws/install/nebula_config/share/nebula_config/config
[0.442s] -- Installing: /home/farhan-sw/Documents/Github/nebula/nebula-ws/install/nebula_config/share/nebula_config/config/joystik.yaml
[0.442s] -- Installing: /home/farhan-sw/Documents/Github/nebula/nebula-ws/install/nebula_config/share/ament_index/resource_index/package_run_dependencies/nebula_config
[0.442s] -- Installing: /home/farhan-sw/Documents/Github/nebula/nebula-ws/install/nebula_config/share/ament_index/resource_index/parent_prefix_path/nebula_config
[0.442s] -- Installing: /home/farhan-sw/Documents/Github/nebula/nebula-ws/install/nebula_config/share/nebula_config/environment/ament_prefix_path.sh
[0.442s] -- Installing: /home/farhan-sw/Documents/Github/nebula/nebula-ws/install/nebula_config/share/nebula_config/environment/ament_prefix_path.dsv
[0.442s] -- Installing: /home/farhan-sw/Documents/Github/nebula/nebula-ws/install/nebula_config/share/nebula_config/environment/path.sh
[0.442s] -- Installing: /home/farhan-sw/Documents/Github/nebula/nebula-ws/install/nebula_config/share/nebula_config/environment/path.dsv
[0.442s] -- Installing: /home/farhan-sw/Documents/Github/nebula/nebula-ws/install/nebula_config/share/nebula_config/local_setup.bash
[0.442s] -- Installing: /home/farhan-sw/Documents/Github/nebula/nebula-ws/install/nebula_config/share/nebula_config/local_setup.sh
[0.442s] -- Installing: /home/farhan-sw/Documents/Github/nebula/nebula-ws/install/nebula_config/share/nebula_config/local_setup.zsh
[0.442s] -- Installing: /home/farhan-sw/Documents/Github/nebula/nebula-ws/install/nebula_config/share/nebula_config/local_setup.dsv
[0.442s] -- Installing: /home/farhan-sw/Documents/Github/nebula/nebula-ws/install/nebula_config/share/nebula_config/package.dsv
[0.442s] -- Installing: /home/farhan-sw/Documents/Github/nebula/nebula-ws/install/nebula_config/share/ament_index/resource_index/packages/nebula_config
[0.443s] -- Installing: /home/farhan-sw/Documents/Github/nebula/nebula-ws/install/nebula_config/share/nebula_config/cmake/nebula_configConfig.cmake
[0.443s] -- Installing: /home/farhan-sw/Documents/Github/nebula/nebula-ws/install/nebula_config/share/nebula_config/cmake/nebula_configConfig-version.cmake
[0.443s] -- Installing: /home/farhan-sw/Documents/Github/nebula/nebula-ws/install/nebula_config/share/nebula_config/package.xml
[0.444s] Invoked command in '/home/farhan-sw/Documents/Github/nebula/nebula-ws/build/nebula_config' returned '0': CMAKE_PREFIX_PATH=${CMAKE_PREFIX_PATH}:/opt/ros/humble /usr/bin/cmake --install /home/farhan-sw/Documents/Github/nebula/nebula-ws/build/nebula_config
